Job started on gnx504.deucalion.macc.fccn.pt at Sun 14 Dec 17:40:10 WET 2025
Starting Extra Trees Training (Refined)...
====================================================
STARTING TRAINING PIPELINE (Model: et)
====================================================
  -> Loading data from ../data/train.csv and ../data/test.csv...
  -> Dropped 2229 rows with year < 2000
  -> Training Samples: 73744
  -> Test Samples:     32567
  -> Strategy: ShuffleSplit (Hold-Out, 20% Test)
  -> Search Iterations: 50
  -> Total Fits: 50 (n_iter=50 * n_splits=1)

====================================================
STEP 4: Hyperparameter Tuning
----------------------------------------------------
Fitting 1 folds for each of 50 candidates, totalling 50 fits
[CV 1/1; 1/50] START model__regressor__bootstrap=False, model__regressor__max_depth=50, model__regressor__max_features=0.9, model__regressor__min_samples_leaf=2, model__regressor__min_samples_split=8, model__regressor__n_estimators=1000
[CV 1/1; 3/50] START model__regressor__bootstrap=False, model__regressor__max_depth=None, model__regressor__max_features=0.9, model__regressor__min_samples_leaf=2, model__regressor__min_samples_split=5, model__regressor__n_estimators=800
[CV 1/1; 2/50] START model__regressor__bootstrap=False, model__regressor__max_depth=100, model__regressor__max_features=None, model__regressor__min_samples_leaf=2, model__regressor__min_samples_split=2, model__regressor__n_estimators=1000
[CV 1/1; 5/50] START model__regressor__bootstrap=False, model__regressor__max_depth=100, model__regressor__max_features=0.9, model__regressor__min_samples_leaf=2, model__regressor__min_samples_split=2, model__regressor__n_estimators=1000
[CV 1/1; 4/50] START model__regressor__bootstrap=False, model__regressor__max_depth=50, model__regressor__max_features=0.9, model__regressor__min_samples_leaf=2, model__regressor__min_samples_split=5, model__regressor__n_estimators=1200
[CV 1/1; 6/50] START model__regressor__bootstrap=False, model__regressor__max_depth=50, model__regressor__max_features=None, model__regressor__min_samples_leaf=1, model__regressor__min_samples_split=8, model__regressor__n_estimators=1000
[CV 1/1; 8/50] START model__regressor__bootstrap=False, model__regressor__max_depth=100, model__regressor__max_features=0.9, model__regressor__min_samples_leaf=1, model__regressor__min_samples_split=5, model__regressor__n_estimators=800
[CV 1/1; 7/50] START model__regressor__bootstrap=False, model__regressor__max_depth=50, model__regressor__max_features=0.9, model__regressor__min_samples_leaf=2, model__regressor__min_samples_split=8, model__regressor__n_estimators=1200
[CV 1/1; 17/50] START model__regressor__bootstrap=False, model__regressor__max_depth=50, model__regressor__max_features=None, model__regressor__min_samples_leaf=1, model__regressor__min_samples_split=5, model__regressor__n_estimators=1000
[CV 1/1; 18/50] START model__regressor__bootstrap=False, model__regressor__max_depth=None, model__regressor__max_features=None, model__regressor__min_samples_leaf=1, model__regressor__min_samples_split=8, model__regressor__n_estimators=800
[CV 1/1; 12/50] START model__regressor__bootstrap=False, model__regressor__max_depth=50, model__regressor__max_features=0.9, model__regressor__min_samples_leaf=1, model__regressor__min_samples_split=8, model__regressor__n_estimators=1000
[CV 1/1; 11/50] START model__regressor__bootstrap=False, model__regressor__max_depth=None, model__regressor__max_features=None, model__regressor__min_samples_leaf=1, model__regressor__min_samples_split=5, model__regressor__n_estimators=1200
[CV 1/1; 13/50] START model__regressor__bootstrap=False, model__regressor__max_depth=70, model__regressor__max_features=0.9, model__regressor__min_samples_leaf=2, model__regressor__min_samples_split=8, model__regressor__n_estimators=800
[CV 1/1; 9/50] START model__regressor__bootstrap=False, model__regressor__max_depth=70, model__regressor__max_features=None, model__regressor__min_samples_leaf=1, model__regressor__min_samples_split=5, model__regressor__n_estimators=1000
[CV 1/1; 15/50] START model__regressor__bootstrap=False, model__regressor__max_depth=50, model__regressor__max_features=0.8, model__regressor__min_samples_leaf=1, model__regressor__min_samples_split=8, model__regressor__n_estimators=800
[CV 1/1; 20/50] START model__regressor__bootstrap=False, model__regressor__max_depth=70, model__regressor__max_features=None, model__regressor__min_samples_leaf=1, model__regressor__min_samples_split=2, model__regressor__n_estimators=1500
[CV 1/1; 23/50] START model__regressor__bootstrap=False, model__regressor__max_depth=70, model__regressor__max_features=0.9, model__regressor__min_samples_leaf=2, model__regressor__min_samples_split=5, model__regressor__n_estimators=1000
[CV 1/1; 19/50] START model__regressor__bootstrap=False, model__regressor__max_depth=None, model__regressor__max_features=None, model__regressor__min_samples_leaf=2, model__regressor__min_samples_split=8, model__regressor__n_estimators=1000
[CV 1/1; 14/50] START model__regressor__bootstrap=False, model__regressor__max_depth=None, model__regressor__max_features=0.8, model__regressor__min_samples_leaf=2, model__regressor__min_samples_split=2, model__regressor__n_estimators=1500
[CV 1/1; 10/50] START model__regressor__bootstrap=False, model__regressor__max_depth=100, model__regressor__max_features=0.8, model__regressor__min_samples_leaf=1, model__regressor__min_samples_split=2, model__regressor__n_estimators=1500
[CV 1/1; 24/50] START model__regressor__bootstrap=False, model__regressor__max_depth=None, model__regressor__max_features=0.8, model__regressor__min_samples_leaf=2, model__regressor__min_samples_split=8, model__regressor__n_estimators=1200
[CV 1/1; 25/50] START model__regressor__bootstrap=False, model__regressor__max_depth=70, model__regressor__max_features=None, model__regressor__min_samples_leaf=1, model__regressor__min_samples_split=2, model__regressor__n_estimators=1000
[CV 1/1; 21/50] START model__regressor__bootstrap=False, model__regressor__max_depth=None, model__regressor__max_features=0.8, model__regressor__min_samples_leaf=1, model__regressor__min_samples_split=2, model__regressor__n_estimators=1500
[CV 1/1; 16/50] START model__regressor__bootstrap=False, model__regressor__max_depth=None, model__regressor__max_features=None, model__regressor__min_samples_leaf=1, model__regressor__min_samples_split=2, model__regressor__n_estimators=800
[CV 1/1; 28/50] START model__regressor__bootstrap=False, model__regressor__max_depth=100, model__regressor__max_features=None, model__regressor__min_samples_leaf=1, model__regressor__min_samples_split=2, model__regressor__n_estimators=1500
[CV 1/1; 26/50] START model__regressor__bootstrap=False, model__regressor__max_depth=None, model__regressor__max_features=0.9, model__regressor__min_samples_leaf=1, model__regressor__min_samples_split=8, model__regressor__n_estimators=1200
[CV 1/1; 29/50] START model__regressor__bootstrap=False, model__regressor__max_depth=70, model__regressor__max_features=0.9, model__regressor__min_samples_leaf=2, model__regressor__min_samples_split=2, model__regressor__n_estimators=1500
[CV 1/1; 22/50] START model__regressor__bootstrap=False, model__regressor__max_depth=70, model__regressor__max_features=None, model__regressor__min_samples_leaf=2, model__regressor__min_samples_split=2, model__regressor__n_estimators=800
[CV 1/1; 27/50] START model__regressor__bootstrap=False, model__regressor__max_depth=70, model__regressor__max_features=0.8, model__regressor__min_samples_leaf=2, model__regressor__min_samples_split=8, model__regressor__n_estimators=800
[CV 1/1; 31/50] START model__regressor__bootstrap=False, model__regressor__max_depth=70, model__regressor__max_features=0.9, model__regressor__min_samples_leaf=1, model__regressor__min_samples_split=5, model__regressor__n_estimators=1000
[CV 1/1; 30/50] START model__regressor__bootstrap=False, model__regressor__max_depth=50, model__regressor__max_features=0.8, model__regressor__min_samples_leaf=2, model__regressor__min_samples_split=2, model__regressor__n_estimators=800
[CV 1/1; 32/50] START model__regressor__bootstrap=False, model__regressor__max_depth=100, model__regressor__max_features=0.9, model__regressor__min_samples_leaf=2, model__regressor__min_samples_split=5, model__regressor__n_estimators=1000
[CV 1/1; 34/50] START model__regressor__bootstrap=False, model__regressor__max_depth=None, model__regressor__max_features=None, model__regressor__min_samples_leaf=2, model__regressor__min_samples_split=8, model__regressor__n_estimators=800
[CV 1/1; 35/50] START model__regressor__bootstrap=False, model__regressor__max_depth=100, model__regressor__max_features=0.9, model__regressor__min_samples_leaf=2, model__regressor__min_samples_split=2, model__regressor__n_estimators=1500
[CV 1/1; 36/50] START model__regressor__bootstrap=False, model__regressor__max_depth=100, model__regressor__max_features=0.9, model__regressor__min_samples_leaf=1, model__regressor__min_samples_split=2, model__regressor__n_estimators=800
[CV 1/1; 33/50] START model__regressor__bootstrap=False, model__regressor__max_depth=100, model__regressor__max_features=None, model__regressor__min_samples_leaf=1, model__regressor__min_samples_split=8, model__regressor__n_estimators=1200
[CV 1/1; 38/50] START model__regressor__bootstrap=False, model__regressor__max_depth=70, model__regressor__max_features=0.8, model__regressor__min_samples_leaf=2, model__regressor__min_samples_split=8, model__regressor__n_estimators=1500
[CV 1/1; 40/50] START model__regressor__bootstrap=False, model__regressor__max_depth=70, model__regressor__max_features=0.9, model__regressor__min_samples_leaf=2, model__regressor__min_samples_split=8, model__regressor__n_estimators=1000
[CV 1/1; 37/50] START model__regressor__bootstrap=False, model__regressor__max_depth=None, model__regressor__max_features=None, model__regressor__min_samples_leaf=2, model__regressor__min_samples_split=2, model__regressor__n_estimators=1500
[CV 1/1; 39/50] START model__regressor__bootstrap=False, model__regressor__max_depth=100, model__regressor__max_features=0.8, model__regressor__min_samples_leaf=1, model__regressor__min_samples_split=8, model__regressor__n_estimators=1200
[CV 1/1; 43/50] START model__regressor__bootstrap=False, model__regressor__max_depth=100, model__regressor__max_features=None, model__regressor__min_samples_leaf=1, model__regressor__min_samples_split=8, model__regressor__n_estimators=1500
[CV 1/1; 42/50] START model__regressor__bootstrap=False, model__regressor__max_depth=None, model__regressor__max_features=0.9, model__regressor__min_samples_leaf=2, model__regressor__min_samples_split=2, model__regressor__n_estimators=1200
[CV 1/1; 41/50] START model__regressor__bootstrap=False, model__regressor__max_depth=100, model__regressor__max_features=None, model__regressor__min_samples_leaf=2, model__regressor__min_samples_split=8, model__regressor__n_estimators=1000
[CV 1/1; 47/50] START model__regressor__bootstrap=False, model__regressor__max_depth=50, model__regressor__max_features=0.9, model__regressor__min_samples_leaf=1, model__regressor__min_samples_split=2, model__regressor__n_estimators=800
[CV 1/1; 49/50] START model__regressor__bootstrap=False, model__regressor__max_depth=100, model__regressor__max_features=None, model__regressor__min_samples_leaf=1, model__regressor__min_samples_split=2, model__regressor__n_estimators=800
[CV 1/1; 44/50] START model__regressor__bootstrap=False, model__regressor__max_depth=70, model__regressor__max_features=0.8, model__regressor__min_samples_leaf=2, model__regressor__min_samples_split=2, model__regressor__n_estimators=800
[CV 1/1; 45/50] START model__regressor__bootstrap=False, model__regressor__max_depth=50, model__regressor__max_features=0.9, model__regressor__min_samples_leaf=1, model__regressor__min_samples_split=5, model__regressor__n_estimators=1200
[CV 1/1; 48/50] START model__regressor__bootstrap=False, model__regressor__max_depth=100, model__regressor__max_features=None, model__regressor__min_samples_leaf=2, model__regressor__min_samples_split=2, model__regressor__n_estimators=1200
[CV 1/1; 50/50] START model__regressor__bootstrap=False, model__regressor__max_depth=100, model__regressor__max_features=None, model__regressor__min_samples_leaf=2, model__regressor__min_samples_split=8, model__regressor__n_estimators=1500
[CV 1/1; 46/50] START model__regressor__bootstrap=False, model__regressor__max_depth=50, model__regressor__max_features=None, model__regressor__min_samples_leaf=2, model__regressor__min_samples_split=8, model__regressor__n_estimators=1200
Job finished at Sun 14 Dec 17:53:08 WET 2025
