Traceback (most recent call last):
  File "/projects/F202500002HPCVLABISTUL/Mehmet1700/MachineLearningProject-NOVAIMS2025/Tree-HPC/main.py", line 255, in <module>
    save_best_model(best_model, dest)
^^^^^^^^^^^^^^^^^^^^^^^^^^^^^^^^^^^^^
  File "/projects/F202500002HPCVLABISTUL/Mehmet1700/MachineLearningProject-NOVAIMS2025/Tree-HPC/main.py", line 178, in run_training
    
  File "/projects/F202500002HPCVLABISTUL/Mehmet1700/MachineLearningProject-NOVAIMS2025/Tree-HPC/.venv/lib/python3.11/site-packages/sklearn/base.py", line 1365, in wrapper
    return fit_method(estimator, *args, **kwargs)
           ^^^^^^^^^^^^^^^^^^^^^^^^^^^^^^^^^^^^^^
  File "/projects/F202500002HPCVLABISTUL/Mehmet1700/MachineLearningProject-NOVAIMS2025/Tree-HPC/.venv/lib/python3.11/site-packages/sklearn/model_selection/_search.py", line 1051, in fit
    self._run_search(evaluate_candidates)
  File "/projects/F202500002HPCVLABISTUL/Mehmet1700/MachineLearningProject-NOVAIMS2025/Tree-HPC/.venv/lib/python3.11/site-packages/sklearn/model_selection/_search.py", line 1992, in _run_search
    evaluate_candidates(
  File "/projects/F202500002HPCVLABISTUL/Mehmet1700/MachineLearningProject-NOVAIMS2025/Tree-HPC/.venv/lib/python3.11/site-packages/sklearn/model_selection/_search.py", line 997, in evaluate_candidates
    out = parallel(
          ^^^^^^^^^
  File "/projects/F202500002HPCVLABISTUL/Mehmet1700/MachineLearningProject-NOVAIMS2025/Tree-HPC/.venv/lib/python3.11/site-packages/sklearn/utils/parallel.py", line 82, in __call__
    return super().__call__(iterable_with_config_and_warning_filters)
           ^^^^^^^^^^^^^^^^^^^^^^^^^^^^^^^^^^^^^^^^^^^^^^^^^^^^^^^^^^
  File "/projects/F202500002HPCVLABISTUL/Mehmet1700/MachineLearningProject-NOVAIMS2025/Tree-HPC/.venv/lib/python3.11/site-packages/joblib/parallel.py", line 2072, in __call__
    return output if self.return_generator else list(output)
                                                ^^^^^^^^^^^^
  File "/projects/F202500002HPCVLABISTUL/Mehmet1700/MachineLearningProject-NOVAIMS2025/Tree-HPC/.venv/lib/python3.11/site-packages/joblib/parallel.py", line 1682, in _get_outputs
    yield from self._retrieve()
  File "/projects/F202500002HPCVLABISTUL/Mehmet1700/MachineLearningProject-NOVAIMS2025/Tree-HPC/.venv/lib/python3.11/site-packages/joblib/parallel.py", line 1784, in _retrieve
    self._raise_error_fast()
  File "/projects/F202500002HPCVLABISTUL/Mehmet1700/MachineLearningProject-NOVAIMS2025/Tree-HPC/.venv/lib/python3.11/site-packages/joblib/parallel.py", line 1859, in _raise_error_fast
    error_job.get_result(self.timeout)
  File "/projects/F202500002HPCVLABISTUL/Mehmet1700/MachineLearningProject-NOVAIMS2025/Tree-HPC/.venv/lib/python3.11/site-packages/joblib/parallel.py", line 758, in get_result
    return self._return_or_raise()
           ^^^^^^^^^^^^^^^^^^^^^^^
  File "/projects/F202500002HPCVLABISTUL/Mehmet1700/MachineLearningProject-NOVAIMS2025/Tree-HPC/.venv/lib/python3.11/site-packages/joblib/parallel.py", line 773, in _return_or_raise
    raise self._result
joblib.externals.loky.process_executor.TerminatedWorkerError: A worker process managed by the executor was unexpectedly terminated. This could be caused by a segmentation fault while calling the function or by an excessive memory usage causing the Operating System to kill the worker.

The exit codes of the workers are {SIGKILL(-9)}
Detailed tracebacks of the workers should have been printed to stderr in the executor process if faulthandler was not disabled.
/projects/F202500002HPCVLABISTUL/Mehmet1700/MachineLearningProject-NOVAIMS2025/Tree-HPC/.venv/lib/python3.11/site-packages/joblib/externals/loky/backend/resource_tracker.py:359: UserWarning: resource_tracker: There appear to be 100 leaked semlock objects to clean up at shutdown
  warnings.warn(
slurmstepd: error: Detected 1 oom_kill event in StepId=771791.batch. Some of the step tasks have been OOM Killed.
