Job started on gnx504.deucalion.macc.fccn.pt at Sun 14 Dec 22:29:20 WET 2025
Starting Random Forest...
====================================================
STARTING TRAINING PIPELINE (Model: rf)
====================================================
  -> Loading data from ../data/train.csv and ../data/test.csv...
  -> Dropped 2229 rows with year < 2000
  -> Training Samples: 73744
  -> Test Samples:     32567
  -> Strategy: ShuffleSplit (Hold-Out, 20% Test)
  -> Search Iterations: 10
  -> Total Fits: 10 (n_iter=10 * n_splits=1)

====================================================
STEP 4: Hyperparameter Tuning
----------------------------------------------------
Fitting 1 folds for each of 10 candidates, totalling 10 fits
[CV 1/1; 1/10] START model__regressor__bootstrap=False, model__regressor__max_depth=20, model__regressor__max_features=None, model__regressor__min_samples_leaf=4, model__regressor__min_samples_split=10, model__regressor__n_estimators=100
[CV 1/1; 2/10] START model__regressor__bootstrap=False, model__regressor__max_depth=50, model__regressor__max_features=None, model__regressor__min_samples_leaf=1, model__regressor__min_samples_split=2, model__regressor__n_estimators=100
[CV 1/1; 3/10] START model__regressor__bootstrap=True, model__regressor__max_depth=10, model__regressor__max_features=sqrt, model__regressor__min_samples_leaf=2, model__regressor__min_samples_split=2, model__regressor__n_estimators=300
[CV 1/1; 6/10] START model__regressor__bootstrap=True, model__regressor__max_depth=None, model__regressor__max_features=None, model__regressor__min_samples_leaf=2, model__regressor__min_samples_split=2, model__regressor__n_estimators=800
[CV 1/1; 4/10] START model__regressor__bootstrap=True, model__regressor__max_depth=50, model__regressor__max_features=sqrt, model__regressor__min_samples_leaf=4, model__regressor__min_samples_split=10, model__regressor__n_estimators=500
[CV 1/1; 5/10] START model__regressor__bootstrap=True, model__regressor__max_depth=30, model__regressor__max_features=sqrt, model__regressor__min_samples_leaf=1, model__regressor__min_samples_split=5, model__regressor__n_estimators=500
[CV 1/1; 7/10] START model__regressor__bootstrap=False, model__regressor__max_depth=30, model__regressor__max_features=sqrt, model__regressor__min_samples_leaf=1, model__regressor__min_samples_split=5, model__regressor__n_estimators=800
[CV 1/1; 9/10] START model__regressor__bootstrap=False, model__regressor__max_depth=20, model__regressor__max_features=sqrt, model__regressor__min_samples_leaf=2, model__regressor__min_samples_split=2, model__regressor__n_estimators=300
[CV 1/1; 8/10] START model__regressor__bootstrap=True, model__regressor__max_depth=10, model__regressor__max_features=sqrt, model__regressor__min_samples_leaf=2, model__regressor__min_samples_split=10, model__regressor__n_estimators=500
[CV 1/1; 10/10] START model__regressor__bootstrap=True, model__regressor__max_depth=30, model__regressor__max_features=sqrt, model__regressor__min_samples_leaf=2, model__regressor__min_samples_split=5, model__regressor__n_estimators=800
[CV 1/1; 3/10] END model__regressor__bootstrap=True, model__regressor__max_depth=10, model__regressor__max_features=sqrt, model__regressor__min_samples_leaf=2, model__regressor__min_samples_split=2, model__regressor__n_estimators=300;, score=-3017.161 total time=  13.4s
[CV 1/1; 8/10] END model__regressor__bootstrap=True, model__regressor__max_depth=10, model__regressor__max_features=sqrt, model__regressor__min_samples_leaf=2, model__regressor__min_samples_split=10, model__regressor__n_estimators=500;, score=-3032.142 total time=  20.8s
[CV 1/1; 9/10] END model__regressor__bootstrap=False, model__regressor__max_depth=20, model__regressor__max_features=sqrt, model__regressor__min_samples_leaf=2, model__regressor__min_samples_split=2, model__regressor__n_estimators=300;, score=-1920.303 total time= 1.3min
[CV 1/1; 4/10] END model__regressor__bootstrap=True, model__regressor__max_depth=50, model__regressor__max_features=sqrt, model__regressor__min_samples_leaf=4, model__regressor__min_samples_split=10, model__regressor__n_estimators=500;, score=-1909.923 total time= 1.5min
[CV 1/1; 1/10] END model__regressor__bootstrap=False, model__regressor__max_depth=20, model__regressor__max_features=None, model__regressor__min_samples_leaf=4, model__regressor__min_samples_split=10, model__regressor__n_estimators=100;, score=-1627.906 total time= 2.8min
[CV 1/1; 10/10] END model__regressor__bootstrap=True, model__regressor__max_depth=30, model__regressor__max_features=sqrt, model__regressor__min_samples_leaf=2, model__regressor__min_samples_split=5, model__regressor__n_estimators=800;, score=-1695.360 total time= 3.9min
[CV 1/1; 5/10] END model__regressor__bootstrap=True, model__regressor__max_depth=30, model__regressor__max_features=sqrt, model__regressor__min_samples_leaf=1, model__regressor__min_samples_split=5, model__regressor__n_estimators=500;, score=-1411.556 total time= 4.0min
