Job started on gnx504.deucalion.macc.fccn.pt at Sun 14 Dec 17:42:48 WET 2025
Starting Extra Trees Training (Refined)...
====================================================
STARTING TRAINING PIPELINE (Model: et)
====================================================
  -> Loading data from ../data/train.csv and ../data/test.csv...
  -> Dropped 2229 rows with year < 2000
  -> Training Samples: 73744
  -> Test Samples:     32567
  -> Strategy: KFold (k=5)
  -> Search Iterations: 50
  -> Total Fits: 250 (n_iter=50 * n_splits=5)

====================================================
STEP 4: Hyperparameter Tuning
----------------------------------------------------
Fitting 5 folds for each of 50 candidates, totalling 250 fits
[CV 1/5; 1/50] START model__regressor__bootstrap=False, model__regressor__max_depth=50, model__regressor__max_features=0.9, model__regressor__min_samples_leaf=2, model__regressor__min_samples_split=8, model__regressor__n_estimators=1000
[CV 4/5; 1/50] START model__regressor__bootstrap=False, model__regressor__max_depth=50, model__regressor__max_features=0.9, model__regressor__min_samples_leaf=2, model__regressor__min_samples_split=8, model__regressor__n_estimators=1000
[CV 1/5; 2/50] START model__regressor__bootstrap=False, model__regressor__max_depth=100, model__regressor__max_features=None, model__regressor__min_samples_leaf=2, model__regressor__min_samples_split=2, model__regressor__n_estimators=1000
[CV 5/5; 1/50] START model__regressor__bootstrap=False, model__regressor__max_depth=50, model__regressor__max_features=0.9, model__regressor__min_samples_leaf=2, model__regressor__min_samples_split=8, model__regressor__n_estimators=1000
[CV 3/5; 2/50] START model__regressor__bootstrap=False, model__regressor__max_depth=100, model__regressor__max_features=None, model__regressor__min_samples_leaf=2, model__regressor__min_samples_split=2, model__regressor__n_estimators=1000
[CV 5/5; 2/50] START model__regressor__bootstrap=False, model__regressor__max_depth=100, model__regressor__max_features=None, model__regressor__min_samples_leaf=2, model__regressor__min_samples_split=2, model__regressor__n_estimators=1000
[CV 2/5; 2/50] START model__regressor__bootstrap=False, model__regressor__max_depth=100, model__regressor__max_features=None, model__regressor__min_samples_leaf=2, model__regressor__min_samples_split=2, model__regressor__n_estimators=1000
[CV 2/5; 1/50] START model__regressor__bootstrap=False, model__regressor__max_depth=50, model__regressor__max_features=0.9, model__regressor__min_samples_leaf=2, model__regressor__min_samples_split=8, model__regressor__n_estimators=1000
[CV 2/5; 3/50] START model__regressor__bootstrap=False, model__regressor__max_depth=None, model__regressor__max_features=0.9, model__regressor__min_samples_leaf=2, model__regressor__min_samples_split=5, model__regressor__n_estimators=800
[CV 3/5; 1/50] START model__regressor__bootstrap=False, model__regressor__max_depth=50, model__regressor__max_features=0.9, model__regressor__min_samples_leaf=2, model__regressor__min_samples_split=8, model__regressor__n_estimators=1000
[CV 1/5; 3/50] START model__regressor__bootstrap=False, model__regressor__max_depth=None, model__regressor__max_features=0.9, model__regressor__min_samples_leaf=2, model__regressor__min_samples_split=5, model__regressor__n_estimators=800
[CV 4/5; 2/50] START model__regressor__bootstrap=False, model__regressor__max_depth=100, model__regressor__max_features=None, model__regressor__min_samples_leaf=2, model__regressor__min_samples_split=2, model__regressor__n_estimators=1000
[CV 3/5; 3/50] START model__regressor__bootstrap=False, model__regressor__max_depth=None, model__regressor__max_features=0.9, model__regressor__min_samples_leaf=2, model__regressor__min_samples_split=5, model__regressor__n_estimators=800
[CV 2/5; 4/50] START model__regressor__bootstrap=False, model__regressor__max_depth=50, model__regressor__max_features=0.9, model__regressor__min_samples_leaf=2, model__regressor__min_samples_split=5, model__regressor__n_estimators=1200
[CV 4/5; 3/50] START model__regressor__bootstrap=False, model__regressor__max_depth=None, model__regressor__max_features=0.9, model__regressor__min_samples_leaf=2, model__regressor__min_samples_split=5, model__regressor__n_estimators=800
[CV 5/5; 3/50] START model__regressor__bootstrap=False, model__regressor__max_depth=None, model__regressor__max_features=0.9, model__regressor__min_samples_leaf=2, model__regressor__min_samples_split=5, model__regressor__n_estimators=800
[CV 1/5; 4/50] START model__regressor__bootstrap=False, model__regressor__max_depth=50, model__regressor__max_features=0.9, model__regressor__min_samples_leaf=2, model__regressor__min_samples_split=5, model__regressor__n_estimators=1200
[CV 4/5; 4/50] START model__regressor__bootstrap=False, model__regressor__max_depth=50, model__regressor__max_features=0.9, model__regressor__min_samples_leaf=2, model__regressor__min_samples_split=5, model__regressor__n_estimators=1200
[CV 3/5; 4/50] START model__regressor__bootstrap=False, model__regressor__max_depth=50, model__regressor__max_features=0.9, model__regressor__min_samples_leaf=2, model__regressor__min_samples_split=5, model__regressor__n_estimators=1200
[CV 5/5; 4/50] START model__regressor__bootstrap=False, model__regressor__max_depth=50, model__regressor__max_features=0.9, model__regressor__min_samples_leaf=2, model__regressor__min_samples_split=5, model__regressor__n_estimators=1200
[CV 1/5; 5/50] START model__regressor__bootstrap=False, model__regressor__max_depth=100, model__regressor__max_features=0.9, model__regressor__min_samples_leaf=2, model__regressor__min_samples_split=2, model__regressor__n_estimators=1000
[CV 2/5; 5/50] START model__regressor__bootstrap=False, model__regressor__max_depth=100, model__regressor__max_features=0.9, model__regressor__min_samples_leaf=2, model__regressor__min_samples_split=2, model__regressor__n_estimators=1000
[CV 1/5; 6/50] START model__regressor__bootstrap=False, model__regressor__max_depth=50, model__regressor__max_features=None, model__regressor__min_samples_leaf=1, model__regressor__min_samples_split=8, model__regressor__n_estimators=1000
[CV 3/5; 5/50] START model__regressor__bootstrap=False, model__regressor__max_depth=100, model__regressor__max_features=0.9, model__regressor__min_samples_leaf=2, model__regressor__min_samples_split=2, model__regressor__n_estimators=1000
[CV 4/5; 5/50] START model__regressor__bootstrap=False, model__regressor__max_depth=100, model__regressor__max_features=0.9, model__regressor__min_samples_leaf=2, model__regressor__min_samples_split=2, model__regressor__n_estimators=1000
[CV 5/5; 5/50] START model__regressor__bootstrap=False, model__regressor__max_depth=100, model__regressor__max_features=0.9, model__regressor__min_samples_leaf=2, model__regressor__min_samples_split=2, model__regressor__n_estimators=1000
[CV 5/5; 6/50] START model__regressor__bootstrap=False, model__regressor__max_depth=50, model__regressor__max_features=None, model__regressor__min_samples_leaf=1, model__regressor__min_samples_split=8, model__regressor__n_estimators=1000
[CV 3/5; 6/50] START model__regressor__bootstrap=False, model__regressor__max_depth=50, model__regressor__max_features=None, model__regressor__min_samples_leaf=1, model__regressor__min_samples_split=8, model__regressor__n_estimators=1000
[CV 2/5; 6/50] START model__regressor__bootstrap=False, model__regressor__max_depth=50, model__regressor__max_features=None, model__regressor__min_samples_leaf=1, model__regressor__min_samples_split=8, model__regressor__n_estimators=1000
[CV 1/5; 7/50] START model__regressor__bootstrap=False, model__regressor__max_depth=50, model__regressor__max_features=0.9, model__regressor__min_samples_leaf=2, model__regressor__min_samples_split=8, model__regressor__n_estimators=1200
[CV 4/5; 6/50] START model__regressor__bootstrap=False, model__regressor__max_depth=50, model__regressor__max_features=None, model__regressor__min_samples_leaf=1, model__regressor__min_samples_split=8, model__regressor__n_estimators=1000
[CV 5/5; 9/50] START model__regressor__bootstrap=False, model__regressor__max_depth=70, model__regressor__max_features=None, model__regressor__min_samples_leaf=1, model__regressor__min_samples_split=5, model__regressor__n_estimators=1000
[CV 4/5; 7/50] START model__regressor__bootstrap=False, model__regressor__max_depth=50, model__regressor__max_features=0.9, model__regressor__min_samples_leaf=2, model__regressor__min_samples_split=8, model__regressor__n_estimators=1200
[CV 2/5; 7/50] START model__regressor__bootstrap=False, model__regressor__max_depth=50, model__regressor__max_features=0.9, model__regressor__min_samples_leaf=2, model__regressor__min_samples_split=8, model__regressor__n_estimators=1200
[CV 3/5; 7/50] START model__regressor__bootstrap=False, model__regressor__max_depth=50, model__regressor__max_features=0.9, model__regressor__min_samples_leaf=2, model__regressor__min_samples_split=8, model__regressor__n_estimators=1200
[CV 5/5; 7/50] START model__regressor__bootstrap=False, model__regressor__max_depth=50, model__regressor__max_features=0.9, model__regressor__min_samples_leaf=2, model__regressor__min_samples_split=8, model__regressor__n_estimators=1200
[CV 3/5; 8/50] START model__regressor__bootstrap=False, model__regressor__max_depth=100, model__regressor__max_features=0.9, model__regressor__min_samples_leaf=1, model__regressor__min_samples_split=5, model__regressor__n_estimators=800
[CV 1/5; 8/50] START model__regressor__bootstrap=False, model__regressor__max_depth=100, model__regressor__max_features=0.9, model__regressor__min_samples_leaf=1, model__regressor__min_samples_split=5, model__regressor__n_estimators=800
[CV 1/5; 9/50] START model__regressor__bootstrap=False, model__regressor__max_depth=70, model__regressor__max_features=None, model__regressor__min_samples_leaf=1, model__regressor__min_samples_split=5, model__regressor__n_estimators=1000
[CV 3/5; 9/50] START model__regressor__bootstrap=False, model__regressor__max_depth=70, model__regressor__max_features=None, model__regressor__min_samples_leaf=1, model__regressor__min_samples_split=5, model__regressor__n_estimators=1000
[CV 3/5; 10/50] START model__regressor__bootstrap=False, model__regressor__max_depth=100, model__regressor__max_features=0.8, model__regressor__min_samples_leaf=1, model__regressor__min_samples_split=2, model__regressor__n_estimators=1500
[CV 2/5; 8/50] START model__regressor__bootstrap=False, model__regressor__max_depth=100, model__regressor__max_features=0.9, model__regressor__min_samples_leaf=1, model__regressor__min_samples_split=5, model__regressor__n_estimators=800
[CV 2/5; 9/50] START model__regressor__bootstrap=False, model__regressor__max_depth=70, model__regressor__max_features=None, model__regressor__min_samples_leaf=1, model__regressor__min_samples_split=5, model__regressor__n_estimators=1000
[CV 4/5; 10/50] START model__regressor__bootstrap=False, model__regressor__max_depth=100, model__regressor__max_features=0.8, model__regressor__min_samples_leaf=1, model__regressor__min_samples_split=2, model__regressor__n_estimators=1500
[CV 4/5; 9/50] START model__regressor__bootstrap=False, model__regressor__max_depth=70, model__regressor__max_features=None, model__regressor__min_samples_leaf=1, model__regressor__min_samples_split=5, model__regressor__n_estimators=1000
[CV 4/5; 8/50] START model__regressor__bootstrap=False, model__regressor__max_depth=100, model__regressor__max_features=0.9, model__regressor__min_samples_leaf=1, model__regressor__min_samples_split=5, model__regressor__n_estimators=800
[CV 5/5; 8/50] START model__regressor__bootstrap=False, model__regressor__max_depth=100, model__regressor__max_features=0.9, model__regressor__min_samples_leaf=1, model__regressor__min_samples_split=5, model__regressor__n_estimators=800
[CV 4/5; 11/50] START model__regressor__bootstrap=False, model__regressor__max_depth=None, model__regressor__max_features=None, model__regressor__min_samples_leaf=1, model__regressor__min_samples_split=5, model__regressor__n_estimators=1200
[CV 2/5; 10/50] START model__regressor__bootstrap=False, model__regressor__max_depth=100, model__regressor__max_features=0.8, model__regressor__min_samples_leaf=1, model__regressor__min_samples_split=2, model__regressor__n_estimators=1500
[CV 2/5; 11/50] START model__regressor__bootstrap=False, model__regressor__max_depth=None, model__regressor__max_features=None, model__regressor__min_samples_leaf=1, model__regressor__min_samples_split=5, model__regressor__n_estimators=1200
[CV 1/5; 10/50] START model__regressor__bootstrap=False, model__regressor__max_depth=100, model__regressor__max_features=0.8, model__regressor__min_samples_leaf=1, model__regressor__min_samples_split=2, model__regressor__n_estimators=1500
[CV 5/5; 10/50] START model__regressor__bootstrap=False, model__regressor__max_depth=100, model__regressor__max_features=0.8, model__regressor__min_samples_leaf=1, model__regressor__min_samples_split=2, model__regressor__n_estimators=1500
[CV 3/5; 11/50] START model__regressor__bootstrap=False, model__regressor__max_depth=None, model__regressor__max_features=None, model__regressor__min_samples_leaf=1, model__regressor__min_samples_split=5, model__regressor__n_estimators=1200
[CV 1/5; 12/50] START model__regressor__bootstrap=False, model__regressor__max_depth=50, model__regressor__max_features=0.9, model__regressor__min_samples_leaf=1, model__regressor__min_samples_split=8, model__regressor__n_estimators=1000
[CV 4/5; 13/50] START model__regressor__bootstrap=False, model__regressor__max_depth=70, model__regressor__max_features=0.9, model__regressor__min_samples_leaf=2, model__regressor__min_samples_split=8, model__regressor__n_estimators=800
[CV 2/5; 12/50] START model__regressor__bootstrap=False, model__regressor__max_depth=50, model__regressor__max_features=0.9, model__regressor__min_samples_leaf=1, model__regressor__min_samples_split=8, model__regressor__n_estimators=1000
[CV 5/5; 12/50] START model__regressor__bootstrap=False, model__regressor__max_depth=50, model__regressor__max_features=0.9, model__regressor__min_samples_leaf=1, model__regressor__min_samples_split=8, model__regressor__n_estimators=1000
[CV 1/5; 11/50] START model__regressor__bootstrap=False, model__regressor__max_depth=None, model__regressor__max_features=None, model__regressor__min_samples_leaf=1, model__regressor__min_samples_split=5, model__regressor__n_estimators=1200
[CV 3/5; 12/50] START model__regressor__bootstrap=False, model__regressor__max_depth=50, model__regressor__max_features=0.9, model__regressor__min_samples_leaf=1, model__regressor__min_samples_split=8, model__regressor__n_estimators=1000
[CV 2/5; 13/50] START model__regressor__bootstrap=False, model__regressor__max_depth=70, model__regressor__max_features=0.9, model__regressor__min_samples_leaf=2, model__regressor__min_samples_split=8, model__regressor__n_estimators=800
[CV 5/5; 11/50] START model__regressor__bootstrap=False, model__regressor__max_depth=None, model__regressor__max_features=None, model__regressor__min_samples_leaf=1, model__regressor__min_samples_split=5, model__regressor__n_estimators=1200
[CV 3/5; 13/50] START model__regressor__bootstrap=False, model__regressor__max_depth=70, model__regressor__max_features=0.9, model__regressor__min_samples_leaf=2, model__regressor__min_samples_split=8, model__regressor__n_estimators=800
[CV 1/5; 13/50] START model__regressor__bootstrap=False, model__regressor__max_depth=70, model__regressor__max_features=0.9, model__regressor__min_samples_leaf=2, model__regressor__min_samples_split=8, model__regressor__n_estimators=800
[CV 4/5; 12/50] START model__regressor__bootstrap=False, model__regressor__max_depth=50, model__regressor__max_features=0.9, model__regressor__min_samples_leaf=1, model__regressor__min_samples_split=8, model__regressor__n_estimators=1000
