Job started on gnx504.deucalion.macc.fccn.pt at Sun 14 Dec 18:17:22 WET 2025
Starting Extra Trees Training (Refined)...
====================================================
STARTING TRAINING PIPELINE (Model: et)
====================================================
  -> Loading data from ../data/train.csv and ../data/test.csv...
  -> Dropped 2229 rows with year < 2000
  -> Training Samples: 73744
  -> Test Samples:     32567
  -> Strategy: ShuffleSplit (Hold-Out, 20% Test)
  -> Search Iterations: 50
  -> Total Fits: 50 (n_iter=50 * n_splits=1)

====================================================
STEP 4: Hyperparameter Tuning
----------------------------------------------------
Fitting 1 folds for each of 50 candidates, totalling 50 fits
[CV 1/1; 1/50] START model__regressor__bootstrap=False, model__regressor__max_depth=50, model__regressor__max_features=0.9, model__regressor__min_samples_leaf=2, model__regressor__min_samples_split=8, model__regressor__n_estimators=1000
[CV 1/1; 2/50] START model__regressor__bootstrap=False, model__regressor__max_depth=100, model__regressor__max_features=None, model__regressor__min_samples_leaf=2, model__regressor__min_samples_split=2, model__regressor__n_estimators=1000
[CV 1/1; 4/50] START model__regressor__bootstrap=False, model__regressor__max_depth=50, model__regressor__max_features=0.9, model__regressor__min_samples_leaf=2, model__regressor__min_samples_split=5, model__regressor__n_estimators=1200
[CV 1/1; 3/50] START model__regressor__bootstrap=False, model__regressor__max_depth=None, model__regressor__max_features=0.9, model__regressor__min_samples_leaf=2, model__regressor__min_samples_split=5, model__regressor__n_estimators=800
[CV 1/1; 6/50] START model__regressor__bootstrap=False, model__regressor__max_depth=50, model__regressor__max_features=None, model__regressor__min_samples_leaf=1, model__regressor__min_samples_split=8, model__regressor__n_estimators=1000
[CV 1/1; 5/50] START model__regressor__bootstrap=False, model__regressor__max_depth=100, model__regressor__max_features=0.9, model__regressor__min_samples_leaf=2, model__regressor__min_samples_split=2, model__regressor__n_estimators=1000
[CV 1/1; 8/50] START model__regressor__bootstrap=False, model__regressor__max_depth=100, model__regressor__max_features=0.9, model__regressor__min_samples_leaf=1, model__regressor__min_samples_split=5, model__regressor__n_estimators=800
[CV 1/1; 7/50] START model__regressor__bootstrap=False, model__regressor__max_depth=50, model__regressor__max_features=0.9, model__regressor__min_samples_leaf=2, model__regressor__min_samples_split=8, model__regressor__n_estimators=1200
[CV 1/1; 3/50] END model__regressor__bootstrap=False, model__regressor__max_depth=None, model__regressor__max_features=0.9, model__regressor__min_samples_leaf=2, model__regressor__min_samples_split=5, model__regressor__n_estimators=800;, score=-1260.456 total time=28.2min
[CV 1/1; 9/50] START model__regressor__bootstrap=False, model__regressor__max_depth=70, model__regressor__max_features=None, model__regressor__min_samples_leaf=1, model__regressor__min_samples_split=5, model__regressor__n_estimators=1000
[CV 1/1; 1/50] END model__regressor__bootstrap=False, model__regressor__max_depth=50, model__regressor__max_features=0.9, model__regressor__min_samples_leaf=2, model__regressor__min_samples_split=8, model__regressor__n_estimators=1000;, score=-1260.437 total time=29.7min
[CV 1/1; 10/50] START model__regressor__bootstrap=False, model__regressor__max_depth=100, model__regressor__max_features=0.8, model__regressor__min_samples_leaf=1, model__regressor__min_samples_split=2, model__regressor__n_estimators=1500
[CV 1/1; 8/50] END model__regressor__bootstrap=False, model__regressor__max_depth=100, model__regressor__max_features=0.9, model__regressor__min_samples_leaf=1, model__regressor__min_samples_split=5, model__regressor__n_estimators=800;, score=-1244.866 total time=31.0min
[CV 1/1; 11/50] START model__regressor__bootstrap=False, model__regressor__max_depth=None, model__regressor__max_features=None, model__regressor__min_samples_leaf=1, model__regressor__min_samples_split=5, model__regressor__n_estimators=1200
[CV 1/1; 6/50] END model__regressor__bootstrap=False, model__regressor__max_depth=50, model__regressor__max_features=None, model__regressor__min_samples_leaf=1, model__regressor__min_samples_split=8, model__regressor__n_estimators=1000;, score=-1235.175 total time=35.5min
[CV 1/1; 12/50] START model__regressor__bootstrap=False, model__regressor__max_depth=50, model__regressor__max_features=0.9, model__regressor__min_samples_leaf=1, model__regressor__min_samples_split=8, model__regressor__n_estimators=1000
[CV 1/1; 7/50] END model__regressor__bootstrap=False, model__regressor__max_depth=50, model__regressor__max_features=0.9, model__regressor__min_samples_leaf=2, model__regressor__min_samples_split=8, model__regressor__n_estimators=1200;, score=-1260.140 total time=35.9min
[CV 1/1; 13/50] START model__regressor__bootstrap=False, model__regressor__max_depth=70, model__regressor__max_features=0.9, model__regressor__min_samples_leaf=2, model__regressor__min_samples_split=8, model__regressor__n_estimators=800
[CV 1/1; 5/50] END model__regressor__bootstrap=False, model__regressor__max_depth=100, model__regressor__max_features=0.9, model__regressor__min_samples_leaf=2, model__regressor__min_samples_split=2, model__regressor__n_estimators=1000;, score=-1262.833 total time=39.5min
[CV 1/1; 14/50] START model__regressor__bootstrap=False, model__regressor__max_depth=None, model__regressor__max_features=0.8, model__regressor__min_samples_leaf=2, model__regressor__min_samples_split=2, model__regressor__n_estimators=1500
[CV 1/1; 4/50] END model__regressor__bootstrap=False, model__regressor__max_depth=50, model__regressor__max_features=0.9, model__regressor__min_samples_leaf=2, model__regressor__min_samples_split=5, model__regressor__n_estimators=1200;, score=-1260.222 total time=42.4min
[CV 1/1; 15/50] START model__regressor__bootstrap=False, model__regressor__max_depth=50, model__regressor__max_features=0.8, model__regressor__min_samples_leaf=1, model__regressor__min_samples_split=8, model__regressor__n_estimators=800
[CV 1/1; 2/50] END model__regressor__bootstrap=False, model__regressor__max_depth=100, model__regressor__max_features=None, model__regressor__min_samples_leaf=2, model__regressor__min_samples_split=2, model__regressor__n_estimators=1000;, score=-1264.951 total time=43.6min
[CV 1/1; 16/50] START model__regressor__bootstrap=False, model__regressor__max_depth=None, model__regressor__max_features=None, model__regressor__min_samples_leaf=1, model__regressor__min_samples_split=2, model__regressor__n_estimators=800
[CV 1/1; 13/50] END model__regressor__bootstrap=False, model__regressor__max_depth=70, model__regressor__max_features=0.9, model__regressor__min_samples_leaf=2, model__regressor__min_samples_split=8, model__regressor__n_estimators=800;, score=-1261.300 total time=23.8min
[CV 1/1; 17/50] START model__regressor__bootstrap=False, model__regressor__max_depth=50, model__regressor__max_features=None, model__regressor__min_samples_leaf=1, model__regressor__min_samples_split=5, model__regressor__n_estimators=1000
[CV 1/1; 15/50] END model__regressor__bootstrap=False, model__regressor__max_depth=50, model__regressor__max_features=0.8, model__regressor__min_samples_leaf=1, model__regressor__min_samples_split=8, model__regressor__n_estimators=800;, score=-1236.562 total time=23.2min
[CV 1/1; 18/50] START model__regressor__bootstrap=False, model__regressor__max_depth=None, model__regressor__max_features=None, model__regressor__min_samples_leaf=1, model__regressor__min_samples_split=8, model__regressor__n_estimators=800
[CV 1/1; 12/50] END model__regressor__bootstrap=False, model__regressor__max_depth=50, model__regressor__max_features=0.9, model__regressor__min_samples_leaf=1, model__regressor__min_samples_split=8, model__regressor__n_estimators=1000;, score=-1235.793 total time=32.1min
[CV 1/1; 19/50] START model__regressor__bootstrap=False, model__regressor__max_depth=None, model__regressor__max_features=None, model__regressor__min_samples_leaf=2, model__regressor__min_samples_split=8, model__regressor__n_estimators=1000
[CV 1/1; 9/50] END model__regressor__bootstrap=False, model__regressor__max_depth=70, model__regressor__max_features=None, model__regressor__min_samples_leaf=1, model__regressor__min_samples_split=5, model__regressor__n_estimators=1000;, score=-1247.401 total time=42.7min
[CV 1/1; 20/50] START model__regressor__bootstrap=False, model__regressor__max_depth=70, model__regressor__max_features=None, model__regressor__min_samples_leaf=1, model__regressor__min_samples_split=2, model__regressor__n_estimators=1500
[CV 1/1; 11/50] END model__regressor__bootstrap=False, model__regressor__max_depth=None, model__regressor__max_features=None, model__regressor__min_samples_leaf=1, model__regressor__min_samples_split=5, model__regressor__n_estimators=1200;, score=-1247.478 total time=51.4min
[CV 1/1; 21/50] START model__regressor__bootstrap=False, model__regressor__max_depth=None, model__regressor__max_features=0.8, model__regressor__min_samples_leaf=1, model__regressor__min_samples_split=2, model__regressor__n_estimators=1500
[CV 1/1; 14/50] END model__regressor__bootstrap=False, model__regressor__max_depth=None, model__regressor__max_features=0.8, model__regressor__min_samples_leaf=2, model__regressor__min_samples_split=2, model__regressor__n_estimators=1500;, score=-1261.176 total time=52.8min
[CV 1/1; 22/50] START model__regressor__bootstrap=False, model__regressor__max_depth=70, model__regressor__max_features=None, model__regressor__min_samples_leaf=2, model__regressor__min_samples_split=2, model__regressor__n_estimators=800
[CV 1/1; 18/50] END model__regressor__bootstrap=False, model__regressor__max_depth=None, model__regressor__max_features=None, model__regressor__min_samples_leaf=1, model__regressor__min_samples_split=8, model__regressor__n_estimators=800;, score=-1235.632 total time=28.4min
[CV 1/1; 23/50] START model__regressor__bootstrap=False, model__regressor__max_depth=70, model__regressor__max_features=0.9, model__regressor__min_samples_leaf=2, model__regressor__min_samples_split=5, model__regressor__n_estimators=1000
[CV 1/1; 19/50] END model__regressor__bootstrap=False, model__regressor__max_depth=None, model__regressor__max_features=None, model__regressor__min_samples_leaf=2, model__regressor__min_samples_split=8, model__regressor__n_estimators=1000;, score=-1260.276 total time=33.0min
[CV 1/1; 24/50] START model__regressor__bootstrap=False, model__regressor__max_depth=None, model__regressor__max_features=0.8, model__regressor__min_samples_leaf=2, model__regressor__min_samples_split=8, model__regressor__n_estimators=1200
[CV 1/1; 17/50] END model__regressor__bootstrap=False, model__regressor__max_depth=50, model__regressor__max_features=None, model__regressor__min_samples_leaf=1, model__regressor__min_samples_split=5, model__regressor__n_estimators=1000;, score=-1247.623 total time=42.8min
[CV 1/1; 25/50] START model__regressor__bootstrap=False, model__regressor__max_depth=70, model__regressor__max_features=None, model__regressor__min_samples_leaf=1, model__regressor__min_samples_split=2, model__regressor__n_estimators=1000
[CV 1/1; 16/50] END model__regressor__bootstrap=False, model__regressor__max_depth=None, model__regressor__max_features=None, model__regressor__min_samples_leaf=1, model__regressor__min_samples_split=2, model__regressor__n_estimators=800;, score=-1294.927 total time=68.3min
[CV 1/1; 26/50] START model__regressor__bootstrap=False, model__regressor__max_depth=None, model__regressor__max_features=0.9, model__regressor__min_samples_leaf=1, model__regressor__min_samples_split=8, model__regressor__n_estimators=1200
[CV 1/1; 22/50] END model__regressor__bootstrap=False, model__regressor__max_depth=70, model__regressor__max_features=None, model__regressor__min_samples_leaf=2, model__regressor__min_samples_split=2, model__regressor__n_estimators=800;, score=-1265.553 total time=34.8min
[CV 1/1; 27/50] START model__regressor__bootstrap=False, model__regressor__max_depth=70, model__regressor__max_features=0.8, model__regressor__min_samples_leaf=2, model__regressor__min_samples_split=8, model__regressor__n_estimators=800
[CV 1/1; 23/50] END model__regressor__bootstrap=False, model__regressor__max_depth=70, model__regressor__max_features=0.9, model__regressor__min_samples_leaf=2, model__regressor__min_samples_split=5, model__regressor__n_estimators=1000;, score=-1260.654 total time=35.4min
[CV 1/1; 28/50] START model__regressor__bootstrap=False, model__regressor__max_depth=100, model__regressor__max_features=None, model__regressor__min_samples_leaf=1, model__regressor__min_samples_split=2, model__regressor__n_estimators=1500
[CV 1/1; 24/50] END model__regressor__bootstrap=False, model__regressor__max_depth=None, model__regressor__max_features=0.8, model__regressor__min_samples_leaf=2, model__regressor__min_samples_split=8, model__regressor__n_estimators=1200;, score=-1262.895 total time=32.3min
[CV 1/1; 29/50] START model__regressor__bootstrap=False, model__regressor__max_depth=70, model__regressor__max_features=0.9, model__regressor__min_samples_leaf=2, model__regressor__min_samples_split=2, model__regressor__n_estimators=1500
[CV 1/1; 10/50] END model__regressor__bootstrap=False, model__regressor__max_depth=100, model__regressor__max_features=0.8, model__regressor__min_samples_leaf=1, model__regressor__min_samples_split=2, model__regressor__n_estimators=1500;, score=-1290.893 total time=106.5min
[CV 1/1; 30/50] START model__regressor__bootstrap=False, model__regressor__max_depth=50, model__regressor__max_features=0.8, model__regressor__min_samples_leaf=2, model__regressor__min_samples_split=2, model__regressor__n_estimators=800
[CV 1/1; 27/50] END model__regressor__bootstrap=False, model__regressor__max_depth=70, model__regressor__max_features=0.8, model__regressor__min_samples_leaf=2, model__regressor__min_samples_split=8, model__regressor__n_estimators=800;, score=-1263.183 total time=21.5min
[CV 1/1; 31/50] START model__regressor__bootstrap=False, model__regressor__max_depth=70, model__regressor__max_features=0.9, model__regressor__min_samples_leaf=1, model__regressor__min_samples_split=5, model__regressor__n_estimators=1000
[CV 1/1; 26/50] END model__regressor__bootstrap=False, model__regressor__max_depth=None, model__regressor__max_features=0.9, model__regressor__min_samples_leaf=1, model__regressor__min_samples_split=8, model__regressor__n_estimators=1200;, score=-1234.999 total time=38.6min
[CV 1/1; 32/50] START model__regressor__bootstrap=False, model__regressor__max_depth=100, model__regressor__max_features=0.9, model__regressor__min_samples_leaf=2, model__regressor__min_samples_split=5, model__regressor__n_estimators=1000
[CV 1/1; 30/50] END model__regressor__bootstrap=False, model__regressor__max_depth=50, model__regressor__max_features=0.8, model__regressor__min_samples_leaf=2, model__regressor__min_samples_split=2, model__regressor__n_estimators=800;, score=-1261.048 total time=28.1min
[CV 1/1; 33/50] START model__regressor__bootstrap=False, model__regressor__max_depth=100, model__regressor__max_features=None, model__regressor__min_samples_leaf=1, model__regressor__min_samples_split=8, model__regressor__n_estimators=1200
[CV 1/1; 32/50] END model__regressor__bootstrap=False, model__regressor__max_depth=100, model__regressor__max_features=0.9, model__regressor__min_samples_leaf=2, model__regressor__min_samples_split=5, model__regressor__n_estimators=1000;, score=-1260.654 total time=35.3min
[CV 1/1; 34/50] START model__regressor__bootstrap=False, model__regressor__max_depth=None, model__regressor__max_features=None, model__regressor__min_samples_leaf=2, model__regressor__min_samples_split=8, model__regressor__n_estimators=800
[CV 1/1; 31/50] END model__regressor__bootstrap=False, model__regressor__max_depth=70, model__regressor__max_features=0.9, model__regressor__min_samples_leaf=1, model__regressor__min_samples_split=5, model__regressor__n_estimators=1000;, score=-1244.934 total time=38.7min
[CV 1/1; 35/50] START model__regressor__bootstrap=False, model__regressor__max_depth=100, model__regressor__max_features=0.9, model__regressor__min_samples_leaf=2, model__regressor__min_samples_split=2, model__regressor__n_estimators=1500
[CV 1/1; 25/50] END model__regressor__bootstrap=False, model__regressor__max_depth=70, model__regressor__max_features=None, model__regressor__min_samples_leaf=1, model__regressor__min_samples_split=2, model__regressor__n_estimators=1000;, score=-1294.724 total time=85.2min
[CV 1/1; 36/50] START model__regressor__bootstrap=False, model__regressor__max_depth=100, model__regressor__max_features=0.9, model__regressor__min_samples_leaf=1, model__regressor__min_samples_split=2, model__regressor__n_estimators=800
[CV 1/1; 21/50] END model__regressor__bootstrap=False, model__regressor__max_depth=None, model__regressor__max_features=0.8, model__regressor__min_samples_leaf=1, model__regressor__min_samples_split=2, model__regressor__n_estimators=1500;, score=-1290.893 total time=106.6min
[CV 1/1; 37/50] START model__regressor__bootstrap=False, model__regressor__max_depth=None, model__regressor__max_features=None, model__regressor__min_samples_leaf=2, model__regressor__min_samples_split=2, model__regressor__n_estimators=1500
[CV 1/1; 29/50] END model__regressor__bootstrap=False, model__regressor__max_depth=70, model__regressor__max_features=0.9, model__regressor__min_samples_leaf=2, model__regressor__min_samples_split=2, model__regressor__n_estimators=1500;, score=-1262.814 total time=59.1min
[CV 1/1; 38/50] START model__regressor__bootstrap=False, model__regressor__max_depth=70, model__regressor__max_features=0.8, model__regressor__min_samples_leaf=2, model__regressor__min_samples_split=8, model__regressor__n_estimators=1500
[CV 1/1; 20/50] END model__regressor__bootstrap=False, model__regressor__max_depth=70, model__regressor__max_features=None, model__regressor__min_samples_leaf=1, model__regressor__min_samples_split=2, model__regressor__n_estimators=1500;, score=-1294.890 total time=127.8min
[CV 1/1; 39/50] START model__regressor__bootstrap=False, model__regressor__max_depth=100, model__regressor__max_features=0.8, model__regressor__min_samples_leaf=1, model__regressor__min_samples_split=8, model__regressor__n_estimators=1200
[CV 1/1; 33/50] END model__regressor__bootstrap=False, model__regressor__max_depth=100, model__regressor__max_features=None, model__regressor__min_samples_leaf=1, model__regressor__min_samples_split=8, model__regressor__n_estimators=1200;, score=-1235.298 total time=42.6min
[CV 1/1; 40/50] START model__regressor__bootstrap=False, model__regressor__max_depth=70, model__regressor__max_features=0.9, model__regressor__min_samples_leaf=2, model__regressor__min_samples_split=8, model__regressor__n_estimators=1000
[CV 1/1; 34/50] END model__regressor__bootstrap=False, model__regressor__max_depth=None, model__regressor__max_features=None, model__regressor__min_samples_leaf=2, model__regressor__min_samples_split=8, model__regressor__n_estimators=800;, score=-1260.589 total time=26.3min
[CV 1/1; 41/50] START model__regressor__bootstrap=False, model__regressor__max_depth=100, model__regressor__max_features=None, model__regressor__min_samples_leaf=2, model__regressor__min_samples_split=8, model__regressor__n_estimators=1000
[CV 1/1; 38/50] END model__regressor__bootstrap=False, model__regressor__max_depth=70, model__regressor__max_features=0.8, model__regressor__min_samples_leaf=2, model__regressor__min_samples_split=8, model__regressor__n_estimators=1500;, score=-1263.236 total time=40.3min
[CV 1/1; 42/50] START model__regressor__bootstrap=False, model__regressor__max_depth=None, model__regressor__max_features=0.9, model__regressor__min_samples_leaf=2, model__regressor__min_samples_split=2, model__regressor__n_estimators=1200
[CV 1/1; 39/50] END model__regressor__bootstrap=False, model__regressor__max_depth=100, model__regressor__max_features=0.8, model__regressor__min_samples_leaf=1, model__regressor__min_samples_split=8, model__regressor__n_estimators=1200;, score=-1237.350 total time=34.7min
[CV 1/1; 43/50] START model__regressor__bootstrap=False, model__regressor__max_depth=100, model__regressor__max_features=None, model__regressor__min_samples_leaf=1, model__regressor__min_samples_split=8, model__regressor__n_estimators=1500
[CV 1/1; 40/50] END model__regressor__bootstrap=False, model__regressor__max_depth=70, model__regressor__max_features=0.9, model__regressor__min_samples_leaf=2, model__regressor__min_samples_split=8, model__regressor__n_estimators=1000;, score=-1261.174 total time=29.8min
[CV 1/1; 44/50] START model__regressor__bootstrap=False, model__regressor__max_depth=70, model__regressor__max_features=0.8, model__regressor__min_samples_leaf=2, model__regressor__min_samples_split=2, model__regressor__n_estimators=800
