2025-11-17 17:01:56.627912: E external/local_xla/xla/stream_executor/cuda/cuda_dnn.cc:9261] Unable to register cuDNN factory: Attempting to register factory for plugin cuDNN when one has already been registered
2025-11-17 17:01:56.628650: E external/local_xla/xla/stream_executor/cuda/cuda_fft.cc:607] Unable to register cuFFT factory: Attempting to register factory for plugin cuFFT when one has already been registered
2025-11-17 17:01:56.726047: E external/local_xla/xla/stream_executor/cuda/cuda_blas.cc:1515] Unable to register cuBLAS factory: Attempting to register factory for plugin cuBLAS when one has already been registered
2025-11-17 17:02:45.328909: E external/local_xla/xla/stream_executor/cuda/cuda_dnn.cc:9261] Unable to register cuDNN factory: Attempting to register factory for plugin cuDNN when one has already been registered
2025-11-17 17:02:45.329055: E external/local_xla/xla/stream_executor/cuda/cuda_fft.cc:607] Unable to register cuFFT factory: Attempting to register factory for plugin cuFFT when one has already been registered
2025-11-17 17:02:45.329786: E external/local_xla/xla/stream_executor/cuda/cuda_blas.cc:1515] Unable to register cuBLAS factory: Attempting to register factory for plugin cuBLAS when one has already been registered
2025-11-17 17:02:52.859036: I tensorflow/core/common_runtime/gpu/gpu_device.cc:1929] Created device /job:localhost/replica:0/task:0/device:GPU:0 with 38366 MB memory:  -> device: 0, name: NVIDIA A100-SXM4-40GB, pci bus id: 0000:af:00.0, compute capability: 8.0
/projects/F202500002HPCVLABISTUL/Mehmet1700/MachineLearningProject-NOVAIMS2025/.venv/lib/python3.11/site-packages/sklearn/feature_selection/_univariate_selection.py:782: UserWarning: k=400 is greater than n_features=212. All the features will be returned.
  warnings.warn(
/projects/F202500002HPCVLABISTUL/Mehmet1700/MachineLearningProject-NOVAIMS2025/.venv/lib/python3.11/site-packages/sklearn/feature_selection/_univariate_selection.py:782: UserWarning: k=400 is greater than n_features=211. All the features will be returned.
  warnings.warn(
/projects/F202500002HPCVLABISTUL/Mehmet1700/MachineLearningProject-NOVAIMS2025/.venv/lib/python3.11/site-packages/sklearn/feature_selection/_univariate_selection.py:782: UserWarning: k=400 is greater than n_features=210. All the features will be returned.
  warnings.warn(
/projects/F202500002HPCVLABISTUL/Mehmet1700/MachineLearningProject-NOVAIMS2025/.venv/lib/python3.11/site-packages/sklearn/feature_selection/_univariate_selection.py:782: UserWarning: k=400 is greater than n_features=209. All the features will be returned.
  warnings.warn(
/projects/F202500002HPCVLABISTUL/Mehmet1700/MachineLearningProject-NOVAIMS2025/.venv/lib/python3.11/site-packages/sklearn/feature_selection/_univariate_selection.py:782: UserWarning: k=400 is greater than n_features=210. All the features will be returned.
  warnings.warn(
/projects/F202500002HPCVLABISTUL/Mehmet1700/MachineLearningProject-NOVAIMS2025/.venv/lib/python3.11/site-packages/sklearn/feature_selection/_univariate_selection.py:782: UserWarning: k=400 is greater than n_features=212. All the features will be returned.
  warnings.warn(
/projects/F202500002HPCVLABISTUL/Mehmet1700/MachineLearningProject-NOVAIMS2025/.venv/lib/python3.11/site-packages/sklearn/feature_selection/_univariate_selection.py:782: UserWarning: k=400 is greater than n_features=211. All the features will be returned.
  warnings.warn(
/projects/F202500002HPCVLABISTUL/Mehmet1700/MachineLearningProject-NOVAIMS2025/.venv/lib/python3.11/site-packages/sklearn/feature_selection/_univariate_selection.py:782: UserWarning: k=400 is greater than n_features=210. All the features will be returned.
  warnings.warn(
/projects/F202500002HPCVLABISTUL/Mehmet1700/MachineLearningProject-NOVAIMS2025/.venv/lib/python3.11/site-packages/sklearn/feature_selection/_univariate_selection.py:782: UserWarning: k=400 is greater than n_features=209. All the features will be returned.
  warnings.warn(
/projects/F202500002HPCVLABISTUL/Mehmet1700/MachineLearningProject-NOVAIMS2025/.venv/lib/python3.11/site-packages/sklearn/feature_selection/_univariate_selection.py:782: UserWarning: k=400 is greater than n_features=210. All the features will be returned.
  warnings.warn(
/projects/F202500002HPCVLABISTUL/Mehmet1700/MachineLearningProject-NOVAIMS2025/.venv/lib/python3.11/site-packages/sklearn/feature_selection/_univariate_selection.py:782: UserWarning: k=400 is greater than n_features=212. All the features will be returned.
  warnings.warn(
/projects/F202500002HPCVLABISTUL/Mehmet1700/MachineLearningProject-NOVAIMS2025/.venv/lib/python3.11/site-packages/sklearn/feature_selection/_univariate_selection.py:782: UserWarning: k=400 is greater than n_features=211. All the features will be returned.
  warnings.warn(
/projects/F202500002HPCVLABISTUL/Mehmet1700/MachineLearningProject-NOVAIMS2025/.venv/lib/python3.11/site-packages/sklearn/feature_selection/_univariate_selection.py:782: UserWarning: k=400 is greater than n_features=210. All the features will be returned.
  warnings.warn(
/projects/F202500002HPCVLABISTUL/Mehmet1700/MachineLearningProject-NOVAIMS2025/.venv/lib/python3.11/site-packages/sklearn/feature_selection/_univariate_selection.py:782: UserWarning: k=400 is greater than n_features=209. All the features will be returned.
  warnings.warn(
/projects/F202500002HPCVLABISTUL/Mehmet1700/MachineLearningProject-NOVAIMS2025/.venv/lib/python3.11/site-packages/sklearn/feature_selection/_univariate_selection.py:782: UserWarning: k=400 is greater than n_features=210. All the features will be returned.
  warnings.warn(
/projects/F202500002HPCVLABISTUL/Mehmet1700/MachineLearningProject-NOVAIMS2025/.venv/lib/python3.11/site-packages/sklearn/feature_selection/_univariate_selection.py:782: UserWarning: k=400 is greater than n_features=212. All the features will be returned.
  warnings.warn(
/projects/F202500002HPCVLABISTUL/Mehmet1700/MachineLearningProject-NOVAIMS2025/.venv/lib/python3.11/site-packages/sklearn/feature_selection/_univariate_selection.py:782: UserWarning: k=400 is greater than n_features=211. All the features will be returned.
  warnings.warn(
/projects/F202500002HPCVLABISTUL/Mehmet1700/MachineLearningProject-NOVAIMS2025/.venv/lib/python3.11/site-packages/sklearn/feature_selection/_univariate_selection.py:782: UserWarning: k=400 is greater than n_features=210. All the features will be returned.
  warnings.warn(
/projects/F202500002HPCVLABISTUL/Mehmet1700/MachineLearningProject-NOVAIMS2025/.venv/lib/python3.11/site-packages/sklearn/feature_selection/_univariate_selection.py:782: UserWarning: k=400 is greater than n_features=209. All the features will be returned.
  warnings.warn(
/projects/F202500002HPCVLABISTUL/Mehmet1700/MachineLearningProject-NOVAIMS2025/.venv/lib/python3.11/site-packages/sklearn/feature_selection/_univariate_selection.py:782: UserWarning: k=400 is greater than n_features=210. All the features will be returned.
  warnings.warn(
/projects/F202500002HPCVLABISTUL/Mehmet1700/MachineLearningProject-NOVAIMS2025/.venv/lib/python3.11/site-packages/sklearn/feature_selection/_univariate_selection.py:782: UserWarning: k=400 is greater than n_features=212. All the features will be returned.
  warnings.warn(
/projects/F202500002HPCVLABISTUL/Mehmet1700/MachineLearningProject-NOVAIMS2025/.venv/lib/python3.11/site-packages/sklearn/feature_selection/_univariate_selection.py:782: UserWarning: k=400 is greater than n_features=211. All the features will be returned.
  warnings.warn(
/projects/F202500002HPCVLABISTUL/Mehmet1700/MachineLearningProject-NOVAIMS2025/.venv/lib/python3.11/site-packages/sklearn/feature_selection/_univariate_selection.py:782: UserWarning: k=400 is greater than n_features=210. All the features will be returned.
  warnings.warn(
/projects/F202500002HPCVLABISTUL/Mehmet1700/MachineLearningProject-NOVAIMS2025/.venv/lib/python3.11/site-packages/sklearn/feature_selection/_univariate_selection.py:782: UserWarning: k=400 is greater than n_features=209. All the features will be returned.
  warnings.warn(
/projects/F202500002HPCVLABISTUL/Mehmet1700/MachineLearningProject-NOVAIMS2025/.venv/lib/python3.11/site-packages/sklearn/feature_selection/_univariate_selection.py:782: UserWarning: k=400 is greater than n_features=210. All the features will be returned.
  warnings.warn(
/projects/F202500002HPCVLABISTUL/Mehmet1700/MachineLearningProject-NOVAIMS2025/.venv/lib/python3.11/site-packages/sklearn/feature_selection/_univariate_selection.py:782: UserWarning: k=400 is greater than n_features=212. All the features will be returned.
  warnings.warn(
/projects/F202500002HPCVLABISTUL/Mehmet1700/MachineLearningProject-NOVAIMS2025/.venv/lib/python3.11/site-packages/sklearn/feature_selection/_univariate_selection.py:782: UserWarning: k=400 is greater than n_features=211. All the features will be returned.
  warnings.warn(
/projects/F202500002HPCVLABISTUL/Mehmet1700/MachineLearningProject-NOVAIMS2025/.venv/lib/python3.11/site-packages/sklearn/feature_selection/_univariate_selection.py:782: UserWarning: k=400 is greater than n_features=210. All the features will be returned.
  warnings.warn(
/projects/F202500002HPCVLABISTUL/Mehmet1700/MachineLearningProject-NOVAIMS2025/.venv/lib/python3.11/site-packages/sklearn/feature_selection/_univariate_selection.py:782: UserWarning: k=400 is greater than n_features=209. All the features will be returned.
  warnings.warn(
/projects/F202500002HPCVLABISTUL/Mehmet1700/MachineLearningProject-NOVAIMS2025/.venv/lib/python3.11/site-packages/sklearn/feature_selection/_univariate_selection.py:782: UserWarning: k=400 is greater than n_features=210. All the features will be returned.
  warnings.warn(
/projects/F202500002HPCVLABISTUL/Mehmet1700/MachineLearningProject-NOVAIMS2025/.venv/lib/python3.11/site-packages/sklearn/feature_selection/_univariate_selection.py:782: UserWarning: k=400 is greater than n_features=212. All the features will be returned.
  warnings.warn(
/projects/F202500002HPCVLABISTUL/Mehmet1700/MachineLearningProject-NOVAIMS2025/.venv/lib/python3.11/site-packages/sklearn/feature_selection/_univariate_selection.py:782: UserWarning: k=400 is greater than n_features=211. All the features will be returned.
  warnings.warn(
slurmstepd: error: *** JOB 686171 ON gnx522 CANCELLED AT 2025-11-17T17:06:11 ***
