2025-11-17 16:47:03.533297: E external/local_xla/xla/stream_executor/cuda/cuda_dnn.cc:9261] Unable to register cuDNN factory: Attempting to register factory for plugin cuDNN when one has already been registered
2025-11-17 16:47:03.534005: E external/local_xla/xla/stream_executor/cuda/cuda_fft.cc:607] Unable to register cuFFT factory: Attempting to register factory for plugin cuFFT when one has already been registered
2025-11-17 16:47:03.618785: E external/local_xla/xla/stream_executor/cuda/cuda_blas.cc:1515] Unable to register cuBLAS factory: Attempting to register factory for plugin cuBLAS when one has already been registered
2025-11-17 16:48:12.854138: E external/local_xla/xla/stream_executor/cuda/cuda_dnn.cc:9261] Unable to register cuDNN factory: Attempting to register factory for plugin cuDNN when one has already been registered
2025-11-17 16:48:12.855895: E external/local_xla/xla/stream_executor/cuda/cuda_fft.cc:607] Unable to register cuFFT factory: Attempting to register factory for plugin cuFFT when one has already been registered
2025-11-17 16:48:12.903891: E external/local_xla/xla/stream_executor/cuda/cuda_blas.cc:1515] Unable to register cuBLAS factory: Attempting to register factory for plugin cuBLAS when one has already been registered
/projects/F202500002HPCVLABISTUL/Mehmet1700/MachineLearningProject-NOVAIMS2025/.venv/lib/python3.11/site-packages/sklearn/feature_selection/_univariate_selection.py:782: UserWarning: k=400 is greater than n_features=212. All the features will be returned.
  warnings.warn(
/projects/F202500002HPCVLABISTUL/Mehmet1700/MachineLearningProject-NOVAIMS2025/.venv/lib/python3.11/site-packages/sklearn/feature_selection/_univariate_selection.py:782: UserWarning: k=400 is greater than n_features=211. All the features will be returned.
  warnings.warn(
/projects/F202500002HPCVLABISTUL/Mehmet1700/MachineLearningProject-NOVAIMS2025/.venv/lib/python3.11/site-packages/sklearn/feature_selection/_univariate_selection.py:782: UserWarning: k=400 is greater than n_features=210. All the features will be returned.
  warnings.warn(
/projects/F202500002HPCVLABISTUL/Mehmet1700/MachineLearningProject-NOVAIMS2025/.venv/lib/python3.11/site-packages/sklearn/feature_selection/_univariate_selection.py:782: UserWarning: k=400 is greater than n_features=209. All the features will be returned.
  warnings.warn(
/projects/F202500002HPCVLABISTUL/Mehmet1700/MachineLearningProject-NOVAIMS2025/.venv/lib/python3.11/site-packages/sklearn/feature_selection/_univariate_selection.py:782: UserWarning: k=400 is greater than n_features=210. All the features will be returned.
  warnings.warn(
/projects/F202500002HPCVLABISTUL/Mehmet1700/MachineLearningProject-NOVAIMS2025/.venv/lib/python3.11/site-packages/sklearn/feature_selection/_univariate_selection.py:782: UserWarning: k=400 is greater than n_features=212. All the features will be returned.
  warnings.warn(
/projects/F202500002HPCVLABISTUL/Mehmet1700/MachineLearningProject-NOVAIMS2025/.venv/lib/python3.11/site-packages/sklearn/feature_selection/_univariate_selection.py:782: UserWarning: k=400 is greater than n_features=211. All the features will be returned.
  warnings.warn(
/projects/F202500002HPCVLABISTUL/Mehmet1700/MachineLearningProject-NOVAIMS2025/.venv/lib/python3.11/site-packages/sklearn/feature_selection/_univariate_selection.py:782: UserWarning: k=400 is greater than n_features=210. All the features will be returned.
  warnings.warn(
/projects/F202500002HPCVLABISTUL/Mehmet1700/MachineLearningProject-NOVAIMS2025/.venv/lib/python3.11/site-packages/sklearn/feature_selection/_univariate_selection.py:782: UserWarning: k=400 is greater than n_features=209. All the features will be returned.
  warnings.warn(
/projects/F202500002HPCVLABISTUL/Mehmet1700/MachineLearningProject-NOVAIMS2025/.venv/lib/python3.11/site-packages/sklearn/feature_selection/_univariate_selection.py:782: UserWarning: k=400 is greater than n_features=210. All the features will be returned.
  warnings.warn(
/projects/F202500002HPCVLABISTUL/Mehmet1700/MachineLearningProject-NOVAIMS2025/.venv/lib/python3.11/site-packages/sklearn/feature_selection/_univariate_selection.py:782: UserWarning: k=400 is greater than n_features=212. All the features will be returned.
  warnings.warn(
/projects/F202500002HPCVLABISTUL/Mehmet1700/MachineLearningProject-NOVAIMS2025/.venv/lib/python3.11/site-packages/sklearn/feature_selection/_univariate_selection.py:782: UserWarning: k=400 is greater than n_features=211. All the features will be returned.
  warnings.warn(
/projects/F202500002HPCVLABISTUL/Mehmet1700/MachineLearningProject-NOVAIMS2025/.venv/lib/python3.11/site-packages/sklearn/feature_selection/_univariate_selection.py:782: UserWarning: k=400 is greater than n_features=210. All the features will be returned.
  warnings.warn(
/projects/F202500002HPCVLABISTUL/Mehmet1700/MachineLearningProject-NOVAIMS2025/.venv/lib/python3.11/site-packages/sklearn/feature_selection/_univariate_selection.py:782: UserWarning: k=400 is greater than n_features=209. All the features will be returned.
  warnings.warn(
/projects/F202500002HPCVLABISTUL/Mehmet1700/MachineLearningProject-NOVAIMS2025/.venv/lib/python3.11/site-packages/sklearn/feature_selection/_univariate_selection.py:782: UserWarning: k=400 is greater than n_features=210. All the features will be returned.
  warnings.warn(
/projects/F202500002HPCVLABISTUL/Mehmet1700/MachineLearningProject-NOVAIMS2025/.venv/lib/python3.11/site-packages/sklearn/feature_selection/_univariate_selection.py:782: UserWarning: k=400 is greater than n_features=212. All the features will be returned.
  warnings.warn(
/projects/F202500002HPCVLABISTUL/Mehmet1700/MachineLearningProject-NOVAIMS2025/.venv/lib/python3.11/site-packages/sklearn/feature_selection/_univariate_selection.py:782: UserWarning: k=400 is greater than n_features=211. All the features will be returned.
  warnings.warn(
/projects/F202500002HPCVLABISTUL/Mehmet1700/MachineLearningProject-NOVAIMS2025/.venv/lib/python3.11/site-packages/sklearn/feature_selection/_univariate_selection.py:782: UserWarning: k=400 is greater than n_features=210. All the features will be returned.
  warnings.warn(
/projects/F202500002HPCVLABISTUL/Mehmet1700/MachineLearningProject-NOVAIMS2025/.venv/lib/python3.11/site-packages/sklearn/feature_selection/_univariate_selection.py:782: UserWarning: k=400 is greater than n_features=209. All the features will be returned.
  warnings.warn(
/projects/F202500002HPCVLABISTUL/Mehmet1700/MachineLearningProject-NOVAIMS2025/.venv/lib/python3.11/site-packages/sklearn/feature_selection/_univariate_selection.py:782: UserWarning: k=400 is greater than n_features=210. All the features will be returned.
  warnings.warn(
/projects/F202500002HPCVLABISTUL/Mehmet1700/MachineLearningProject-NOVAIMS2025/.venv/lib/python3.11/site-packages/sklearn/feature_selection/_univariate_selection.py:782: UserWarning: k=400 is greater than n_features=212. All the features will be returned.
  warnings.warn(
/projects/F202500002HPCVLABISTUL/Mehmet1700/MachineLearningProject-NOVAIMS2025/.venv/lib/python3.11/site-packages/sklearn/feature_selection/_univariate_selection.py:782: UserWarning: k=400 is greater than n_features=211. All the features will be returned.
  warnings.warn(
/projects/F202500002HPCVLABISTUL/Mehmet1700/MachineLearningProject-NOVAIMS2025/.venv/lib/python3.11/site-packages/sklearn/feature_selection/_univariate_selection.py:782: UserWarning: k=400 is greater than n_features=210. All the features will be returned.
  warnings.warn(
/projects/F202500002HPCVLABISTUL/Mehmet1700/MachineLearningProject-NOVAIMS2025/.venv/lib/python3.11/site-packages/sklearn/feature_selection/_univariate_selection.py:782: UserWarning: k=400 is greater than n_features=209. All the features will be returned.
  warnings.warn(
/projects/F202500002HPCVLABISTUL/Mehmet1700/MachineLearningProject-NOVAIMS2025/.venv/lib/python3.11/site-packages/sklearn/feature_selection/_univariate_selection.py:782: UserWarning: k=400 is greater than n_features=210. All the features will be returned.
  warnings.warn(
/projects/F202500002HPCVLABISTUL/Mehmet1700/MachineLearningProject-NOVAIMS2025/.venv/lib/python3.11/site-packages/sklearn/feature_selection/_univariate_selection.py:782: UserWarning: k=400 is greater than n_features=212. All the features will be returned.
  warnings.warn(
/projects/F202500002HPCVLABISTUL/Mehmet1700/MachineLearningProject-NOVAIMS2025/.venv/lib/python3.11/site-packages/sklearn/feature_selection/_univariate_selection.py:782: UserWarning: k=400 is greater than n_features=211. All the features will be returned.
  warnings.warn(
/projects/F202500002HPCVLABISTUL/Mehmet1700/MachineLearningProject-NOVAIMS2025/.venv/lib/python3.11/site-packages/sklearn/feature_selection/_univariate_selection.py:782: UserWarning: k=400 is greater than n_features=210. All the features will be returned.
  warnings.warn(
/projects/F202500002HPCVLABISTUL/Mehmet1700/MachineLearningProject-NOVAIMS2025/.venv/lib/python3.11/site-packages/sklearn/feature_selection/_univariate_selection.py:782: UserWarning: k=400 is greater than n_features=209. All the features will be returned.
  warnings.warn(
/projects/F202500002HPCVLABISTUL/Mehmet1700/MachineLearningProject-NOVAIMS2025/.venv/lib/python3.11/site-packages/sklearn/feature_selection/_univariate_selection.py:782: UserWarning: k=400 is greater than n_features=210. All the features will be returned.
  warnings.warn(
/projects/F202500002HPCVLABISTUL/Mehmet1700/MachineLearningProject-NOVAIMS2025/.venv/lib/python3.11/site-packages/sklearn/feature_selection/_univariate_selection.py:782: UserWarning: k=400 is greater than n_features=212. All the features will be returned.
  warnings.warn(
/projects/F202500002HPCVLABISTUL/Mehmet1700/MachineLearningProject-NOVAIMS2025/.venv/lib/python3.11/site-packages/sklearn/feature_selection/_univariate_selection.py:782: UserWarning: k=400 is greater than n_features=211. All the features will be returned.
  warnings.warn(
/projects/F202500002HPCVLABISTUL/Mehmet1700/MachineLearningProject-NOVAIMS2025/.venv/lib/python3.11/site-packages/sklearn/feature_selection/_univariate_selection.py:782: UserWarning: k=400 is greater than n_features=210. All the features will be returned.
  warnings.warn(
/projects/F202500002HPCVLABISTUL/Mehmet1700/MachineLearningProject-NOVAIMS2025/.venv/lib/python3.11/site-packages/sklearn/feature_selection/_univariate_selection.py:782: UserWarning: k=400 is greater than n_features=209. All the features will be returned.
  warnings.warn(
/projects/F202500002HPCVLABISTUL/Mehmet1700/MachineLearningProject-NOVAIMS2025/.venv/lib/python3.11/site-packages/sklearn/feature_selection/_univariate_selection.py:782: UserWarning: k=400 is greater than n_features=210. All the features will be returned.
  warnings.warn(
/projects/F202500002HPCVLABISTUL/Mehmet1700/MachineLearningProject-NOVAIMS2025/.venv/lib/python3.11/site-packages/sklearn/feature_selection/_univariate_selection.py:782: UserWarning: k=400 is greater than n_features=212. All the features will be returned.
  warnings.warn(
/projects/F202500002HPCVLABISTUL/Mehmet1700/MachineLearningProject-NOVAIMS2025/.venv/lib/python3.11/site-packages/sklearn/feature_selection/_univariate_selection.py:782: UserWarning: k=400 is greater than n_features=211. All the features will be returned.
  warnings.warn(
/projects/F202500002HPCVLABISTUL/Mehmet1700/MachineLearningProject-NOVAIMS2025/.venv/lib/python3.11/site-packages/sklearn/feature_selection/_univariate_selection.py:782: UserWarning: k=400 is greater than n_features=210. All the features will be returned.
  warnings.warn(
/projects/F202500002HPCVLABISTUL/Mehmet1700/MachineLearningProject-NOVAIMS2025/.venv/lib/python3.11/site-packages/sklearn/feature_selection/_univariate_selection.py:782: UserWarning: k=400 is greater than n_features=209. All the features will be returned.
  warnings.warn(
/projects/F202500002HPCVLABISTUL/Mehmet1700/MachineLearningProject-NOVAIMS2025/.venv/lib/python3.11/site-packages/sklearn/feature_selection/_univariate_selection.py:782: UserWarning: k=400 is greater than n_features=210. All the features will be returned.
  warnings.warn(
/projects/F202500002HPCVLABISTUL/Mehmet1700/MachineLearningProject-NOVAIMS2025/.venv/lib/python3.11/site-packages/sklearn/feature_selection/_univariate_selection.py:782: UserWarning: k=400 is greater than n_features=212. All the features will be returned.
  warnings.warn(
/projects/F202500002HPCVLABISTUL/Mehmet1700/MachineLearningProject-NOVAIMS2025/.venv/lib/python3.11/site-packages/sklearn/feature_selection/_univariate_selection.py:782: UserWarning: k=400 is greater than n_features=211. All the features will be returned.
  warnings.warn(
/projects/F202500002HPCVLABISTUL/Mehmet1700/MachineLearningProject-NOVAIMS2025/.venv/lib/python3.11/site-packages/sklearn/feature_selection/_univariate_selection.py:782: UserWarning: k=400 is greater than n_features=210. All the features will be returned.
  warnings.warn(
/projects/F202500002HPCVLABISTUL/Mehmet1700/MachineLearningProject-NOVAIMS2025/.venv/lib/python3.11/site-packages/sklearn/feature_selection/_univariate_selection.py:782: UserWarning: k=400 is greater than n_features=209. All the features will be returned.
  warnings.warn(
/projects/F202500002HPCVLABISTUL/Mehmet1700/MachineLearningProject-NOVAIMS2025/.venv/lib/python3.11/site-packages/sklearn/feature_selection/_univariate_selection.py:782: UserWarning: k=400 is greater than n_features=210. All the features will be returned.
  warnings.warn(
/projects/F202500002HPCVLABISTUL/Mehmet1700/MachineLearningProject-NOVAIMS2025/.venv/lib/python3.11/site-packages/sklearn/feature_selection/_univariate_selection.py:782: UserWarning: k=400 is greater than n_features=212. All the features will be returned.
  warnings.warn(
/projects/F202500002HPCVLABISTUL/Mehmet1700/MachineLearningProject-NOVAIMS2025/.venv/lib/python3.11/site-packages/sklearn/feature_selection/_univariate_selection.py:782: UserWarning: k=400 is greater than n_features=211. All the features will be returned.
  warnings.warn(
/projects/F202500002HPCVLABISTUL/Mehmet1700/MachineLearningProject-NOVAIMS2025/.venv/lib/python3.11/site-packages/sklearn/feature_selection/_univariate_selection.py:782: UserWarning: k=400 is greater than n_features=210. All the features will be returned.
  warnings.warn(
/projects/F202500002HPCVLABISTUL/Mehmet1700/MachineLearningProject-NOVAIMS2025/.venv/lib/python3.11/site-packages/sklearn/feature_selection/_univariate_selection.py:782: UserWarning: k=400 is greater than n_features=209. All the features will be returned.
  warnings.warn(
/projects/F202500002HPCVLABISTUL/Mehmet1700/MachineLearningProject-NOVAIMS2025/.venv/lib/python3.11/site-packages/sklearn/feature_selection/_univariate_selection.py:782: UserWarning: k=400 is greater than n_features=210. All the features will be returned.
  warnings.warn(
/projects/F202500002HPCVLABISTUL/Mehmet1700/MachineLearningProject-NOVAIMS2025/.venv/lib/python3.11/site-packages/sklearn/feature_selection/_univariate_selection.py:782: UserWarning: k=400 is greater than n_features=212. All the features will be returned.
  warnings.warn(
/projects/F202500002HPCVLABISTUL/Mehmet1700/MachineLearningProject-NOVAIMS2025/.venv/lib/python3.11/site-packages/sklearn/feature_selection/_univariate_selection.py:782: UserWarning: k=400 is greater than n_features=211. All the features will be returned.
  warnings.warn(
/projects/F202500002HPCVLABISTUL/Mehmet1700/MachineLearningProject-NOVAIMS2025/.venv/lib/python3.11/site-packages/sklearn/feature_selection/_univariate_selection.py:782: UserWarning: k=400 is greater than n_features=210. All the features will be returned.
  warnings.warn(
/projects/F202500002HPCVLABISTUL/Mehmet1700/MachineLearningProject-NOVAIMS2025/.venv/lib/python3.11/site-packages/sklearn/feature_selection/_univariate_selection.py:782: UserWarning: k=400 is greater than n_features=209. All the features will be returned.
  warnings.warn(
/projects/F202500002HPCVLABISTUL/Mehmet1700/MachineLearningProject-NOVAIMS2025/.venv/lib/python3.11/site-packages/sklearn/feature_selection/_univariate_selection.py:782: UserWarning: k=400 is greater than n_features=210. All the features will be returned.
  warnings.warn(
/projects/F202500002HPCVLABISTUL/Mehmet1700/MachineLearningProject-NOVAIMS2025/.venv/lib/python3.11/site-packages/sklearn/feature_selection/_univariate_selection.py:782: UserWarning: k=400 is greater than n_features=212. All the features will be returned.
  warnings.warn(
/projects/F202500002HPCVLABISTUL/Mehmet1700/MachineLearningProject-NOVAIMS2025/.venv/lib/python3.11/site-packages/sklearn/feature_selection/_univariate_selection.py:782: UserWarning: k=400 is greater than n_features=211. All the features will be returned.
  warnings.warn(
/projects/F202500002HPCVLABISTUL/Mehmet1700/MachineLearningProject-NOVAIMS2025/.venv/lib/python3.11/site-packages/sklearn/feature_selection/_univariate_selection.py:782: UserWarning: k=400 is greater than n_features=210. All the features will be returned.
  warnings.warn(
/projects/F202500002HPCVLABISTUL/Mehmet1700/MachineLearningProject-NOVAIMS2025/.venv/lib/python3.11/site-packages/sklearn/feature_selection/_univariate_selection.py:782: UserWarning: k=400 is greater than n_features=209. All the features will be returned.
  warnings.warn(
/projects/F202500002HPCVLABISTUL/Mehmet1700/MachineLearningProject-NOVAIMS2025/.venv/lib/python3.11/site-packages/sklearn/feature_selection/_univariate_selection.py:782: UserWarning: k=400 is greater than n_features=210. All the features will be returned.
  warnings.warn(
/projects/F202500002HPCVLABISTUL/Mehmet1700/MachineLearningProject-NOVAIMS2025/.venv/lib/python3.11/site-packages/sklearn/feature_selection/_univariate_selection.py:782: UserWarning: k=400 is greater than n_features=212. All the features will be returned.
  warnings.warn(
/projects/F202500002HPCVLABISTUL/Mehmet1700/MachineLearningProject-NOVAIMS2025/.venv/lib/python3.11/site-packages/sklearn/feature_selection/_univariate_selection.py:782: UserWarning: k=400 is greater than n_features=211. All the features will be returned.
  warnings.warn(
/projects/F202500002HPCVLABISTUL/Mehmet1700/MachineLearningProject-NOVAIMS2025/.venv/lib/python3.11/site-packages/sklearn/feature_selection/_univariate_selection.py:782: UserWarning: k=400 is greater than n_features=210. All the features will be returned.
  warnings.warn(
/projects/F202500002HPCVLABISTUL/Mehmet1700/MachineLearningProject-NOVAIMS2025/.venv/lib/python3.11/site-packages/sklearn/feature_selection/_univariate_selection.py:782: UserWarning: k=400 is greater than n_features=209. All the features will be returned.
  warnings.warn(
/projects/F202500002HPCVLABISTUL/Mehmet1700/MachineLearningProject-NOVAIMS2025/.venv/lib/python3.11/site-packages/sklearn/feature_selection/_univariate_selection.py:782: UserWarning: k=400 is greater than n_features=210. All the features will be returned.
  warnings.warn(
/projects/F202500002HPCVLABISTUL/Mehmet1700/MachineLearningProject-NOVAIMS2025/.venv/lib/python3.11/site-packages/sklearn/feature_selection/_univariate_selection.py:782: UserWarning: k=400 is greater than n_features=212. All the features will be returned.
  warnings.warn(
/projects/F202500002HPCVLABISTUL/Mehmet1700/MachineLearningProject-NOVAIMS2025/.venv/lib/python3.11/site-packages/sklearn/feature_selection/_univariate_selection.py:782: UserWarning: k=400 is greater than n_features=211. All the features will be returned.
  warnings.warn(
/projects/F202500002HPCVLABISTUL/Mehmet1700/MachineLearningProject-NOVAIMS2025/.venv/lib/python3.11/site-packages/sklearn/feature_selection/_univariate_selection.py:782: UserWarning: k=400 is greater than n_features=210. All the features will be returned.
  warnings.warn(
/projects/F202500002HPCVLABISTUL/Mehmet1700/MachineLearningProject-NOVAIMS2025/.venv/lib/python3.11/site-packages/sklearn/feature_selection/_univariate_selection.py:782: UserWarning: k=400 is greater than n_features=209. All the features will be returned.
  warnings.warn(
/projects/F202500002HPCVLABISTUL/Mehmet1700/MachineLearningProject-NOVAIMS2025/.venv/lib/python3.11/site-packages/sklearn/feature_selection/_univariate_selection.py:782: UserWarning: k=400 is greater than n_features=210. All the features will be returned.
  warnings.warn(
/projects/F202500002HPCVLABISTUL/Mehmet1700/MachineLearningProject-NOVAIMS2025/.venv/lib/python3.11/site-packages/sklearn/feature_selection/_univariate_selection.py:782: UserWarning: k=400 is greater than n_features=212. All the features will be returned.
  warnings.warn(
/projects/F202500002HPCVLABISTUL/Mehmet1700/MachineLearningProject-NOVAIMS2025/.venv/lib/python3.11/site-packages/sklearn/feature_selection/_univariate_selection.py:782: UserWarning: k=400 is greater than n_features=211. All the features will be returned.
  warnings.warn(
/projects/F202500002HPCVLABISTUL/Mehmet1700/MachineLearningProject-NOVAIMS2025/.venv/lib/python3.11/site-packages/sklearn/feature_selection/_univariate_selection.py:782: UserWarning: k=400 is greater than n_features=210. All the features will be returned.
  warnings.warn(
/projects/F202500002HPCVLABISTUL/Mehmet1700/MachineLearningProject-NOVAIMS2025/.venv/lib/python3.11/site-packages/sklearn/feature_selection/_univariate_selection.py:782: UserWarning: k=400 is greater than n_features=209. All the features will be returned.
  warnings.warn(
/projects/F202500002HPCVLABISTUL/Mehmet1700/MachineLearningProject-NOVAIMS2025/.venv/lib/python3.11/site-packages/sklearn/feature_selection/_univariate_selection.py:782: UserWarning: k=400 is greater than n_features=210. All the features will be returned.
  warnings.warn(
/projects/F202500002HPCVLABISTUL/Mehmet1700/MachineLearningProject-NOVAIMS2025/.venv/lib/python3.11/site-packages/sklearn/feature_selection/_univariate_selection.py:782: UserWarning: k=400 is greater than n_features=212. All the features will be returned.
  warnings.warn(
/projects/F202500002HPCVLABISTUL/Mehmet1700/MachineLearningProject-NOVAIMS2025/.venv/lib/python3.11/site-packages/sklearn/feature_selection/_univariate_selection.py:782: UserWarning: k=400 is greater than n_features=211. All the features will be returned.
  warnings.warn(
/projects/F202500002HPCVLABISTUL/Mehmet1700/MachineLearningProject-NOVAIMS2025/.venv/lib/python3.11/site-packages/sklearn/feature_selection/_univariate_selection.py:782: UserWarning: k=400 is greater than n_features=210. All the features will be returned.
  warnings.warn(
/projects/F202500002HPCVLABISTUL/Mehmet1700/MachineLearningProject-NOVAIMS2025/.venv/lib/python3.11/site-packages/sklearn/feature_selection/_univariate_selection.py:782: UserWarning: k=400 is greater than n_features=209. All the features will be returned.
  warnings.warn(
/projects/F202500002HPCVLABISTUL/Mehmet1700/MachineLearningProject-NOVAIMS2025/.venv/lib/python3.11/site-packages/sklearn/feature_selection/_univariate_selection.py:782: UserWarning: k=400 is greater than n_features=210. All the features will be returned.
  warnings.warn(
/projects/F202500002HPCVLABISTUL/Mehmet1700/MachineLearningProject-NOVAIMS2025/.venv/lib/python3.11/site-packages/sklearn/feature_selection/_univariate_selection.py:782: UserWarning: k=400 is greater than n_features=212. All the features will be returned.
  warnings.warn(
/projects/F202500002HPCVLABISTUL/Mehmet1700/MachineLearningProject-NOVAIMS2025/.venv/lib/python3.11/site-packages/sklearn/feature_selection/_univariate_selection.py:782: UserWarning: k=400 is greater than n_features=211. All the features will be returned.
  warnings.warn(
/projects/F202500002HPCVLABISTUL/Mehmet1700/MachineLearningProject-NOVAIMS2025/.venv/lib/python3.11/site-packages/sklearn/feature_selection/_univariate_selection.py:782: UserWarning: k=400 is greater than n_features=210. All the features will be returned.
  warnings.warn(
/projects/F202500002HPCVLABISTUL/Mehmet1700/MachineLearningProject-NOVAIMS2025/.venv/lib/python3.11/site-packages/sklearn/feature_selection/_univariate_selection.py:782: UserWarning: k=400 is greater than n_features=209. All the features will be returned.
  warnings.warn(
/projects/F202500002HPCVLABISTUL/Mehmet1700/MachineLearningProject-NOVAIMS2025/.venv/lib/python3.11/site-packages/sklearn/feature_selection/_univariate_selection.py:782: UserWarning: k=400 is greater than n_features=210. All the features will be returned.
  warnings.warn(
/projects/F202500002HPCVLABISTUL/Mehmet1700/MachineLearningProject-NOVAIMS2025/.venv/lib/python3.11/site-packages/sklearn/feature_selection/_univariate_selection.py:782: UserWarning: k=400 is greater than n_features=212. All the features will be returned.
  warnings.warn(
/projects/F202500002HPCVLABISTUL/Mehmet1700/MachineLearningProject-NOVAIMS2025/.venv/lib/python3.11/site-packages/sklearn/feature_selection/_univariate_selection.py:782: UserWarning: k=400 is greater than n_features=211. All the features will be returned.
  warnings.warn(
/projects/F202500002HPCVLABISTUL/Mehmet1700/MachineLearningProject-NOVAIMS2025/.venv/lib/python3.11/site-packages/sklearn/feature_selection/_univariate_selection.py:782: UserWarning: k=400 is greater than n_features=210. All the features will be returned.
  warnings.warn(
/projects/F202500002HPCVLABISTUL/Mehmet1700/MachineLearningProject-NOVAIMS2025/.venv/lib/python3.11/site-packages/sklearn/feature_selection/_univariate_selection.py:782: UserWarning: k=400 is greater than n_features=209. All the features will be returned.
  warnings.warn(
/projects/F202500002HPCVLABISTUL/Mehmet1700/MachineLearningProject-NOVAIMS2025/.venv/lib/python3.11/site-packages/sklearn/feature_selection/_univariate_selection.py:782: UserWarning: k=400 is greater than n_features=210. All the features will be returned.
  warnings.warn(
/projects/F202500002HPCVLABISTUL/Mehmet1700/MachineLearningProject-NOVAIMS2025/.venv/lib/python3.11/site-packages/sklearn/feature_selection/_univariate_selection.py:782: UserWarning: k=400 is greater than n_features=212. All the features will be returned.
  warnings.warn(
/projects/F202500002HPCVLABISTUL/Mehmet1700/MachineLearningProject-NOVAIMS2025/.venv/lib/python3.11/site-packages/sklearn/feature_selection/_univariate_selection.py:782: UserWarning: k=400 is greater than n_features=211. All the features will be returned.
  warnings.warn(
/projects/F202500002HPCVLABISTUL/Mehmet1700/MachineLearningProject-NOVAIMS2025/.venv/lib/python3.11/site-packages/sklearn/feature_selection/_univariate_selection.py:782: UserWarning: k=400 is greater than n_features=210. All the features will be returned.
  warnings.warn(
/projects/F202500002HPCVLABISTUL/Mehmet1700/MachineLearningProject-NOVAIMS2025/.venv/lib/python3.11/site-packages/sklearn/feature_selection/_univariate_selection.py:782: UserWarning: k=400 is greater than n_features=209. All the features will be returned.
  warnings.warn(
/projects/F202500002HPCVLABISTUL/Mehmet1700/MachineLearningProject-NOVAIMS2025/.venv/lib/python3.11/site-packages/sklearn/feature_selection/_univariate_selection.py:782: UserWarning: k=400 is greater than n_features=210. All the features will be returned.
  warnings.warn(
/projects/F202500002HPCVLABISTUL/Mehmet1700/MachineLearningProject-NOVAIMS2025/.venv/lib/python3.11/site-packages/sklearn/feature_selection/_univariate_selection.py:782: UserWarning: k=400 is greater than n_features=212. All the features will be returned.
  warnings.warn(
/projects/F202500002HPCVLABISTUL/Mehmet1700/MachineLearningProject-NOVAIMS2025/.venv/lib/python3.11/site-packages/sklearn/feature_selection/_univariate_selection.py:782: UserWarning: k=400 is greater than n_features=211. All the features will be returned.
  warnings.warn(
/projects/F202500002HPCVLABISTUL/Mehmet1700/MachineLearningProject-NOVAIMS2025/.venv/lib/python3.11/site-packages/sklearn/feature_selection/_univariate_selection.py:782: UserWarning: k=400 is greater than n_features=210. All the features will be returned.
  warnings.warn(
/projects/F202500002HPCVLABISTUL/Mehmet1700/MachineLearningProject-NOVAIMS2025/.venv/lib/python3.11/site-packages/sklearn/feature_selection/_univariate_selection.py:782: UserWarning: k=400 is greater than n_features=209. All the features will be returned.
  warnings.warn(
/projects/F202500002HPCVLABISTUL/Mehmet1700/MachineLearningProject-NOVAIMS2025/.venv/lib/python3.11/site-packages/sklearn/feature_selection/_univariate_selection.py:782: UserWarning: k=400 is greater than n_features=210. All the features will be returned.
  warnings.warn(
/projects/F202500002HPCVLABISTUL/Mehmet1700/MachineLearningProject-NOVAIMS2025/.venv/lib/python3.11/site-packages/sklearn/feature_selection/_univariate_selection.py:782: UserWarning: k=400 is greater than n_features=212. All the features will be returned.
  warnings.warn(
/projects/F202500002HPCVLABISTUL/Mehmet1700/MachineLearningProject-NOVAIMS2025/.venv/lib/python3.11/site-packages/sklearn/feature_selection/_univariate_selection.py:782: UserWarning: k=400 is greater than n_features=211. All the features will be returned.
  warnings.warn(
/projects/F202500002HPCVLABISTUL/Mehmet1700/MachineLearningProject-NOVAIMS2025/.venv/lib/python3.11/site-packages/sklearn/feature_selection/_univariate_selection.py:782: UserWarning: k=400 is greater than n_features=210. All the features will be returned.
  warnings.warn(
/projects/F202500002HPCVLABISTUL/Mehmet1700/MachineLearningProject-NOVAIMS2025/.venv/lib/python3.11/site-packages/sklearn/feature_selection/_univariate_selection.py:782: UserWarning: k=400 is greater than n_features=209. All the features will be returned.
  warnings.warn(
/projects/F202500002HPCVLABISTUL/Mehmet1700/MachineLearningProject-NOVAIMS2025/.venv/lib/python3.11/site-packages/sklearn/feature_selection/_univariate_selection.py:782: UserWarning: k=400 is greater than n_features=210. All the features will be returned.
  warnings.warn(
/projects/F202500002HPCVLABISTUL/Mehmet1700/MachineLearningProject-NOVAIMS2025/.venv/lib/python3.11/site-packages/sklearn/feature_selection/_univariate_selection.py:782: UserWarning: k=400 is greater than n_features=212. All the features will be returned.
  warnings.warn(
/projects/F202500002HPCVLABISTUL/Mehmet1700/MachineLearningProject-NOVAIMS2025/.venv/lib/python3.11/site-packages/sklearn/feature_selection/_univariate_selection.py:782: UserWarning: k=400 is greater than n_features=211. All the features will be returned.
  warnings.warn(
/projects/F202500002HPCVLABISTUL/Mehmet1700/MachineLearningProject-NOVAIMS2025/.venv/lib/python3.11/site-packages/sklearn/feature_selection/_univariate_selection.py:782: UserWarning: k=400 is greater than n_features=210. All the features will be returned.
  warnings.warn(
/projects/F202500002HPCVLABISTUL/Mehmet1700/MachineLearningProject-NOVAIMS2025/.venv/lib/python3.11/site-packages/sklearn/feature_selection/_univariate_selection.py:782: UserWarning: k=400 is greater than n_features=209. All the features will be returned.
  warnings.warn(
/projects/F202500002HPCVLABISTUL/Mehmet1700/MachineLearningProject-NOVAIMS2025/.venv/lib/python3.11/site-packages/sklearn/feature_selection/_univariate_selection.py:782: UserWarning: k=400 is greater than n_features=210. All the features will be returned.
  warnings.warn(
/projects/F202500002HPCVLABISTUL/Mehmet1700/MachineLearningProject-NOVAIMS2025/.venv/lib/python3.11/site-packages/sklearn/feature_selection/_univariate_selection.py:782: UserWarning: k=400 is greater than n_features=212. All the features will be returned.
  warnings.warn(
/projects/F202500002HPCVLABISTUL/Mehmet1700/MachineLearningProject-NOVAIMS2025/.venv/lib/python3.11/site-packages/sklearn/feature_selection/_univariate_selection.py:782: UserWarning: k=400 is greater than n_features=211. All the features will be returned.
  warnings.warn(
/projects/F202500002HPCVLABISTUL/Mehmet1700/MachineLearningProject-NOVAIMS2025/.venv/lib/python3.11/site-packages/sklearn/feature_selection/_univariate_selection.py:782: UserWarning: k=400 is greater than n_features=210. All the features will be returned.
  warnings.warn(
/projects/F202500002HPCVLABISTUL/Mehmet1700/MachineLearningProject-NOVAIMS2025/.venv/lib/python3.11/site-packages/sklearn/feature_selection/_univariate_selection.py:782: UserWarning: k=400 is greater than n_features=209. All the features will be returned.
  warnings.warn(
/projects/F202500002HPCVLABISTUL/Mehmet1700/MachineLearningProject-NOVAIMS2025/.venv/lib/python3.11/site-packages/sklearn/feature_selection/_univariate_selection.py:782: UserWarning: k=400 is greater than n_features=210. All the features will be returned.
  warnings.warn(
/projects/F202500002HPCVLABISTUL/Mehmet1700/MachineLearningProject-NOVAIMS2025/.venv/lib/python3.11/site-packages/sklearn/feature_selection/_univariate_selection.py:782: UserWarning: k=400 is greater than n_features=212. All the features will be returned.
  warnings.warn(
/projects/F202500002HPCVLABISTUL/Mehmet1700/MachineLearningProject-NOVAIMS2025/.venv/lib/python3.11/site-packages/sklearn/feature_selection/_univariate_selection.py:782: UserWarning: k=400 is greater than n_features=211. All the features will be returned.
  warnings.warn(
/projects/F202500002HPCVLABISTUL/Mehmet1700/MachineLearningProject-NOVAIMS2025/.venv/lib/python3.11/site-packages/sklearn/feature_selection/_univariate_selection.py:782: UserWarning: k=400 is greater than n_features=210. All the features will be returned.
  warnings.warn(
/projects/F202500002HPCVLABISTUL/Mehmet1700/MachineLearningProject-NOVAIMS2025/.venv/lib/python3.11/site-packages/sklearn/feature_selection/_univariate_selection.py:782: UserWarning: k=400 is greater than n_features=209. All the features will be returned.
  warnings.warn(
/projects/F202500002HPCVLABISTUL/Mehmet1700/MachineLearningProject-NOVAIMS2025/.venv/lib/python3.11/site-packages/sklearn/feature_selection/_univariate_selection.py:782: UserWarning: k=400 is greater than n_features=210. All the features will be returned.
  warnings.warn(
slurmstepd: error: *** JOB 686140 ON gnx506 CANCELLED AT 2025-11-17T17:06:11 ***
