Job started on gnx506 at Mon 17 Nov 17:06:45 WET 2025
Visible GPUs: [PhysicalDevice(name='/physical_device:GPU:0', device_type='GPU')]
Running main.py with Keras + GPU ...
----------------------------------------------------
====================================================
STEP 1: Load full train & test (rule-based cleaning only)
----------------------------------------------------
[TRAIN] duplicate carID count: 0
[TEST] duplicate carID count: 0
  -> X_full shape: (75973, 12)
  -> y_full shape: (75973,)
  -> X_test shape: (32567, 12)
  -> Columns: ['Brand', 'model', 'year', 'transmission', 'mileage', 'fuelType', 'tax', 'mpg', 'engineSize', 'paintQuality%', 'previousOwners', 'hasDamage']

====================================================
STEP 2: Add (model, engineSize) rarity feature
----------------------------------------------------
  -> Added column 'model_engine_freq'.
  -> Example of new column (first 5 rows):
0    7.155396
1    6.834109
2    4.844187
3    7.952263
4    5.855072
Name: model_engine_freq, dtype: float64

====================================================
STEP 3: Build base pipeline [preprocess -> feature_sel -> MLP]
----------------------------------------------------
  -> Pipeline structure:
     TransformedTargetRegressor(
       regressor=Pipeline(steps=[
           ('preprocess', ColumnTransformer(...)),
           ('feature_sel', <to be tuned>),
           ('model', MLPRegressor(...))
       ]),
       func=log1p, inverse_func=expm1
     )

====================================================
STEP 4: Set up 5-Fold CV + GridSearchCV with feature selection
----------------------------------------------------
  -> Feature selection candidates: 6
  -> Hidden_layer_sizes options:  3
  -> Learning rates options:      2
  -> Total hyperparameter configs: 36
  -> KFold splits:                 5
  -> Total model fits (approx):    180

====================================================
STEP 5: Run GridSearchCV (this may take a while)
----------------------------------------------------
Fitting 5 folds for each of 144 candidates, totalling 720 fits
[CV] END regressor__feature_sel=passthrough, regressor__model__batch_size=256, regressor__model__epochs=30, regressor__model__hidden_layer_sizes=(64, 32), regressor__model__learning_rate=0.001; total time=   2.3s
[CV] END regressor__feature_sel=passthrough, regressor__model__batch_size=256, regressor__model__epochs=30, regressor__model__hidden_layer_sizes=(64, 32), regressor__model__learning_rate=0.001; total time=   0.8s
[CV] END regressor__feature_sel=passthrough, regressor__model__batch_size=256, regressor__model__epochs=30, regressor__model__hidden_layer_sizes=(64, 32), regressor__model__learning_rate=0.001; total time=   0.7s
[CV] END regressor__feature_sel=passthrough, regressor__model__batch_size=256, regressor__model__epochs=30, regressor__model__hidden_layer_sizes=(64, 32), regressor__model__learning_rate=0.001; total time=   0.7s
[CV] END regressor__feature_sel=passthrough, regressor__model__batch_size=256, regressor__model__epochs=30, regressor__model__hidden_layer_sizes=(64, 32), regressor__model__learning_rate=0.001; total time=   0.8s
[CV] END regressor__feature_sel=passthrough, regressor__model__batch_size=256, regressor__model__epochs=30, regressor__model__hidden_layer_sizes=(64, 32), regressor__model__learning_rate=0.0005; total time=   0.7s
[CV] END regressor__feature_sel=passthrough, regressor__model__batch_size=256, regressor__model__epochs=30, regressor__model__hidden_layer_sizes=(64, 32), regressor__model__learning_rate=0.0005; total time=   0.7s
[CV] END regressor__feature_sel=passthrough, regressor__model__batch_size=256, regressor__model__epochs=30, regressor__model__hidden_layer_sizes=(64, 32), regressor__model__learning_rate=0.0005; total time=   0.7s
[CV] END regressor__feature_sel=passthrough, regressor__model__batch_size=256, regressor__model__epochs=30, regressor__model__hidden_layer_sizes=(64, 32), regressor__model__learning_rate=0.0005; total time=   0.8s
[CV] END regressor__feature_sel=passthrough, regressor__model__batch_size=256, regressor__model__epochs=30, regressor__model__hidden_layer_sizes=(64, 32), regressor__model__learning_rate=0.0005; total time=   0.7s
[CV] END regressor__feature_sel=passthrough, regressor__model__batch_size=256, regressor__model__epochs=30, regressor__model__hidden_layer_sizes=(128, 64), regressor__model__learning_rate=0.001; total time=   0.7s
[CV] END regressor__feature_sel=passthrough, regressor__model__batch_size=256, regressor__model__epochs=30, regressor__model__hidden_layer_sizes=(128, 64), regressor__model__learning_rate=0.001; total time=   0.7s
[CV] END regressor__feature_sel=passthrough, regressor__model__batch_size=256, regressor__model__epochs=30, regressor__model__hidden_layer_sizes=(128, 64), regressor__model__learning_rate=0.001; total time=   0.8s
[CV] END regressor__feature_sel=passthrough, regressor__model__batch_size=256, regressor__model__epochs=30, regressor__model__hidden_layer_sizes=(128, 64), regressor__model__learning_rate=0.001; total time=   0.7s
[CV] END regressor__feature_sel=passthrough, regressor__model__batch_size=256, regressor__model__epochs=30, regressor__model__hidden_layer_sizes=(128, 64), regressor__model__learning_rate=0.001; total time=   0.7s
[CV] END regressor__feature_sel=passthrough, regressor__model__batch_size=256, regressor__model__epochs=30, regressor__model__hidden_layer_sizes=(128, 64), regressor__model__learning_rate=0.0005; total time=   0.7s
[CV] END regressor__feature_sel=passthrough, regressor__model__batch_size=256, regressor__model__epochs=30, regressor__model__hidden_layer_sizes=(128, 64), regressor__model__learning_rate=0.0005; total time=   0.8s
[CV] END regressor__feature_sel=passthrough, regressor__model__batch_size=256, regressor__model__epochs=30, regressor__model__hidden_layer_sizes=(128, 64), regressor__model__learning_rate=0.0005; total time=   0.7s
[CV] END regressor__feature_sel=passthrough, regressor__model__batch_size=256, regressor__model__epochs=30, regressor__model__hidden_layer_sizes=(128, 64), regressor__model__learning_rate=0.0005; total time=   0.7s
[CV] END regressor__feature_sel=passthrough, regressor__model__batch_size=256, regressor__model__epochs=30, regressor__model__hidden_layer_sizes=(128, 64), regressor__model__learning_rate=0.0005; total time=   0.7s
[CV] END regressor__feature_sel=passthrough, regressor__model__batch_size=256, regressor__model__epochs=30, regressor__model__hidden_layer_sizes=(256, 128), regressor__model__learning_rate=0.001; total time=   0.8s
[CV] END regressor__feature_sel=passthrough, regressor__model__batch_size=256, regressor__model__epochs=30, regressor__model__hidden_layer_sizes=(256, 128), regressor__model__learning_rate=0.001; total time=   0.7s
[CV] END regressor__feature_sel=passthrough, regressor__model__batch_size=256, regressor__model__epochs=30, regressor__model__hidden_layer_sizes=(256, 128), regressor__model__learning_rate=0.001; total time=   0.7s
[CV] END regressor__feature_sel=passthrough, regressor__model__batch_size=256, regressor__model__epochs=30, regressor__model__hidden_layer_sizes=(256, 128), regressor__model__learning_rate=0.001; total time=   0.7s
[CV] END regressor__feature_sel=passthrough, regressor__model__batch_size=256, regressor__model__epochs=30, regressor__model__hidden_layer_sizes=(256, 128), regressor__model__learning_rate=0.001; total time=   0.8s
[CV] END regressor__feature_sel=passthrough, regressor__model__batch_size=256, regressor__model__epochs=30, regressor__model__hidden_layer_sizes=(256, 128), regressor__model__learning_rate=0.0005; total time=   0.7s
[CV] END regressor__feature_sel=passthrough, regressor__model__batch_size=256, regressor__model__epochs=30, regressor__model__hidden_layer_sizes=(256, 128), regressor__model__learning_rate=0.0005; total time=   0.7s
[CV] END regressor__feature_sel=passthrough, regressor__model__batch_size=256, regressor__model__epochs=30, regressor__model__hidden_layer_sizes=(256, 128), regressor__model__learning_rate=0.0005; total time=   0.7s
[CV] END regressor__feature_sel=passthrough, regressor__model__batch_size=256, regressor__model__epochs=30, regressor__model__hidden_layer_sizes=(256, 128), regressor__model__learning_rate=0.0005; total time=   0.8s
[CV] END regressor__feature_sel=passthrough, regressor__model__batch_size=256, regressor__model__epochs=30, regressor__model__hidden_layer_sizes=(256, 128), regressor__model__learning_rate=0.0005; total time=   0.7s
[CV] END regressor__feature_sel=passthrough, regressor__model__batch_size=256, regressor__model__epochs=50, regressor__model__hidden_layer_sizes=(64, 32), regressor__model__learning_rate=0.001; total time=   0.7s
[CV] END regressor__feature_sel=passthrough, regressor__model__batch_size=256, regressor__model__epochs=50, regressor__model__hidden_layer_sizes=(64, 32), regressor__model__learning_rate=0.001; total time=   0.7s
[CV] END regressor__feature_sel=passthrough, regressor__model__batch_size=256, regressor__model__epochs=50, regressor__model__hidden_layer_sizes=(64, 32), regressor__model__learning_rate=0.001; total time=   0.8s
[CV] END regressor__feature_sel=passthrough, regressor__model__batch_size=256, regressor__model__epochs=50, regressor__model__hidden_layer_sizes=(64, 32), regressor__model__learning_rate=0.001; total time=   0.7s
[CV] END regressor__feature_sel=passthrough, regressor__model__batch_size=256, regressor__model__epochs=50, regressor__model__hidden_layer_sizes=(64, 32), regressor__model__learning_rate=0.001; total time=   0.7s
[CV] END regressor__feature_sel=passthrough, regressor__model__batch_size=256, regressor__model__epochs=50, regressor__model__hidden_layer_sizes=(64, 32), regressor__model__learning_rate=0.0005; total time=   0.7s
[CV] END regressor__feature_sel=passthrough, regressor__model__batch_size=256, regressor__model__epochs=50, regressor__model__hidden_layer_sizes=(64, 32), regressor__model__learning_rate=0.0005; total time=   0.8s
[CV] END regressor__feature_sel=passthrough, regressor__model__batch_size=256, regressor__model__epochs=50, regressor__model__hidden_layer_sizes=(64, 32), regressor__model__learning_rate=0.0005; total time=   0.7s
[CV] END regressor__feature_sel=passthrough, regressor__model__batch_size=256, regressor__model__epochs=50, regressor__model__hidden_layer_sizes=(64, 32), regressor__model__learning_rate=0.0005; total time=   0.7s
[CV] END regressor__feature_sel=passthrough, regressor__model__batch_size=256, regressor__model__epochs=50, regressor__model__hidden_layer_sizes=(64, 32), regressor__model__learning_rate=0.0005; total time=   0.7s
[CV] END regressor__feature_sel=passthrough, regressor__model__batch_size=256, regressor__model__epochs=50, regressor__model__hidden_layer_sizes=(128, 64), regressor__model__learning_rate=0.001; total time=   0.8s
[CV] END regressor__feature_sel=passthrough, regressor__model__batch_size=256, regressor__model__epochs=50, regressor__model__hidden_layer_sizes=(128, 64), regressor__model__learning_rate=0.001; total time=   0.7s
[CV] END regressor__feature_sel=passthrough, regressor__model__batch_size=256, regressor__model__epochs=50, regressor__model__hidden_layer_sizes=(128, 64), regressor__model__learning_rate=0.001; total time=   0.7s
[CV] END regressor__feature_sel=passthrough, regressor__model__batch_size=256, regressor__model__epochs=50, regressor__model__hidden_layer_sizes=(128, 64), regressor__model__learning_rate=0.001; total time=   0.7s
[CV] END regressor__feature_sel=passthrough, regressor__model__batch_size=256, regressor__model__epochs=50, regressor__model__hidden_layer_sizes=(128, 64), regressor__model__learning_rate=0.001; total time=   0.8s
[CV] END regressor__feature_sel=passthrough, regressor__model__batch_size=256, regressor__model__epochs=50, regressor__model__hidden_layer_sizes=(128, 64), regressor__model__learning_rate=0.0005; total time=   0.7s
[CV] END regressor__feature_sel=passthrough, regressor__model__batch_size=256, regressor__model__epochs=50, regressor__model__hidden_layer_sizes=(128, 64), regressor__model__learning_rate=0.0005; total time=   0.7s
[CV] END regressor__feature_sel=passthrough, regressor__model__batch_size=256, regressor__model__epochs=50, regressor__model__hidden_layer_sizes=(128, 64), regressor__model__learning_rate=0.0005; total time=   0.7s
[CV] END regressor__feature_sel=passthrough, regressor__model__batch_size=256, regressor__model__epochs=50, regressor__model__hidden_layer_sizes=(128, 64), regressor__model__learning_rate=0.0005; total time=   0.8s
[CV] END regressor__feature_sel=passthrough, regressor__model__batch_size=256, regressor__model__epochs=50, regressor__model__hidden_layer_sizes=(128, 64), regressor__model__learning_rate=0.0005; total time=   0.7s
[CV] END regressor__feature_sel=passthrough, regressor__model__batch_size=256, regressor__model__epochs=50, regressor__model__hidden_layer_sizes=(256, 128), regressor__model__learning_rate=0.001; total time=   0.7s
[CV] END regressor__feature_sel=passthrough, regressor__model__batch_size=256, regressor__model__epochs=50, regressor__model__hidden_layer_sizes=(256, 128), regressor__model__learning_rate=0.001; total time=   0.7s
[CV] END regressor__feature_sel=passthrough, regressor__model__batch_size=256, regressor__model__epochs=50, regressor__model__hidden_layer_sizes=(256, 128), regressor__model__learning_rate=0.001; total time=   0.8s
[CV] END regressor__feature_sel=passthrough, regressor__model__batch_size=256, regressor__model__epochs=50, regressor__model__hidden_layer_sizes=(256, 128), regressor__model__learning_rate=0.001; total time=   0.7s
[CV] END regressor__feature_sel=passthrough, regressor__model__batch_size=256, regressor__model__epochs=50, regressor__model__hidden_layer_sizes=(256, 128), regressor__model__learning_rate=0.001; total time=   0.7s
[CV] END regressor__feature_sel=passthrough, regressor__model__batch_size=256, regressor__model__epochs=50, regressor__model__hidden_layer_sizes=(256, 128), regressor__model__learning_rate=0.0005; total time=   0.7s
[CV] END regressor__feature_sel=passthrough, regressor__model__batch_size=256, regressor__model__epochs=50, regressor__model__hidden_layer_sizes=(256, 128), regressor__model__learning_rate=0.0005; total time=   0.8s
[CV] END regressor__feature_sel=passthrough, regressor__model__batch_size=256, regressor__model__epochs=50, regressor__model__hidden_layer_sizes=(256, 128), regressor__model__learning_rate=0.0005; total time=   0.7s
[CV] END regressor__feature_sel=passthrough, regressor__model__batch_size=256, regressor__model__epochs=50, regressor__model__hidden_layer_sizes=(256, 128), regressor__model__learning_rate=0.0005; total time=   0.7s
[CV] END regressor__feature_sel=passthrough, regressor__model__batch_size=256, regressor__model__epochs=50, regressor__model__hidden_layer_sizes=(256, 128), regressor__model__learning_rate=0.0005; total time=   0.7s
[CV] END regressor__feature_sel=passthrough, regressor__model__batch_size=512, regressor__model__epochs=30, regressor__model__hidden_layer_sizes=(64, 32), regressor__model__learning_rate=0.001; total time=   0.8s
[CV] END regressor__feature_sel=passthrough, regressor__model__batch_size=512, regressor__model__epochs=30, regressor__model__hidden_layer_sizes=(64, 32), regressor__model__learning_rate=0.001; total time=   0.7s
[CV] END regressor__feature_sel=passthrough, regressor__model__batch_size=512, regressor__model__epochs=30, regressor__model__hidden_layer_sizes=(64, 32), regressor__model__learning_rate=0.001; total time=   0.7s
[CV] END regressor__feature_sel=passthrough, regressor__model__batch_size=512, regressor__model__epochs=30, regressor__model__hidden_layer_sizes=(64, 32), regressor__model__learning_rate=0.001; total time=   0.7s
[CV] END regressor__feature_sel=passthrough, regressor__model__batch_size=512, regressor__model__epochs=30, regressor__model__hidden_layer_sizes=(64, 32), regressor__model__learning_rate=0.001; total time=   0.8s
[CV] END regressor__feature_sel=passthrough, regressor__model__batch_size=512, regressor__model__epochs=30, regressor__model__hidden_layer_sizes=(64, 32), regressor__model__learning_rate=0.0005; total time=   0.7s
[CV] END regressor__feature_sel=passthrough, regressor__model__batch_size=512, regressor__model__epochs=30, regressor__model__hidden_layer_sizes=(64, 32), regressor__model__learning_rate=0.0005; total time=   0.7s
[CV] END regressor__feature_sel=passthrough, regressor__model__batch_size=512, regressor__model__epochs=30, regressor__model__hidden_layer_sizes=(64, 32), regressor__model__learning_rate=0.0005; total time=   0.7s
[CV] END regressor__feature_sel=passthrough, regressor__model__batch_size=512, regressor__model__epochs=30, regressor__model__hidden_layer_sizes=(64, 32), regressor__model__learning_rate=0.0005; total time=   0.9s
[CV] END regressor__feature_sel=passthrough, regressor__model__batch_size=512, regressor__model__epochs=30, regressor__model__hidden_layer_sizes=(64, 32), regressor__model__learning_rate=0.0005; total time=   0.7s
[CV] END regressor__feature_sel=passthrough, regressor__model__batch_size=512, regressor__model__epochs=30, regressor__model__hidden_layer_sizes=(128, 64), regressor__model__learning_rate=0.001; total time=   0.7s
[CV] END regressor__feature_sel=passthrough, regressor__model__batch_size=512, regressor__model__epochs=30, regressor__model__hidden_layer_sizes=(128, 64), regressor__model__learning_rate=0.001; total time=   0.7s
[CV] END regressor__feature_sel=passthrough, regressor__model__batch_size=512, regressor__model__epochs=30, regressor__model__hidden_layer_sizes=(128, 64), regressor__model__learning_rate=0.001; total time=   0.8s
[CV] END regressor__feature_sel=passthrough, regressor__model__batch_size=512, regressor__model__epochs=30, regressor__model__hidden_layer_sizes=(128, 64), regressor__model__learning_rate=0.001; total time=   0.7s
[CV] END regressor__feature_sel=passthrough, regressor__model__batch_size=512, regressor__model__epochs=30, regressor__model__hidden_layer_sizes=(128, 64), regressor__model__learning_rate=0.001; total time=   0.7s
[CV] END regressor__feature_sel=passthrough, regressor__model__batch_size=512, regressor__model__epochs=30, regressor__model__hidden_layer_sizes=(128, 64), regressor__model__learning_rate=0.0005; total time=   0.7s
[CV] END regressor__feature_sel=passthrough, regressor__model__batch_size=512, regressor__model__epochs=30, regressor__model__hidden_layer_sizes=(128, 64), regressor__model__learning_rate=0.0005; total time=   0.8s
[CV] END regressor__feature_sel=passthrough, regressor__model__batch_size=512, regressor__model__epochs=30, regressor__model__hidden_layer_sizes=(128, 64), regressor__model__learning_rate=0.0005; total time=   0.7s
[CV] END regressor__feature_sel=passthrough, regressor__model__batch_size=512, regressor__model__epochs=30, regressor__model__hidden_layer_sizes=(128, 64), regressor__model__learning_rate=0.0005; total time=   0.7s
[CV] END regressor__feature_sel=passthrough, regressor__model__batch_size=512, regressor__model__epochs=30, regressor__model__hidden_layer_sizes=(128, 64), regressor__model__learning_rate=0.0005; total time=   0.7s
[CV] END regressor__feature_sel=passthrough, regressor__model__batch_size=512, regressor__model__epochs=30, regressor__model__hidden_layer_sizes=(256, 128), regressor__model__learning_rate=0.001; total time=   0.8s
[CV] END regressor__feature_sel=passthrough, regressor__model__batch_size=512, regressor__model__epochs=30, regressor__model__hidden_layer_sizes=(256, 128), regressor__model__learning_rate=0.001; total time=   0.7s
[CV] END regressor__feature_sel=passthrough, regressor__model__batch_size=512, regressor__model__epochs=30, regressor__model__hidden_layer_sizes=(256, 128), regressor__model__learning_rate=0.001; total time=   0.7s
[CV] END regressor__feature_sel=passthrough, regressor__model__batch_size=512, regressor__model__epochs=30, regressor__model__hidden_layer_sizes=(256, 128), regressor__model__learning_rate=0.001; total time=   0.7s
[CV] END regressor__feature_sel=passthrough, regressor__model__batch_size=512, regressor__model__epochs=30, regressor__model__hidden_layer_sizes=(256, 128), regressor__model__learning_rate=0.001; total time=   0.8s
[CV] END regressor__feature_sel=passthrough, regressor__model__batch_size=512, regressor__model__epochs=30, regressor__model__hidden_layer_sizes=(256, 128), regressor__model__learning_rate=0.0005; total time=   0.7s
[CV] END regressor__feature_sel=passthrough, regressor__model__batch_size=512, regressor__model__epochs=30, regressor__model__hidden_layer_sizes=(256, 128), regressor__model__learning_rate=0.0005; total time=   0.7s
[CV] END regressor__feature_sel=passthrough, regressor__model__batch_size=512, regressor__model__epochs=30, regressor__model__hidden_layer_sizes=(256, 128), regressor__model__learning_rate=0.0005; total time=   0.7s
[CV] END regressor__feature_sel=passthrough, regressor__model__batch_size=512, regressor__model__epochs=30, regressor__model__hidden_layer_sizes=(256, 128), regressor__model__learning_rate=0.0005; total time=   0.8s
[CV] END regressor__feature_sel=passthrough, regressor__model__batch_size=512, regressor__model__epochs=30, regressor__model__hidden_layer_sizes=(256, 128), regressor__model__learning_rate=0.0005; total time=   0.7s
[CV] END regressor__feature_sel=passthrough, regressor__model__batch_size=512, regressor__model__epochs=50, regressor__model__hidden_layer_sizes=(64, 32), regressor__model__learning_rate=0.001; total time=   0.7s
[CV] END regressor__feature_sel=passthrough, regressor__model__batch_size=512, regressor__model__epochs=50, regressor__model__hidden_layer_sizes=(64, 32), regressor__model__learning_rate=0.001; total time=   0.7s
[CV] END regressor__feature_sel=passthrough, regressor__model__batch_size=512, regressor__model__epochs=50, regressor__model__hidden_layer_sizes=(64, 32), regressor__model__learning_rate=0.001; total time=   0.8s
[CV] END regressor__feature_sel=passthrough, regressor__model__batch_size=512, regressor__model__epochs=50, regressor__model__hidden_layer_sizes=(64, 32), regressor__model__learning_rate=0.001; total time=   0.7s
[CV] END regressor__feature_sel=passthrough, regressor__model__batch_size=512, regressor__model__epochs=50, regressor__model__hidden_layer_sizes=(64, 32), regressor__model__learning_rate=0.001; total time=   0.7s
[CV] END regressor__feature_sel=passthrough, regressor__model__batch_size=512, regressor__model__epochs=50, regressor__model__hidden_layer_sizes=(64, 32), regressor__model__learning_rate=0.0005; total time=   0.7s
[CV] END regressor__feature_sel=passthrough, regressor__model__batch_size=512, regressor__model__epochs=50, regressor__model__hidden_layer_sizes=(64, 32), regressor__model__learning_rate=0.0005; total time=   0.8s
[CV] END regressor__feature_sel=passthrough, regressor__model__batch_size=512, regressor__model__epochs=50, regressor__model__hidden_layer_sizes=(64, 32), regressor__model__learning_rate=0.0005; total time=   0.7s
[CV] END regressor__feature_sel=passthrough, regressor__model__batch_size=512, regressor__model__epochs=50, regressor__model__hidden_layer_sizes=(64, 32), regressor__model__learning_rate=0.0005; total time=   0.7s
[CV] END regressor__feature_sel=passthrough, regressor__model__batch_size=512, regressor__model__epochs=50, regressor__model__hidden_layer_sizes=(64, 32), regressor__model__learning_rate=0.0005; total time=   0.7s
[CV] END regressor__feature_sel=passthrough, regressor__model__batch_size=512, regressor__model__epochs=50, regressor__model__hidden_layer_sizes=(128, 64), regressor__model__learning_rate=0.001; total time=   0.8s
[CV] END regressor__feature_sel=passthrough, regressor__model__batch_size=512, regressor__model__epochs=50, regressor__model__hidden_layer_sizes=(128, 64), regressor__model__learning_rate=0.001; total time=   0.7s
[CV] END regressor__feature_sel=passthrough, regressor__model__batch_size=512, regressor__model__epochs=50, regressor__model__hidden_layer_sizes=(128, 64), regressor__model__learning_rate=0.001; total time=   0.7s
[CV] END regressor__feature_sel=passthrough, regressor__model__batch_size=512, regressor__model__epochs=50, regressor__model__hidden_layer_sizes=(128, 64), regressor__model__learning_rate=0.001; total time=   0.7s
[CV] END regressor__feature_sel=passthrough, regressor__model__batch_size=512, regressor__model__epochs=50, regressor__model__hidden_layer_sizes=(128, 64), regressor__model__learning_rate=0.001; total time=   0.8s
[CV] END regressor__feature_sel=passthrough, regressor__model__batch_size=512, regressor__model__epochs=50, regressor__model__hidden_layer_sizes=(128, 64), regressor__model__learning_rate=0.0005; total time=   0.7s
[CV] END regressor__feature_sel=passthrough, regressor__model__batch_size=512, regressor__model__epochs=50, regressor__model__hidden_layer_sizes=(128, 64), regressor__model__learning_rate=0.0005; total time=   0.7s
[CV] END regressor__feature_sel=passthrough, regressor__model__batch_size=512, regressor__model__epochs=50, regressor__model__hidden_layer_sizes=(128, 64), regressor__model__learning_rate=0.0005; total time=   0.7s
[CV] END regressor__feature_sel=passthrough, regressor__model__batch_size=512, regressor__model__epochs=50, regressor__model__hidden_layer_sizes=(128, 64), regressor__model__learning_rate=0.0005; total time=   0.8s
[CV] END regressor__feature_sel=passthrough, regressor__model__batch_size=512, regressor__model__epochs=50, regressor__model__hidden_layer_sizes=(128, 64), regressor__model__learning_rate=0.0005; total time=   0.7s
[CV] END regressor__feature_sel=passthrough, regressor__model__batch_size=512, regressor__model__epochs=50, regressor__model__hidden_layer_sizes=(256, 128), regressor__model__learning_rate=0.001; total time=   0.7s
[CV] END regressor__feature_sel=passthrough, regressor__model__batch_size=512, regressor__model__epochs=50, regressor__model__hidden_layer_sizes=(256, 128), regressor__model__learning_rate=0.001; total time=   0.7s
[CV] END regressor__feature_sel=passthrough, regressor__model__batch_size=512, regressor__model__epochs=50, regressor__model__hidden_layer_sizes=(256, 128), regressor__model__learning_rate=0.001; total time=   0.8s
[CV] END regressor__feature_sel=passthrough, regressor__model__batch_size=512, regressor__model__epochs=50, regressor__model__hidden_layer_sizes=(256, 128), regressor__model__learning_rate=0.001; total time=   0.7s
[CV] END regressor__feature_sel=passthrough, regressor__model__batch_size=512, regressor__model__epochs=50, regressor__model__hidden_layer_sizes=(256, 128), regressor__model__learning_rate=0.001; total time=   0.7s
[CV] END regressor__feature_sel=passthrough, regressor__model__batch_size=512, regressor__model__epochs=50, regressor__model__hidden_layer_sizes=(256, 128), regressor__model__learning_rate=0.0005; total time=   0.7s
[CV] END regressor__feature_sel=passthrough, regressor__model__batch_size=512, regressor__model__epochs=50, regressor__model__hidden_layer_sizes=(256, 128), regressor__model__learning_rate=0.0005; total time=   0.8s
[CV] END regressor__feature_sel=passthrough, regressor__model__batch_size=512, regressor__model__epochs=50, regressor__model__hidden_layer_sizes=(256, 128), regressor__model__learning_rate=0.0005; total time=   0.7s
[CV] END regressor__feature_sel=passthrough, regressor__model__batch_size=512, regressor__model__epochs=50, regressor__model__hidden_layer_sizes=(256, 128), regressor__model__learning_rate=0.0005; total time=   0.7s
[CV] END regressor__feature_sel=passthrough, regressor__model__batch_size=512, regressor__model__epochs=50, regressor__model__hidden_layer_sizes=(256, 128), regressor__model__learning_rate=0.0005; total time=   0.7s
[CV] END regressor__feature_sel=SelectKBest(k=200, score_func=<function f_regression at 0x7f9e956fc360>), regressor__model__batch_size=256, regressor__model__epochs=30, regressor__model__hidden_layer_sizes=(64, 32), regressor__model__learning_rate=0.001; total time=   0.8s
[CV] END regressor__feature_sel=SelectKBest(k=200, score_func=<function f_regression at 0x7f9e956fc360>), regressor__model__batch_size=256, regressor__model__epochs=30, regressor__model__hidden_layer_sizes=(64, 32), regressor__model__learning_rate=0.001; total time=   0.7s
[CV] END regressor__feature_sel=SelectKBest(k=200, score_func=<function f_regression at 0x7f9e956fc360>), regressor__model__batch_size=256, regressor__model__epochs=30, regressor__model__hidden_layer_sizes=(64, 32), regressor__model__learning_rate=0.001; total time=   0.7s
[CV] END regressor__feature_sel=SelectKBest(k=200, score_func=<function f_regression at 0x7f9e956fc360>), regressor__model__batch_size=256, regressor__model__epochs=30, regressor__model__hidden_layer_sizes=(64, 32), regressor__model__learning_rate=0.001; total time=   0.7s
[CV] END regressor__feature_sel=SelectKBest(k=200, score_func=<function f_regression at 0x7f9e956fc360>), regressor__model__batch_size=256, regressor__model__epochs=30, regressor__model__hidden_layer_sizes=(64, 32), regressor__model__learning_rate=0.001; total time=   0.7s
[CV] END regressor__feature_sel=SelectKBest(k=200, score_func=<function f_regression at 0x7f9e956fc360>), regressor__model__batch_size=256, regressor__model__epochs=30, regressor__model__hidden_layer_sizes=(64, 32), regressor__model__learning_rate=0.0005; total time=   0.7s
[CV] END regressor__feature_sel=SelectKBest(k=200, score_func=<function f_regression at 0x7f9e956fc360>), regressor__model__batch_size=256, regressor__model__epochs=30, regressor__model__hidden_layer_sizes=(64, 32), regressor__model__learning_rate=0.0005; total time=   0.7s
[CV] END regressor__feature_sel=SelectKBest(k=200, score_func=<function f_regression at 0x7f9e956fc360>), regressor__model__batch_size=256, regressor__model__epochs=30, regressor__model__hidden_layer_sizes=(64, 32), regressor__model__learning_rate=0.0005; total time=   0.8s
[CV] END regressor__feature_sel=SelectKBest(k=200, score_func=<function f_regression at 0x7f9e956fc360>), regressor__model__batch_size=256, regressor__model__epochs=30, regressor__model__hidden_layer_sizes=(64, 32), regressor__model__learning_rate=0.0005; total time=   0.7s
[CV] END regressor__feature_sel=SelectKBest(k=200, score_func=<function f_regression at 0x7f9e956fc360>), regressor__model__batch_size=256, regressor__model__epochs=30, regressor__model__hidden_layer_sizes=(64, 32), regressor__model__learning_rate=0.0005; total time=   0.7s
[CV] END regressor__feature_sel=SelectKBest(k=200, score_func=<function f_regression at 0x7f9e956fc360>), regressor__model__batch_size=256, regressor__model__epochs=30, regressor__model__hidden_layer_sizes=(128, 64), regressor__model__learning_rate=0.001; total time=   0.7s
[CV] END regressor__feature_sel=SelectKBest(k=200, score_func=<function f_regression at 0x7f9e956fc360>), regressor__model__batch_size=256, regressor__model__epochs=30, regressor__model__hidden_layer_sizes=(128, 64), regressor__model__learning_rate=0.001; total time=   0.7s
[CV] END regressor__feature_sel=SelectKBest(k=200, score_func=<function f_regression at 0x7f9e956fc360>), regressor__model__batch_size=256, regressor__model__epochs=30, regressor__model__hidden_layer_sizes=(128, 64), regressor__model__learning_rate=0.001; total time=   0.7s
[CV] END regressor__feature_sel=SelectKBest(k=200, score_func=<function f_regression at 0x7f9e956fc360>), regressor__model__batch_size=256, regressor__model__epochs=30, regressor__model__hidden_layer_sizes=(128, 64), regressor__model__learning_rate=0.001; total time=   0.7s
[CV] END regressor__feature_sel=SelectKBest(k=200, score_func=<function f_regression at 0x7f9e956fc360>), regressor__model__batch_size=256, regressor__model__epochs=30, regressor__model__hidden_layer_sizes=(128, 64), regressor__model__learning_rate=0.001; total time=   0.7s
[CV] END regressor__feature_sel=SelectKBest(k=200, score_func=<function f_regression at 0x7f9e956fc360>), regressor__model__batch_size=256, regressor__model__epochs=30, regressor__model__hidden_layer_sizes=(128, 64), regressor__model__learning_rate=0.0005; total time=   0.8s
[CV] END regressor__feature_sel=SelectKBest(k=200, score_func=<function f_regression at 0x7f9e956fc360>), regressor__model__batch_size=256, regressor__model__epochs=30, regressor__model__hidden_layer_sizes=(128, 64), regressor__model__learning_rate=0.0005; total time=   0.7s
[CV] END regressor__feature_sel=SelectKBest(k=200, score_func=<function f_regression at 0x7f9e956fc360>), regressor__model__batch_size=256, regressor__model__epochs=30, regressor__model__hidden_layer_sizes=(128, 64), regressor__model__learning_rate=0.0005; total time=   0.7s
[CV] END regressor__feature_sel=SelectKBest(k=200, score_func=<function f_regression at 0x7f9e956fc360>), regressor__model__batch_size=256, regressor__model__epochs=30, regressor__model__hidden_layer_sizes=(128, 64), regressor__model__learning_rate=0.0005; total time=   0.7s
[CV] END regressor__feature_sel=SelectKBest(k=200, score_func=<function f_regression at 0x7f9e956fc360>), regressor__model__batch_size=256, regressor__model__epochs=30, regressor__model__hidden_layer_sizes=(128, 64), regressor__model__learning_rate=0.0005; total time=   0.7s
[CV] END regressor__feature_sel=SelectKBest(k=200, score_func=<function f_regression at 0x7f9e956fc360>), regressor__model__batch_size=256, regressor__model__epochs=30, regressor__model__hidden_layer_sizes=(256, 128), regressor__model__learning_rate=0.001; total time=   0.7s
[CV] END regressor__feature_sel=SelectKBest(k=200, score_func=<function f_regression at 0x7f9e956fc360>), regressor__model__batch_size=256, regressor__model__epochs=30, regressor__model__hidden_layer_sizes=(256, 128), regressor__model__learning_rate=0.001; total time=   0.8s
[CV] END regressor__feature_sel=SelectKBest(k=200, score_func=<function f_regression at 0x7f9e956fc360>), regressor__model__batch_size=256, regressor__model__epochs=30, regressor__model__hidden_layer_sizes=(256, 128), regressor__model__learning_rate=0.001; total time=   0.8s
[CV] END regressor__feature_sel=SelectKBest(k=200, score_func=<function f_regression at 0x7f9e956fc360>), regressor__model__batch_size=256, regressor__model__epochs=30, regressor__model__hidden_layer_sizes=(256, 128), regressor__model__learning_rate=0.001; total time=   0.7s
[CV] END regressor__feature_sel=SelectKBest(k=200, score_func=<function f_regression at 0x7f9e956fc360>), regressor__model__batch_size=256, regressor__model__epochs=30, regressor__model__hidden_layer_sizes=(256, 128), regressor__model__learning_rate=0.001; total time=   0.8s
[CV] END regressor__feature_sel=SelectKBest(k=200, score_func=<function f_regression at 0x7f9e956fc360>), regressor__model__batch_size=256, regressor__model__epochs=30, regressor__model__hidden_layer_sizes=(256, 128), regressor__model__learning_rate=0.0005; total time=   0.8s
[CV] END regressor__feature_sel=SelectKBest(k=200, score_func=<function f_regression at 0x7f9e956fc360>), regressor__model__batch_size=256, regressor__model__epochs=30, regressor__model__hidden_layer_sizes=(256, 128), regressor__model__learning_rate=0.0005; total time=   0.7s
[CV] END regressor__feature_sel=SelectKBest(k=200, score_func=<function f_regression at 0x7f9e956fc360>), regressor__model__batch_size=256, regressor__model__epochs=30, regressor__model__hidden_layer_sizes=(256, 128), regressor__model__learning_rate=0.0005; total time=   0.7s
[CV] END regressor__feature_sel=SelectKBest(k=200, score_func=<function f_regression at 0x7f9e956fc360>), regressor__model__batch_size=256, regressor__model__epochs=30, regressor__model__hidden_layer_sizes=(256, 128), regressor__model__learning_rate=0.0005; total time=   0.9s
[CV] END regressor__feature_sel=SelectKBest(k=200, score_func=<function f_regression at 0x7f9e956fc360>), regressor__model__batch_size=256, regressor__model__epochs=30, regressor__model__hidden_layer_sizes=(256, 128), regressor__model__learning_rate=0.0005; total time=   0.8s
[CV] END regressor__feature_sel=SelectKBest(k=200, score_func=<function f_regression at 0x7f9e956fc360>), regressor__model__batch_size=256, regressor__model__epochs=50, regressor__model__hidden_layer_sizes=(64, 32), regressor__model__learning_rate=0.001; total time=   0.7s
[CV] END regressor__feature_sel=SelectKBest(k=200, score_func=<function f_regression at 0x7f9e956fc360>), regressor__model__batch_size=256, regressor__model__epochs=50, regressor__model__hidden_layer_sizes=(64, 32), regressor__model__learning_rate=0.001; total time=   0.7s
[CV] END regressor__feature_sel=SelectKBest(k=200, score_func=<function f_regression at 0x7f9e956fc360>), regressor__model__batch_size=256, regressor__model__epochs=50, regressor__model__hidden_layer_sizes=(64, 32), regressor__model__learning_rate=0.001; total time=   0.8s
[CV] END regressor__feature_sel=SelectKBest(k=200, score_func=<function f_regression at 0x7f9e956fc360>), regressor__model__batch_size=256, regressor__model__epochs=50, regressor__model__hidden_layer_sizes=(64, 32), regressor__model__learning_rate=0.001; total time=   0.7s
[CV] END regressor__feature_sel=SelectKBest(k=200, score_func=<function f_regression at 0x7f9e956fc360>), regressor__model__batch_size=256, regressor__model__epochs=50, regressor__model__hidden_layer_sizes=(64, 32), regressor__model__learning_rate=0.001; total time=   0.7s
[CV] END regressor__feature_sel=SelectKBest(k=200, score_func=<function f_regression at 0x7f9e956fc360>), regressor__model__batch_size=256, regressor__model__epochs=50, regressor__model__hidden_layer_sizes=(64, 32), regressor__model__learning_rate=0.0005; total time=   0.7s
[CV] END regressor__feature_sel=SelectKBest(k=200, score_func=<function f_regression at 0x7f9e956fc360>), regressor__model__batch_size=256, regressor__model__epochs=50, regressor__model__hidden_layer_sizes=(64, 32), regressor__model__learning_rate=0.0005; total time=   0.8s
[CV] END regressor__feature_sel=SelectKBest(k=200, score_func=<function f_regression at 0x7f9e956fc360>), regressor__model__batch_size=256, regressor__model__epochs=50, regressor__model__hidden_layer_sizes=(64, 32), regressor__model__learning_rate=0.0005; total time=   0.6s
[CV] END regressor__feature_sel=SelectKBest(k=200, score_func=<function f_regression at 0x7f9e956fc360>), regressor__model__batch_size=256, regressor__model__epochs=50, regressor__model__hidden_layer_sizes=(64, 32), regressor__model__learning_rate=0.0005; total time=   0.8s
[CV] END regressor__feature_sel=SelectKBest(k=200, score_func=<function f_regression at 0x7f9e956fc360>), regressor__model__batch_size=256, regressor__model__epochs=50, regressor__model__hidden_layer_sizes=(64, 32), regressor__model__learning_rate=0.0005; total time=   0.7s
[CV] END regressor__feature_sel=SelectKBest(k=200, score_func=<function f_regression at 0x7f9e956fc360>), regressor__model__batch_size=256, regressor__model__epochs=50, regressor__model__hidden_layer_sizes=(128, 64), regressor__model__learning_rate=0.001; total time=   0.7s
[CV] END regressor__feature_sel=SelectKBest(k=200, score_func=<function f_regression at 0x7f9e956fc360>), regressor__model__batch_size=256, regressor__model__epochs=50, regressor__model__hidden_layer_sizes=(128, 64), regressor__model__learning_rate=0.001; total time=   0.7s
[CV] END regressor__feature_sel=SelectKBest(k=200, score_func=<function f_regression at 0x7f9e956fc360>), regressor__model__batch_size=256, regressor__model__epochs=50, regressor__model__hidden_layer_sizes=(128, 64), regressor__model__learning_rate=0.001; total time=   0.8s
[CV] END regressor__feature_sel=SelectKBest(k=200, score_func=<function f_regression at 0x7f9e956fc360>), regressor__model__batch_size=256, regressor__model__epochs=50, regressor__model__hidden_layer_sizes=(128, 64), regressor__model__learning_rate=0.001; total time=   0.7s
[CV] END regressor__feature_sel=SelectKBest(k=200, score_func=<function f_regression at 0x7f9e956fc360>), regressor__model__batch_size=256, regressor__model__epochs=50, regressor__model__hidden_layer_sizes=(128, 64), regressor__model__learning_rate=0.001; total time=   0.7s
[CV] END regressor__feature_sel=SelectKBest(k=200, score_func=<function f_regression at 0x7f9e956fc360>), regressor__model__batch_size=256, regressor__model__epochs=50, regressor__model__hidden_layer_sizes=(128, 64), regressor__model__learning_rate=0.0005; total time=   0.7s
[CV] END regressor__feature_sel=SelectKBest(k=200, score_func=<function f_regression at 0x7f9e956fc360>), regressor__model__batch_size=256, regressor__model__epochs=50, regressor__model__hidden_layer_sizes=(128, 64), regressor__model__learning_rate=0.0005; total time=   0.8s
[CV] END regressor__feature_sel=SelectKBest(k=200, score_func=<function f_regression at 0x7f9e956fc360>), regressor__model__batch_size=256, regressor__model__epochs=50, regressor__model__hidden_layer_sizes=(128, 64), regressor__model__learning_rate=0.0005; total time=   0.7s
[CV] END regressor__feature_sel=SelectKBest(k=200, score_func=<function f_regression at 0x7f9e956fc360>), regressor__model__batch_size=256, regressor__model__epochs=50, regressor__model__hidden_layer_sizes=(128, 64), regressor__model__learning_rate=0.0005; total time=   0.7s
[CV] END regressor__feature_sel=SelectKBest(k=200, score_func=<function f_regression at 0x7f9e956fc360>), regressor__model__batch_size=256, regressor__model__epochs=50, regressor__model__hidden_layer_sizes=(128, 64), regressor__model__learning_rate=0.0005; total time=   0.7s
[CV] END regressor__feature_sel=SelectKBest(k=200, score_func=<function f_regression at 0x7f9e956fc360>), regressor__model__batch_size=256, regressor__model__epochs=50, regressor__model__hidden_layer_sizes=(256, 128), regressor__model__learning_rate=0.001; total time=   0.7s
[CV] END regressor__feature_sel=SelectKBest(k=200, score_func=<function f_regression at 0x7f9e956fc360>), regressor__model__batch_size=256, regressor__model__epochs=50, regressor__model__hidden_layer_sizes=(256, 128), regressor__model__learning_rate=0.001; total time=   0.7s
[CV] END regressor__feature_sel=SelectKBest(k=200, score_func=<function f_regression at 0x7f9e956fc360>), regressor__model__batch_size=256, regressor__model__epochs=50, regressor__model__hidden_layer_sizes=(256, 128), regressor__model__learning_rate=0.001; total time=   0.8s
[CV] END regressor__feature_sel=SelectKBest(k=200, score_func=<function f_regression at 0x7f9e956fc360>), regressor__model__batch_size=256, regressor__model__epochs=50, regressor__model__hidden_layer_sizes=(256, 128), regressor__model__learning_rate=0.001; total time=   0.7s
[CV] END regressor__feature_sel=SelectKBest(k=200, score_func=<function f_regression at 0x7f9e956fc360>), regressor__model__batch_size=256, regressor__model__epochs=50, regressor__model__hidden_layer_sizes=(256, 128), regressor__model__learning_rate=0.001; total time=   0.7s
[CV] END regressor__feature_sel=SelectKBest(k=200, score_func=<function f_regression at 0x7f9e956fc360>), regressor__model__batch_size=256, regressor__model__epochs=50, regressor__model__hidden_layer_sizes=(256, 128), regressor__model__learning_rate=0.0005; total time=   0.7s
[CV] END regressor__feature_sel=SelectKBest(k=200, score_func=<function f_regression at 0x7f9e956fc360>), regressor__model__batch_size=256, regressor__model__epochs=50, regressor__model__hidden_layer_sizes=(256, 128), regressor__model__learning_rate=0.0005; total time=   0.7s
[CV] END regressor__feature_sel=SelectKBest(k=200, score_func=<function f_regression at 0x7f9e956fc360>), regressor__model__batch_size=256, regressor__model__epochs=50, regressor__model__hidden_layer_sizes=(256, 128), regressor__model__learning_rate=0.0005; total time=   0.7s
[CV] END regressor__feature_sel=SelectKBest(k=200, score_func=<function f_regression at 0x7f9e956fc360>), regressor__model__batch_size=256, regressor__model__epochs=50, regressor__model__hidden_layer_sizes=(256, 128), regressor__model__learning_rate=0.0005; total time=   0.7s
[CV] END regressor__feature_sel=SelectKBest(k=200, score_func=<function f_regression at 0x7f9e956fc360>), regressor__model__batch_size=256, regressor__model__epochs=50, regressor__model__hidden_layer_sizes=(256, 128), regressor__model__learning_rate=0.0005; total time=   0.7s
[CV] END regressor__feature_sel=SelectKBest(k=200, score_func=<function f_regression at 0x7f9e956fc360>), regressor__model__batch_size=512, regressor__model__epochs=30, regressor__model__hidden_layer_sizes=(64, 32), regressor__model__learning_rate=0.001; total time=   0.9s
[CV] END regressor__feature_sel=SelectKBest(k=200, score_func=<function f_regression at 0x7f9e956fc360>), regressor__model__batch_size=512, regressor__model__epochs=30, regressor__model__hidden_layer_sizes=(64, 32), regressor__model__learning_rate=0.001; total time=   0.8s
[CV] END regressor__feature_sel=SelectKBest(k=200, score_func=<function f_regression at 0x7f9e956fc360>), regressor__model__batch_size=512, regressor__model__epochs=30, regressor__model__hidden_layer_sizes=(64, 32), regressor__model__learning_rate=0.001; total time=   0.7s
[CV] END regressor__feature_sel=SelectKBest(k=200, score_func=<function f_regression at 0x7f9e956fc360>), regressor__model__batch_size=512, regressor__model__epochs=30, regressor__model__hidden_layer_sizes=(64, 32), regressor__model__learning_rate=0.001; total time=   0.7s
[CV] END regressor__feature_sel=SelectKBest(k=200, score_func=<function f_regression at 0x7f9e956fc360>), regressor__model__batch_size=512, regressor__model__epochs=30, regressor__model__hidden_layer_sizes=(64, 32), regressor__model__learning_rate=0.001; total time=   0.8s
[CV] END regressor__feature_sel=SelectKBest(k=200, score_func=<function f_regression at 0x7f9e956fc360>), regressor__model__batch_size=512, regressor__model__epochs=30, regressor__model__hidden_layer_sizes=(64, 32), regressor__model__learning_rate=0.0005; total time=   0.7s
[CV] END regressor__feature_sel=SelectKBest(k=200, score_func=<function f_regression at 0x7f9e956fc360>), regressor__model__batch_size=512, regressor__model__epochs=30, regressor__model__hidden_layer_sizes=(64, 32), regressor__model__learning_rate=0.0005; total time=   0.8s
[CV] END regressor__feature_sel=SelectKBest(k=200, score_func=<function f_regression at 0x7f9e956fc360>), regressor__model__batch_size=512, regressor__model__epochs=30, regressor__model__hidden_layer_sizes=(64, 32), regressor__model__learning_rate=0.0005; total time=   0.7s
[CV] END regressor__feature_sel=SelectKBest(k=200, score_func=<function f_regression at 0x7f9e956fc360>), regressor__model__batch_size=512, regressor__model__epochs=30, regressor__model__hidden_layer_sizes=(64, 32), regressor__model__learning_rate=0.0005; total time=   0.7s
[CV] END regressor__feature_sel=SelectKBest(k=200, score_func=<function f_regression at 0x7f9e956fc360>), regressor__model__batch_size=512, regressor__model__epochs=30, regressor__model__hidden_layer_sizes=(64, 32), regressor__model__learning_rate=0.0005; total time=   0.7s
[CV] END regressor__feature_sel=SelectKBest(k=200, score_func=<function f_regression at 0x7f9e956fc360>), regressor__model__batch_size=512, regressor__model__epochs=30, regressor__model__hidden_layer_sizes=(128, 64), regressor__model__learning_rate=0.001; total time=   0.7s
[CV] END regressor__feature_sel=SelectKBest(k=200, score_func=<function f_regression at 0x7f9e956fc360>), regressor__model__batch_size=512, regressor__model__epochs=30, regressor__model__hidden_layer_sizes=(128, 64), regressor__model__learning_rate=0.001; total time=   0.7s
[CV] END regressor__feature_sel=SelectKBest(k=200, score_func=<function f_regression at 0x7f9e956fc360>), regressor__model__batch_size=512, regressor__model__epochs=30, regressor__model__hidden_layer_sizes=(128, 64), regressor__model__learning_rate=0.001; total time=   0.7s
[CV] END regressor__feature_sel=SelectKBest(k=200, score_func=<function f_regression at 0x7f9e956fc360>), regressor__model__batch_size=512, regressor__model__epochs=30, regressor__model__hidden_layer_sizes=(128, 64), regressor__model__learning_rate=0.001; total time=   0.8s
[CV] END regressor__feature_sel=SelectKBest(k=200, score_func=<function f_regression at 0x7f9e956fc360>), regressor__model__batch_size=512, regressor__model__epochs=30, regressor__model__hidden_layer_sizes=(128, 64), regressor__model__learning_rate=0.001; total time=   0.8s
[CV] END regressor__feature_sel=SelectKBest(k=200, score_func=<function f_regression at 0x7f9e956fc360>), regressor__model__batch_size=512, regressor__model__epochs=30, regressor__model__hidden_layer_sizes=(128, 64), regressor__model__learning_rate=0.0005; total time=   0.8s
[CV] END regressor__feature_sel=SelectKBest(k=200, score_func=<function f_regression at 0x7f9e956fc360>), regressor__model__batch_size=512, regressor__model__epochs=30, regressor__model__hidden_layer_sizes=(128, 64), regressor__model__learning_rate=0.0005; total time=   0.7s
[CV] END regressor__feature_sel=SelectKBest(k=200, score_func=<function f_regression at 0x7f9e956fc360>), regressor__model__batch_size=512, regressor__model__epochs=30, regressor__model__hidden_layer_sizes=(128, 64), regressor__model__learning_rate=0.0005; total time=   0.7s
[CV] END regressor__feature_sel=SelectKBest(k=200, score_func=<function f_regression at 0x7f9e956fc360>), regressor__model__batch_size=512, regressor__model__epochs=30, regressor__model__hidden_layer_sizes=(128, 64), regressor__model__learning_rate=0.0005; total time=   0.9s
[CV] END regressor__feature_sel=SelectKBest(k=200, score_func=<function f_regression at 0x7f9e956fc360>), regressor__model__batch_size=512, regressor__model__epochs=30, regressor__model__hidden_layer_sizes=(128, 64), regressor__model__learning_rate=0.0005; total time=   0.7s
[CV] END regressor__feature_sel=SelectKBest(k=200, score_func=<function f_regression at 0x7f9e956fc360>), regressor__model__batch_size=512, regressor__model__epochs=30, regressor__model__hidden_layer_sizes=(256, 128), regressor__model__learning_rate=0.001; total time=   0.7s
[CV] END regressor__feature_sel=SelectKBest(k=200, score_func=<function f_regression at 0x7f9e956fc360>), regressor__model__batch_size=512, regressor__model__epochs=30, regressor__model__hidden_layer_sizes=(256, 128), regressor__model__learning_rate=0.001; total time=   0.8s
[CV] END regressor__feature_sel=SelectKBest(k=200, score_func=<function f_regression at 0x7f9e956fc360>), regressor__model__batch_size=512, regressor__model__epochs=30, regressor__model__hidden_layer_sizes=(256, 128), regressor__model__learning_rate=0.001; total time=   0.6s
[CV] END regressor__feature_sel=SelectKBest(k=200, score_func=<function f_regression at 0x7f9e956fc360>), regressor__model__batch_size=512, regressor__model__epochs=30, regressor__model__hidden_layer_sizes=(256, 128), regressor__model__learning_rate=0.001; total time=   0.9s
[CV] END regressor__feature_sel=SelectKBest(k=200, score_func=<function f_regression at 0x7f9e956fc360>), regressor__model__batch_size=512, regressor__model__epochs=30, regressor__model__hidden_layer_sizes=(256, 128), regressor__model__learning_rate=0.001; total time=   0.8s
[CV] END regressor__feature_sel=SelectKBest(k=200, score_func=<function f_regression at 0x7f9e956fc360>), regressor__model__batch_size=512, regressor__model__epochs=30, regressor__model__hidden_layer_sizes=(256, 128), regressor__model__learning_rate=0.0005; total time=   0.8s
[CV] END regressor__feature_sel=SelectKBest(k=200, score_func=<function f_regression at 0x7f9e956fc360>), regressor__model__batch_size=512, regressor__model__epochs=30, regressor__model__hidden_layer_sizes=(256, 128), regressor__model__learning_rate=0.0005; total time=   0.7s
[CV] END regressor__feature_sel=SelectKBest(k=200, score_func=<function f_regression at 0x7f9e956fc360>), regressor__model__batch_size=512, regressor__model__epochs=30, regressor__model__hidden_layer_sizes=(256, 128), regressor__model__learning_rate=0.0005; total time=   0.8s
[CV] END regressor__feature_sel=SelectKBest(k=200, score_func=<function f_regression at 0x7f9e956fc360>), regressor__model__batch_size=512, regressor__model__epochs=30, regressor__model__hidden_layer_sizes=(256, 128), regressor__model__learning_rate=0.0005; total time=   0.7s
[CV] END regressor__feature_sel=SelectKBest(k=200, score_func=<function f_regression at 0x7f9e956fc360>), regressor__model__batch_size=512, regressor__model__epochs=30, regressor__model__hidden_layer_sizes=(256, 128), regressor__model__learning_rate=0.0005; total time=   0.8s
[CV] END regressor__feature_sel=SelectKBest(k=200, score_func=<function f_regression at 0x7f9e956fc360>), regressor__model__batch_size=512, regressor__model__epochs=50, regressor__model__hidden_layer_sizes=(64, 32), regressor__model__learning_rate=0.001; total time=   0.7s
[CV] END regressor__feature_sel=SelectKBest(k=200, score_func=<function f_regression at 0x7f9e956fc360>), regressor__model__batch_size=512, regressor__model__epochs=50, regressor__model__hidden_layer_sizes=(64, 32), regressor__model__learning_rate=0.001; total time=   0.8s
[CV] END regressor__feature_sel=SelectKBest(k=200, score_func=<function f_regression at 0x7f9e956fc360>), regressor__model__batch_size=512, regressor__model__epochs=50, regressor__model__hidden_layer_sizes=(64, 32), regressor__model__learning_rate=0.001; total time=   0.7s
[CV] END regressor__feature_sel=SelectKBest(k=200, score_func=<function f_regression at 0x7f9e956fc360>), regressor__model__batch_size=512, regressor__model__epochs=50, regressor__model__hidden_layer_sizes=(64, 32), regressor__model__learning_rate=0.001; total time=   0.7s
[CV] END regressor__feature_sel=SelectKBest(k=200, score_func=<function f_regression at 0x7f9e956fc360>), regressor__model__batch_size=512, regressor__model__epochs=50, regressor__model__hidden_layer_sizes=(64, 32), regressor__model__learning_rate=0.001; total time=   0.7s
[CV] END regressor__feature_sel=SelectKBest(k=200, score_func=<function f_regression at 0x7f9e956fc360>), regressor__model__batch_size=512, regressor__model__epochs=50, regressor__model__hidden_layer_sizes=(64, 32), regressor__model__learning_rate=0.0005; total time=   0.7s
[CV] END regressor__feature_sel=SelectKBest(k=200, score_func=<function f_regression at 0x7f9e956fc360>), regressor__model__batch_size=512, regressor__model__epochs=50, regressor__model__hidden_layer_sizes=(64, 32), regressor__model__learning_rate=0.0005; total time=   0.7s
[CV] END regressor__feature_sel=SelectKBest(k=200, score_func=<function f_regression at 0x7f9e956fc360>), regressor__model__batch_size=512, regressor__model__epochs=50, regressor__model__hidden_layer_sizes=(64, 32), regressor__model__learning_rate=0.0005; total time=   0.8s
[CV] END regressor__feature_sel=SelectKBest(k=200, score_func=<function f_regression at 0x7f9e956fc360>), regressor__model__batch_size=512, regressor__model__epochs=50, regressor__model__hidden_layer_sizes=(64, 32), regressor__model__learning_rate=0.0005; total time=   0.7s
[CV] END regressor__feature_sel=SelectKBest(k=200, score_func=<function f_regression at 0x7f9e956fc360>), regressor__model__batch_size=512, regressor__model__epochs=50, regressor__model__hidden_layer_sizes=(64, 32), regressor__model__learning_rate=0.0005; total time=   0.7s
[CV] END regressor__feature_sel=SelectKBest(k=200, score_func=<function f_regression at 0x7f9e956fc360>), regressor__model__batch_size=512, regressor__model__epochs=50, regressor__model__hidden_layer_sizes=(128, 64), regressor__model__learning_rate=0.001; total time=   0.7s
[CV] END regressor__feature_sel=SelectKBest(k=200, score_func=<function f_regression at 0x7f9e956fc360>), regressor__model__batch_size=512, regressor__model__epochs=50, regressor__model__hidden_layer_sizes=(128, 64), regressor__model__learning_rate=0.001; total time=   0.7s
[CV] END regressor__feature_sel=SelectKBest(k=200, score_func=<function f_regression at 0x7f9e956fc360>), regressor__model__batch_size=512, regressor__model__epochs=50, regressor__model__hidden_layer_sizes=(128, 64), regressor__model__learning_rate=0.001; total time=   0.7s
[CV] END regressor__feature_sel=SelectKBest(k=200, score_func=<function f_regression at 0x7f9e956fc360>), regressor__model__batch_size=512, regressor__model__epochs=50, regressor__model__hidden_layer_sizes=(128, 64), regressor__model__learning_rate=0.001; total time=   0.7s
[CV] END regressor__feature_sel=SelectKBest(k=200, score_func=<function f_regression at 0x7f9e956fc360>), regressor__model__batch_size=512, regressor__model__epochs=50, regressor__model__hidden_layer_sizes=(128, 64), regressor__model__learning_rate=0.001; total time=   0.7s
[CV] END regressor__feature_sel=SelectKBest(k=200, score_func=<function f_regression at 0x7f9e956fc360>), regressor__model__batch_size=512, regressor__model__epochs=50, regressor__model__hidden_layer_sizes=(128, 64), regressor__model__learning_rate=0.0005; total time=   0.8s
[CV] END regressor__feature_sel=SelectKBest(k=200, score_func=<function f_regression at 0x7f9e956fc360>), regressor__model__batch_size=512, regressor__model__epochs=50, regressor__model__hidden_layer_sizes=(128, 64), regressor__model__learning_rate=0.0005; total time=   0.7s
[CV] END regressor__feature_sel=SelectKBest(k=200, score_func=<function f_regression at 0x7f9e956fc360>), regressor__model__batch_size=512, regressor__model__epochs=50, regressor__model__hidden_layer_sizes=(128, 64), regressor__model__learning_rate=0.0005; total time=   0.7s
[CV] END regressor__feature_sel=SelectKBest(k=200, score_func=<function f_regression at 0x7f9e956fc360>), regressor__model__batch_size=512, regressor__model__epochs=50, regressor__model__hidden_layer_sizes=(128, 64), regressor__model__learning_rate=0.0005; total time=   0.7s
[CV] END regressor__feature_sel=SelectKBest(k=200, score_func=<function f_regression at 0x7f9e956fc360>), regressor__model__batch_size=512, regressor__model__epochs=50, regressor__model__hidden_layer_sizes=(128, 64), regressor__model__learning_rate=0.0005; total time=   0.7s
[CV] END regressor__feature_sel=SelectKBest(k=200, score_func=<function f_regression at 0x7f9e956fc360>), regressor__model__batch_size=512, regressor__model__epochs=50, regressor__model__hidden_layer_sizes=(256, 128), regressor__model__learning_rate=0.001; total time=   0.7s
[CV] END regressor__feature_sel=SelectKBest(k=200, score_func=<function f_regression at 0x7f9e956fc360>), regressor__model__batch_size=512, regressor__model__epochs=50, regressor__model__hidden_layer_sizes=(256, 128), regressor__model__learning_rate=0.001; total time=   0.8s
[CV] END regressor__feature_sel=SelectKBest(k=200, score_func=<function f_regression at 0x7f9e956fc360>), regressor__model__batch_size=512, regressor__model__epochs=50, regressor__model__hidden_layer_sizes=(256, 128), regressor__model__learning_rate=0.001; total time=   0.7s
[CV] END regressor__feature_sel=SelectKBest(k=200, score_func=<function f_regression at 0x7f9e956fc360>), regressor__model__batch_size=512, regressor__model__epochs=50, regressor__model__hidden_layer_sizes=(256, 128), regressor__model__learning_rate=0.001; total time=   0.7s
[CV] END regressor__feature_sel=SelectKBest(k=200, score_func=<function f_regression at 0x7f9e956fc360>), regressor__model__batch_size=512, regressor__model__epochs=50, regressor__model__hidden_layer_sizes=(256, 128), regressor__model__learning_rate=0.001; total time=   0.7s
[CV] END regressor__feature_sel=SelectKBest(k=200, score_func=<function f_regression at 0x7f9e956fc360>), regressor__model__batch_size=512, regressor__model__epochs=50, regressor__model__hidden_layer_sizes=(256, 128), regressor__model__learning_rate=0.0005; total time=   0.7s
[CV] END regressor__feature_sel=SelectKBest(k=200, score_func=<function f_regression at 0x7f9e956fc360>), regressor__model__batch_size=512, regressor__model__epochs=50, regressor__model__hidden_layer_sizes=(256, 128), regressor__model__learning_rate=0.0005; total time=   0.7s
[CV] END regressor__feature_sel=SelectKBest(k=200, score_func=<function f_regression at 0x7f9e956fc360>), regressor__model__batch_size=512, regressor__model__epochs=50, regressor__model__hidden_layer_sizes=(256, 128), regressor__model__learning_rate=0.0005; total time=   0.7s
[CV] END regressor__feature_sel=SelectKBest(k=200, score_func=<function f_regression at 0x7f9e956fc360>), regressor__model__batch_size=512, regressor__model__epochs=50, regressor__model__hidden_layer_sizes=(256, 128), regressor__model__learning_rate=0.0005; total time=   0.8s
[CV] END regressor__feature_sel=SelectKBest(k=200, score_func=<function f_regression at 0x7f9e956fc360>), regressor__model__batch_size=512, regressor__model__epochs=50, regressor__model__hidden_layer_sizes=(256, 128), regressor__model__learning_rate=0.0005; total time=   0.7s
[CV] END regressor__feature_sel=SelectKBest(k=400, score_func=<function f_regression at 0x7f9e956fc360>), regressor__model__batch_size=256, regressor__model__epochs=30, regressor__model__hidden_layer_sizes=(64, 32), regressor__model__learning_rate=0.001; total time=   0.7s
[CV] END regressor__feature_sel=SelectKBest(k=400, score_func=<function f_regression at 0x7f9e956fc360>), regressor__model__batch_size=256, regressor__model__epochs=30, regressor__model__hidden_layer_sizes=(64, 32), regressor__model__learning_rate=0.001; total time=   0.7s
[CV] END regressor__feature_sel=SelectKBest(k=400, score_func=<function f_regression at 0x7f9e956fc360>), regressor__model__batch_size=256, regressor__model__epochs=30, regressor__model__hidden_layer_sizes=(64, 32), regressor__model__learning_rate=0.001; total time=   0.7s
[CV] END regressor__feature_sel=SelectKBest(k=400, score_func=<function f_regression at 0x7f9e956fc360>), regressor__model__batch_size=256, regressor__model__epochs=30, regressor__model__hidden_layer_sizes=(64, 32), regressor__model__learning_rate=0.001; total time=   0.8s
[CV] END regressor__feature_sel=SelectKBest(k=400, score_func=<function f_regression at 0x7f9e956fc360>), regressor__model__batch_size=256, regressor__model__epochs=30, regressor__model__hidden_layer_sizes=(64, 32), regressor__model__learning_rate=0.001; total time=   0.7s
[CV] END regressor__feature_sel=SelectKBest(k=400, score_func=<function f_regression at 0x7f9e956fc360>), regressor__model__batch_size=256, regressor__model__epochs=30, regressor__model__hidden_layer_sizes=(64, 32), regressor__model__learning_rate=0.0005; total time=   0.7s
[CV] END regressor__feature_sel=SelectKBest(k=400, score_func=<function f_regression at 0x7f9e956fc360>), regressor__model__batch_size=256, regressor__model__epochs=30, regressor__model__hidden_layer_sizes=(64, 32), regressor__model__learning_rate=0.0005; total time=   0.7s
[CV] END regressor__feature_sel=SelectKBest(k=400, score_func=<function f_regression at 0x7f9e956fc360>), regressor__model__batch_size=256, regressor__model__epochs=30, regressor__model__hidden_layer_sizes=(64, 32), regressor__model__learning_rate=0.0005; total time=   0.7s
[CV] END regressor__feature_sel=SelectKBest(k=400, score_func=<function f_regression at 0x7f9e956fc360>), regressor__model__batch_size=256, regressor__model__epochs=30, regressor__model__hidden_layer_sizes=(64, 32), regressor__model__learning_rate=0.0005; total time=   0.8s
[CV] END regressor__feature_sel=SelectKBest(k=400, score_func=<function f_regression at 0x7f9e956fc360>), regressor__model__batch_size=256, regressor__model__epochs=30, regressor__model__hidden_layer_sizes=(64, 32), regressor__model__learning_rate=0.0005; total time=   0.7s
[CV] END regressor__feature_sel=SelectKBest(k=400, score_func=<function f_regression at 0x7f9e956fc360>), regressor__model__batch_size=256, regressor__model__epochs=30, regressor__model__hidden_layer_sizes=(128, 64), regressor__model__learning_rate=0.001; total time=   0.7s
[CV] END regressor__feature_sel=SelectKBest(k=400, score_func=<function f_regression at 0x7f9e956fc360>), regressor__model__batch_size=256, regressor__model__epochs=30, regressor__model__hidden_layer_sizes=(128, 64), regressor__model__learning_rate=0.001; total time=   0.8s
[CV] END regressor__feature_sel=SelectKBest(k=400, score_func=<function f_regression at 0x7f9e956fc360>), regressor__model__batch_size=256, regressor__model__epochs=30, regressor__model__hidden_layer_sizes=(128, 64), regressor__model__learning_rate=0.001; total time=   0.6s
[CV] END regressor__feature_sel=SelectKBest(k=400, score_func=<function f_regression at 0x7f9e956fc360>), regressor__model__batch_size=256, regressor__model__epochs=30, regressor__model__hidden_layer_sizes=(128, 64), regressor__model__learning_rate=0.001; total time=   0.8s
[CV] END regressor__feature_sel=SelectKBest(k=400, score_func=<function f_regression at 0x7f9e956fc360>), regressor__model__batch_size=256, regressor__model__epochs=30, regressor__model__hidden_layer_sizes=(128, 64), regressor__model__learning_rate=0.001; total time=   0.7s
[CV] END regressor__feature_sel=SelectKBest(k=400, score_func=<function f_regression at 0x7f9e956fc360>), regressor__model__batch_size=256, regressor__model__epochs=30, regressor__model__hidden_layer_sizes=(128, 64), regressor__model__learning_rate=0.0005; total time=   0.7s
[CV] END regressor__feature_sel=SelectKBest(k=400, score_func=<function f_regression at 0x7f9e956fc360>), regressor__model__batch_size=256, regressor__model__epochs=30, regressor__model__hidden_layer_sizes=(128, 64), regressor__model__learning_rate=0.0005; total time=   0.7s
[CV] END regressor__feature_sel=SelectKBest(k=400, score_func=<function f_regression at 0x7f9e956fc360>), regressor__model__batch_size=256, regressor__model__epochs=30, regressor__model__hidden_layer_sizes=(128, 64), regressor__model__learning_rate=0.0005; total time=   0.8s
[CV] END regressor__feature_sel=SelectKBest(k=400, score_func=<function f_regression at 0x7f9e956fc360>), regressor__model__batch_size=256, regressor__model__epochs=30, regressor__model__hidden_layer_sizes=(128, 64), regressor__model__learning_rate=0.0005; total time=   0.7s
[CV] END regressor__feature_sel=SelectKBest(k=400, score_func=<function f_regression at 0x7f9e956fc360>), regressor__model__batch_size=256, regressor__model__epochs=30, regressor__model__hidden_layer_sizes=(128, 64), regressor__model__learning_rate=0.0005; total time=   0.7s
[CV] END regressor__feature_sel=SelectKBest(k=400, score_func=<function f_regression at 0x7f9e956fc360>), regressor__model__batch_size=256, regressor__model__epochs=30, regressor__model__hidden_layer_sizes=(256, 128), regressor__model__learning_rate=0.001; total time=   0.7s
[CV] END regressor__feature_sel=SelectKBest(k=400, score_func=<function f_regression at 0x7f9e956fc360>), regressor__model__batch_size=256, regressor__model__epochs=30, regressor__model__hidden_layer_sizes=(256, 128), regressor__model__learning_rate=0.001; total time=   0.8s
[CV] END regressor__feature_sel=SelectKBest(k=400, score_func=<function f_regression at 0x7f9e956fc360>), regressor__model__batch_size=256, regressor__model__epochs=30, regressor__model__hidden_layer_sizes=(256, 128), regressor__model__learning_rate=0.001; total time=   0.7s
[CV] END regressor__feature_sel=SelectKBest(k=400, score_func=<function f_regression at 0x7f9e956fc360>), regressor__model__batch_size=256, regressor__model__epochs=30, regressor__model__hidden_layer_sizes=(256, 128), regressor__model__learning_rate=0.001; total time=   0.7s
[CV] END regressor__feature_sel=SelectKBest(k=400, score_func=<function f_regression at 0x7f9e956fc360>), regressor__model__batch_size=256, regressor__model__epochs=30, regressor__model__hidden_layer_sizes=(256, 128), regressor__model__learning_rate=0.001; total time=   0.7s
[CV] END regressor__feature_sel=SelectKBest(k=400, score_func=<function f_regression at 0x7f9e956fc360>), regressor__model__batch_size=256, regressor__model__epochs=30, regressor__model__hidden_layer_sizes=(256, 128), regressor__model__learning_rate=0.0005; total time=   0.7s
[CV] END regressor__feature_sel=SelectKBest(k=400, score_func=<function f_regression at 0x7f9e956fc360>), regressor__model__batch_size=256, regressor__model__epochs=30, regressor__model__hidden_layer_sizes=(256, 128), regressor__model__learning_rate=0.0005; total time=   0.8s
[CV] END regressor__feature_sel=SelectKBest(k=400, score_func=<function f_regression at 0x7f9e956fc360>), regressor__model__batch_size=256, regressor__model__epochs=30, regressor__model__hidden_layer_sizes=(256, 128), regressor__model__learning_rate=0.0005; total time=   0.8s
[CV] END regressor__feature_sel=SelectKBest(k=400, score_func=<function f_regression at 0x7f9e956fc360>), regressor__model__batch_size=256, regressor__model__epochs=30, regressor__model__hidden_layer_sizes=(256, 128), regressor__model__learning_rate=0.0005; total time=   0.7s
[CV] END regressor__feature_sel=SelectKBest(k=400, score_func=<function f_regression at 0x7f9e956fc360>), regressor__model__batch_size=256, regressor__model__epochs=30, regressor__model__hidden_layer_sizes=(256, 128), regressor__model__learning_rate=0.0005; total time=   0.6s
[CV] END regressor__feature_sel=SelectKBest(k=400, score_func=<function f_regression at 0x7f9e956fc360>), regressor__model__batch_size=256, regressor__model__epochs=50, regressor__model__hidden_layer_sizes=(64, 32), regressor__model__learning_rate=0.001; total time=   0.8s
[CV] END regressor__feature_sel=SelectKBest(k=400, score_func=<function f_regression at 0x7f9e956fc360>), regressor__model__batch_size=256, regressor__model__epochs=50, regressor__model__hidden_layer_sizes=(64, 32), regressor__model__learning_rate=0.001; total time=   0.7s
[CV] END regressor__feature_sel=SelectKBest(k=400, score_func=<function f_regression at 0x7f9e956fc360>), regressor__model__batch_size=256, regressor__model__epochs=50, regressor__model__hidden_layer_sizes=(64, 32), regressor__model__learning_rate=0.001; total time=   0.7s
[CV] END regressor__feature_sel=SelectKBest(k=400, score_func=<function f_regression at 0x7f9e956fc360>), regressor__model__batch_size=256, regressor__model__epochs=50, regressor__model__hidden_layer_sizes=(64, 32), regressor__model__learning_rate=0.001; total time=   0.7s
[CV] END regressor__feature_sel=SelectKBest(k=400, score_func=<function f_regression at 0x7f9e956fc360>), regressor__model__batch_size=256, regressor__model__epochs=50, regressor__model__hidden_layer_sizes=(64, 32), regressor__model__learning_rate=0.001; total time=   0.8s
[CV] END regressor__feature_sel=SelectKBest(k=400, score_func=<function f_regression at 0x7f9e956fc360>), regressor__model__batch_size=256, regressor__model__epochs=50, regressor__model__hidden_layer_sizes=(64, 32), regressor__model__learning_rate=0.0005; total time=   0.8s
[CV] END regressor__feature_sel=SelectKBest(k=400, score_func=<function f_regression at 0x7f9e956fc360>), regressor__model__batch_size=256, regressor__model__epochs=50, regressor__model__hidden_layer_sizes=(64, 32), regressor__model__learning_rate=0.0005; total time=   0.9s
[CV] END regressor__feature_sel=SelectKBest(k=400, score_func=<function f_regression at 0x7f9e956fc360>), regressor__model__batch_size=256, regressor__model__epochs=50, regressor__model__hidden_layer_sizes=(64, 32), regressor__model__learning_rate=0.0005; total time=   0.8s
[CV] END regressor__feature_sel=SelectKBest(k=400, score_func=<function f_regression at 0x7f9e956fc360>), regressor__model__batch_size=256, regressor__model__epochs=50, regressor__model__hidden_layer_sizes=(64, 32), regressor__model__learning_rate=0.0005; total time=   0.7s
[CV] END regressor__feature_sel=SelectKBest(k=400, score_func=<function f_regression at 0x7f9e956fc360>), regressor__model__batch_size=256, regressor__model__epochs=50, regressor__model__hidden_layer_sizes=(64, 32), regressor__model__learning_rate=0.0005; total time=   1.0s
[CV] END regressor__feature_sel=SelectKBest(k=400, score_func=<function f_regression at 0x7f9e956fc360>), regressor__model__batch_size=256, regressor__model__epochs=50, regressor__model__hidden_layer_sizes=(128, 64), regressor__model__learning_rate=0.001; total time=   0.7s
[CV] END regressor__feature_sel=SelectKBest(k=400, score_func=<function f_regression at 0x7f9e956fc360>), regressor__model__batch_size=256, regressor__model__epochs=50, regressor__model__hidden_layer_sizes=(128, 64), regressor__model__learning_rate=0.001; total time=   0.7s
[CV] END regressor__feature_sel=SelectKBest(k=400, score_func=<function f_regression at 0x7f9e956fc360>), regressor__model__batch_size=256, regressor__model__epochs=50, regressor__model__hidden_layer_sizes=(128, 64), regressor__model__learning_rate=0.001; total time=   0.7s
[CV] END regressor__feature_sel=SelectKBest(k=400, score_func=<function f_regression at 0x7f9e956fc360>), regressor__model__batch_size=256, regressor__model__epochs=50, regressor__model__hidden_layer_sizes=(128, 64), regressor__model__learning_rate=0.001; total time=   0.9s
[CV] END regressor__feature_sel=SelectKBest(k=400, score_func=<function f_regression at 0x7f9e956fc360>), regressor__model__batch_size=256, regressor__model__epochs=50, regressor__model__hidden_layer_sizes=(128, 64), regressor__model__learning_rate=0.001; total time=   0.7s
[CV] END regressor__feature_sel=SelectKBest(k=400, score_func=<function f_regression at 0x7f9e956fc360>), regressor__model__batch_size=256, regressor__model__epochs=50, regressor__model__hidden_layer_sizes=(128, 64), regressor__model__learning_rate=0.0005; total time=   0.7s
[CV] END regressor__feature_sel=SelectKBest(k=400, score_func=<function f_regression at 0x7f9e956fc360>), regressor__model__batch_size=256, regressor__model__epochs=50, regressor__model__hidden_layer_sizes=(128, 64), regressor__model__learning_rate=0.0005; total time=   0.9s
[CV] END regressor__feature_sel=SelectKBest(k=400, score_func=<function f_regression at 0x7f9e956fc360>), regressor__model__batch_size=256, regressor__model__epochs=50, regressor__model__hidden_layer_sizes=(128, 64), regressor__model__learning_rate=0.0005; total time=   0.7s
[CV] END regressor__feature_sel=SelectKBest(k=400, score_func=<function f_regression at 0x7f9e956fc360>), regressor__model__batch_size=256, regressor__model__epochs=50, regressor__model__hidden_layer_sizes=(128, 64), regressor__model__learning_rate=0.0005; total time=   0.9s
[CV] END regressor__feature_sel=SelectKBest(k=400, score_func=<function f_regression at 0x7f9e956fc360>), regressor__model__batch_size=256, regressor__model__epochs=50, regressor__model__hidden_layer_sizes=(128, 64), regressor__model__learning_rate=0.0005; total time=   0.8s
[CV] END regressor__feature_sel=SelectKBest(k=400, score_func=<function f_regression at 0x7f9e956fc360>), regressor__model__batch_size=256, regressor__model__epochs=50, regressor__model__hidden_layer_sizes=(256, 128), regressor__model__learning_rate=0.001; total time=   0.7s
[CV] END regressor__feature_sel=SelectKBest(k=400, score_func=<function f_regression at 0x7f9e956fc360>), regressor__model__batch_size=256, regressor__model__epochs=50, regressor__model__hidden_layer_sizes=(256, 128), regressor__model__learning_rate=0.001; total time=   0.7s
[CV] END regressor__feature_sel=SelectKBest(k=400, score_func=<function f_regression at 0x7f9e956fc360>), regressor__model__batch_size=256, regressor__model__epochs=50, regressor__model__hidden_layer_sizes=(256, 128), regressor__model__learning_rate=0.001; total time=   0.9s
[CV] END regressor__feature_sel=SelectKBest(k=400, score_func=<function f_regression at 0x7f9e956fc360>), regressor__model__batch_size=256, regressor__model__epochs=50, regressor__model__hidden_layer_sizes=(256, 128), regressor__model__learning_rate=0.001; total time=   0.8s
[CV] END regressor__feature_sel=SelectKBest(k=400, score_func=<function f_regression at 0x7f9e956fc360>), regressor__model__batch_size=256, regressor__model__epochs=50, regressor__model__hidden_layer_sizes=(256, 128), regressor__model__learning_rate=0.001; total time=   0.8s
[CV] END regressor__feature_sel=SelectKBest(k=400, score_func=<function f_regression at 0x7f9e956fc360>), regressor__model__batch_size=256, regressor__model__epochs=50, regressor__model__hidden_layer_sizes=(256, 128), regressor__model__learning_rate=0.0005; total time=   0.7s
[CV] END regressor__feature_sel=SelectKBest(k=400, score_func=<function f_regression at 0x7f9e956fc360>), regressor__model__batch_size=256, regressor__model__epochs=50, regressor__model__hidden_layer_sizes=(256, 128), regressor__model__learning_rate=0.0005; total time=   0.9s
[CV] END regressor__feature_sel=SelectKBest(k=400, score_func=<function f_regression at 0x7f9e956fc360>), regressor__model__batch_size=256, regressor__model__epochs=50, regressor__model__hidden_layer_sizes=(256, 128), regressor__model__learning_rate=0.0005; total time=   0.8s
[CV] END regressor__feature_sel=SelectKBest(k=400, score_func=<function f_regression at 0x7f9e956fc360>), regressor__model__batch_size=256, regressor__model__epochs=50, regressor__model__hidden_layer_sizes=(256, 128), regressor__model__learning_rate=0.0005; total time=   0.8s
[CV] END regressor__feature_sel=SelectKBest(k=400, score_func=<function f_regression at 0x7f9e956fc360>), regressor__model__batch_size=256, regressor__model__epochs=50, regressor__model__hidden_layer_sizes=(256, 128), regressor__model__learning_rate=0.0005; total time=   0.7s
[CV] END regressor__feature_sel=SelectKBest(k=400, score_func=<function f_regression at 0x7f9e956fc360>), regressor__model__batch_size=512, regressor__model__epochs=30, regressor__model__hidden_layer_sizes=(64, 32), regressor__model__learning_rate=0.001; total time=   0.8s
[CV] END regressor__feature_sel=SelectKBest(k=400, score_func=<function f_regression at 0x7f9e956fc360>), regressor__model__batch_size=512, regressor__model__epochs=30, regressor__model__hidden_layer_sizes=(64, 32), regressor__model__learning_rate=0.001; total time=   0.8s
[CV] END regressor__feature_sel=SelectKBest(k=400, score_func=<function f_regression at 0x7f9e956fc360>), regressor__model__batch_size=512, regressor__model__epochs=30, regressor__model__hidden_layer_sizes=(64, 32), regressor__model__learning_rate=0.001; total time=   0.9s
[CV] END regressor__feature_sel=SelectKBest(k=400, score_func=<function f_regression at 0x7f9e956fc360>), regressor__model__batch_size=512, regressor__model__epochs=30, regressor__model__hidden_layer_sizes=(64, 32), regressor__model__learning_rate=0.001; total time=   0.7s
[CV] END regressor__feature_sel=SelectKBest(k=400, score_func=<function f_regression at 0x7f9e956fc360>), regressor__model__batch_size=512, regressor__model__epochs=30, regressor__model__hidden_layer_sizes=(64, 32), regressor__model__learning_rate=0.001; total time=   0.6s
[CV] END regressor__feature_sel=SelectKBest(k=400, score_func=<function f_regression at 0x7f9e956fc360>), regressor__model__batch_size=512, regressor__model__epochs=30, regressor__model__hidden_layer_sizes=(64, 32), regressor__model__learning_rate=0.0005; total time=   0.8s
[CV] END regressor__feature_sel=SelectKBest(k=400, score_func=<function f_regression at 0x7f9e956fc360>), regressor__model__batch_size=512, regressor__model__epochs=30, regressor__model__hidden_layer_sizes=(64, 32), regressor__model__learning_rate=0.0005; total time=   0.7s
[CV] END regressor__feature_sel=SelectKBest(k=400, score_func=<function f_regression at 0x7f9e956fc360>), regressor__model__batch_size=512, regressor__model__epochs=30, regressor__model__hidden_layer_sizes=(64, 32), regressor__model__learning_rate=0.0005; total time=   0.7s
[CV] END regressor__feature_sel=SelectKBest(k=400, score_func=<function f_regression at 0x7f9e956fc360>), regressor__model__batch_size=512, regressor__model__epochs=30, regressor__model__hidden_layer_sizes=(64, 32), regressor__model__learning_rate=0.0005; total time=   0.7s
[CV] END regressor__feature_sel=SelectKBest(k=400, score_func=<function f_regression at 0x7f9e956fc360>), regressor__model__batch_size=512, regressor__model__epochs=30, regressor__model__hidden_layer_sizes=(64, 32), regressor__model__learning_rate=0.0005; total time=   0.7s
[CV] END regressor__feature_sel=SelectKBest(k=400, score_func=<function f_regression at 0x7f9e956fc360>), regressor__model__batch_size=512, regressor__model__epochs=30, regressor__model__hidden_layer_sizes=(128, 64), regressor__model__learning_rate=0.001; total time=   0.8s
[CV] END regressor__feature_sel=SelectKBest(k=400, score_func=<function f_regression at 0x7f9e956fc360>), regressor__model__batch_size=512, regressor__model__epochs=30, regressor__model__hidden_layer_sizes=(128, 64), regressor__model__learning_rate=0.001; total time=   0.8s
[CV] END regressor__feature_sel=SelectKBest(k=400, score_func=<function f_regression at 0x7f9e956fc360>), regressor__model__batch_size=512, regressor__model__epochs=30, regressor__model__hidden_layer_sizes=(128, 64), regressor__model__learning_rate=0.001; total time=   0.8s
[CV] END regressor__feature_sel=SelectKBest(k=400, score_func=<function f_regression at 0x7f9e956fc360>), regressor__model__batch_size=512, regressor__model__epochs=30, regressor__model__hidden_layer_sizes=(128, 64), regressor__model__learning_rate=0.001; total time=   0.6s
[CV] END regressor__feature_sel=SelectKBest(k=400, score_func=<function f_regression at 0x7f9e956fc360>), regressor__model__batch_size=512, regressor__model__epochs=30, regressor__model__hidden_layer_sizes=(128, 64), regressor__model__learning_rate=0.001; total time=   0.9s
[CV] END regressor__feature_sel=SelectKBest(k=400, score_func=<function f_regression at 0x7f9e956fc360>), regressor__model__batch_size=512, regressor__model__epochs=30, regressor__model__hidden_layer_sizes=(128, 64), regressor__model__learning_rate=0.0005; total time=   0.7s
[CV] END regressor__feature_sel=SelectKBest(k=400, score_func=<function f_regression at 0x7f9e956fc360>), regressor__model__batch_size=512, regressor__model__epochs=30, regressor__model__hidden_layer_sizes=(128, 64), regressor__model__learning_rate=0.0005; total time=   0.7s
[CV] END regressor__feature_sel=SelectKBest(k=400, score_func=<function f_regression at 0x7f9e956fc360>), regressor__model__batch_size=512, regressor__model__epochs=30, regressor__model__hidden_layer_sizes=(128, 64), regressor__model__learning_rate=0.0005; total time=   0.7s
[CV] END regressor__feature_sel=SelectKBest(k=400, score_func=<function f_regression at 0x7f9e956fc360>), regressor__model__batch_size=512, regressor__model__epochs=30, regressor__model__hidden_layer_sizes=(128, 64), regressor__model__learning_rate=0.0005; total time=   0.8s
[CV] END regressor__feature_sel=SelectKBest(k=400, score_func=<function f_regression at 0x7f9e956fc360>), regressor__model__batch_size=512, regressor__model__epochs=30, regressor__model__hidden_layer_sizes=(128, 64), regressor__model__learning_rate=0.0005; total time=   0.7s
[CV] END regressor__feature_sel=SelectKBest(k=400, score_func=<function f_regression at 0x7f9e956fc360>), regressor__model__batch_size=512, regressor__model__epochs=30, regressor__model__hidden_layer_sizes=(256, 128), regressor__model__learning_rate=0.001; total time=   0.7s
[CV] END regressor__feature_sel=SelectKBest(k=400, score_func=<function f_regression at 0x7f9e956fc360>), regressor__model__batch_size=512, regressor__model__epochs=30, regressor__model__hidden_layer_sizes=(256, 128), regressor__model__learning_rate=0.001; total time=   0.8s
[CV] END regressor__feature_sel=SelectKBest(k=400, score_func=<function f_regression at 0x7f9e956fc360>), regressor__model__batch_size=512, regressor__model__epochs=30, regressor__model__hidden_layer_sizes=(256, 128), regressor__model__learning_rate=0.001; total time=   0.6s
[CV] END regressor__feature_sel=SelectKBest(k=400, score_func=<function f_regression at 0x7f9e956fc360>), regressor__model__batch_size=512, regressor__model__epochs=30, regressor__model__hidden_layer_sizes=(256, 128), regressor__model__learning_rate=0.001; total time=   0.9s
[CV] END regressor__feature_sel=SelectKBest(k=400, score_func=<function f_regression at 0x7f9e956fc360>), regressor__model__batch_size=512, regressor__model__epochs=30, regressor__model__hidden_layer_sizes=(256, 128), regressor__model__learning_rate=0.001; total time=   0.7s
[CV] END regressor__feature_sel=SelectKBest(k=400, score_func=<function f_regression at 0x7f9e956fc360>), regressor__model__batch_size=512, regressor__model__epochs=30, regressor__model__hidden_layer_sizes=(256, 128), regressor__model__learning_rate=0.0005; total time=   0.7s
[CV] END regressor__feature_sel=SelectKBest(k=400, score_func=<function f_regression at 0x7f9e956fc360>), regressor__model__batch_size=512, regressor__model__epochs=30, regressor__model__hidden_layer_sizes=(256, 128), regressor__model__learning_rate=0.0005; total time=   0.7s
[CV] END regressor__feature_sel=SelectKBest(k=400, score_func=<function f_regression at 0x7f9e956fc360>), regressor__model__batch_size=512, regressor__model__epochs=30, regressor__model__hidden_layer_sizes=(256, 128), regressor__model__learning_rate=0.0005; total time=   0.8s
[CV] END regressor__feature_sel=SelectKBest(k=400, score_func=<function f_regression at 0x7f9e956fc360>), regressor__model__batch_size=512, regressor__model__epochs=30, regressor__model__hidden_layer_sizes=(256, 128), regressor__model__learning_rate=0.0005; total time=   0.7s
[CV] END regressor__feature_sel=SelectKBest(k=400, score_func=<function f_regression at 0x7f9e956fc360>), regressor__model__batch_size=512, regressor__model__epochs=30, regressor__model__hidden_layer_sizes=(256, 128), regressor__model__learning_rate=0.0005; total time=   0.7s
[CV] END regressor__feature_sel=SelectKBest(k=400, score_func=<function f_regression at 0x7f9e956fc360>), regressor__model__batch_size=512, regressor__model__epochs=50, regressor__model__hidden_layer_sizes=(64, 32), regressor__model__learning_rate=0.001; total time=   0.7s
[CV] END regressor__feature_sel=SelectKBest(k=400, score_func=<function f_regression at 0x7f9e956fc360>), regressor__model__batch_size=512, regressor__model__epochs=50, regressor__model__hidden_layer_sizes=(64, 32), regressor__model__learning_rate=0.001; total time=   0.8s
[CV] END regressor__feature_sel=SelectKBest(k=400, score_func=<function f_regression at 0x7f9e956fc360>), regressor__model__batch_size=512, regressor__model__epochs=50, regressor__model__hidden_layer_sizes=(64, 32), regressor__model__learning_rate=0.001; total time=   0.7s
[CV] END regressor__feature_sel=SelectKBest(k=400, score_func=<function f_regression at 0x7f9e956fc360>), regressor__model__batch_size=512, regressor__model__epochs=50, regressor__model__hidden_layer_sizes=(64, 32), regressor__model__learning_rate=0.001; total time=   0.8s
[CV] END regressor__feature_sel=SelectKBest(k=400, score_func=<function f_regression at 0x7f9e956fc360>), regressor__model__batch_size=512, regressor__model__epochs=50, regressor__model__hidden_layer_sizes=(64, 32), regressor__model__learning_rate=0.001; total time=   0.7s
[CV] END regressor__feature_sel=SelectKBest(k=400, score_func=<function f_regression at 0x7f9e956fc360>), regressor__model__batch_size=512, regressor__model__epochs=50, regressor__model__hidden_layer_sizes=(64, 32), regressor__model__learning_rate=0.0005; total time=   0.8s
[CV] END regressor__feature_sel=SelectKBest(k=400, score_func=<function f_regression at 0x7f9e956fc360>), regressor__model__batch_size=512, regressor__model__epochs=50, regressor__model__hidden_layer_sizes=(64, 32), regressor__model__learning_rate=0.0005; total time=   0.7s
[CV] END regressor__feature_sel=SelectKBest(k=400, score_func=<function f_regression at 0x7f9e956fc360>), regressor__model__batch_size=512, regressor__model__epochs=50, regressor__model__hidden_layer_sizes=(64, 32), regressor__model__learning_rate=0.0005; total time=   0.8s
[CV] END regressor__feature_sel=SelectKBest(k=400, score_func=<function f_regression at 0x7f9e956fc360>), regressor__model__batch_size=512, regressor__model__epochs=50, regressor__model__hidden_layer_sizes=(64, 32), regressor__model__learning_rate=0.0005; total time=   0.7s
[CV] END regressor__feature_sel=SelectKBest(k=400, score_func=<function f_regression at 0x7f9e956fc360>), regressor__model__batch_size=512, regressor__model__epochs=50, regressor__model__hidden_layer_sizes=(64, 32), regressor__model__learning_rate=0.0005; total time=   0.6s
[CV] END regressor__feature_sel=SelectKBest(k=400, score_func=<function f_regression at 0x7f9e956fc360>), regressor__model__batch_size=512, regressor__model__epochs=50, regressor__model__hidden_layer_sizes=(128, 64), regressor__model__learning_rate=0.001; total time=   0.8s
[CV] END regressor__feature_sel=SelectKBest(k=400, score_func=<function f_regression at 0x7f9e956fc360>), regressor__model__batch_size=512, regressor__model__epochs=50, regressor__model__hidden_layer_sizes=(128, 64), regressor__model__learning_rate=0.001; total time=   0.7s
[CV] END regressor__feature_sel=SelectKBest(k=400, score_func=<function f_regression at 0x7f9e956fc360>), regressor__model__batch_size=512, regressor__model__epochs=50, regressor__model__hidden_layer_sizes=(128, 64), regressor__model__learning_rate=0.001; total time=   0.7s
[CV] END regressor__feature_sel=SelectKBest(k=400, score_func=<function f_regression at 0x7f9e956fc360>), regressor__model__batch_size=512, regressor__model__epochs=50, regressor__model__hidden_layer_sizes=(128, 64), regressor__model__learning_rate=0.001; total time=   0.7s
[CV] END regressor__feature_sel=SelectKBest(k=400, score_func=<function f_regression at 0x7f9e956fc360>), regressor__model__batch_size=512, regressor__model__epochs=50, regressor__model__hidden_layer_sizes=(128, 64), regressor__model__learning_rate=0.001; total time=   0.8s
[CV] END regressor__feature_sel=SelectKBest(k=400, score_func=<function f_regression at 0x7f9e956fc360>), regressor__model__batch_size=512, regressor__model__epochs=50, regressor__model__hidden_layer_sizes=(128, 64), regressor__model__learning_rate=0.0005; total time=   0.7s
[CV] END regressor__feature_sel=SelectKBest(k=400, score_func=<function f_regression at 0x7f9e956fc360>), regressor__model__batch_size=512, regressor__model__epochs=50, regressor__model__hidden_layer_sizes=(128, 64), regressor__model__learning_rate=0.0005; total time=   0.8s
[CV] END regressor__feature_sel=SelectKBest(k=400, score_func=<function f_regression at 0x7f9e956fc360>), regressor__model__batch_size=512, regressor__model__epochs=50, regressor__model__hidden_layer_sizes=(128, 64), regressor__model__learning_rate=0.0005; total time=   0.8s
[CV] END regressor__feature_sel=SelectKBest(k=400, score_func=<function f_regression at 0x7f9e956fc360>), regressor__model__batch_size=512, regressor__model__epochs=50, regressor__model__hidden_layer_sizes=(128, 64), regressor__model__learning_rate=0.0005; total time=   0.6s
[CV] END regressor__feature_sel=SelectKBest(k=400, score_func=<function f_regression at 0x7f9e956fc360>), regressor__model__batch_size=512, regressor__model__epochs=50, regressor__model__hidden_layer_sizes=(128, 64), regressor__model__learning_rate=0.0005; total time=   0.8s
[CV] END regressor__feature_sel=SelectKBest(k=400, score_func=<function f_regression at 0x7f9e956fc360>), regressor__model__batch_size=512, regressor__model__epochs=50, regressor__model__hidden_layer_sizes=(256, 128), regressor__model__learning_rate=0.001; total time=   0.7s
[CV] END regressor__feature_sel=SelectKBest(k=400, score_func=<function f_regression at 0x7f9e956fc360>), regressor__model__batch_size=512, regressor__model__epochs=50, regressor__model__hidden_layer_sizes=(256, 128), regressor__model__learning_rate=0.001; total time=   0.7s
[CV] END regressor__feature_sel=SelectKBest(k=400, score_func=<function f_regression at 0x7f9e956fc360>), regressor__model__batch_size=512, regressor__model__epochs=50, regressor__model__hidden_layer_sizes=(256, 128), regressor__model__learning_rate=0.001; total time=   0.8s
[CV] END regressor__feature_sel=SelectKBest(k=400, score_func=<function f_regression at 0x7f9e956fc360>), regressor__model__batch_size=512, regressor__model__epochs=50, regressor__model__hidden_layer_sizes=(256, 128), regressor__model__learning_rate=0.001; total time=   0.9s
[CV] END regressor__feature_sel=SelectKBest(k=400, score_func=<function f_regression at 0x7f9e956fc360>), regressor__model__batch_size=512, regressor__model__epochs=50, regressor__model__hidden_layer_sizes=(256, 128), regressor__model__learning_rate=0.001; total time=   0.8s
[CV] END regressor__feature_sel=SelectKBest(k=400, score_func=<function f_regression at 0x7f9e956fc360>), regressor__model__batch_size=512, regressor__model__epochs=50, regressor__model__hidden_layer_sizes=(256, 128), regressor__model__learning_rate=0.0005; total time=   0.7s
[CV] END regressor__feature_sel=SelectKBest(k=400, score_func=<function f_regression at 0x7f9e956fc360>), regressor__model__batch_size=512, regressor__model__epochs=50, regressor__model__hidden_layer_sizes=(256, 128), regressor__model__learning_rate=0.0005; total time=   0.9s
[CV] END regressor__feature_sel=SelectKBest(k=400, score_func=<function f_regression at 0x7f9e956fc360>), regressor__model__batch_size=512, regressor__model__epochs=50, regressor__model__hidden_layer_sizes=(256, 128), regressor__model__learning_rate=0.0005; total time=   0.6s
[CV] END regressor__feature_sel=SelectKBest(k=400, score_func=<function f_regression at 0x7f9e956fc360>), regressor__model__batch_size=512, regressor__model__epochs=50, regressor__model__hidden_layer_sizes=(256, 128), regressor__model__learning_rate=0.0005; total time=   0.9s
[CV] END regressor__feature_sel=SelectKBest(k=400, score_func=<function f_regression at 0x7f9e956fc360>), regressor__model__batch_size=512, regressor__model__epochs=50, regressor__model__hidden_layer_sizes=(256, 128), regressor__model__learning_rate=0.0005; total time=   0.7s
[CV] END regressor__feature_sel=RFE(estimator=LinearRegression(n_jobs=-1), n_features_to_select=150, step=0.1), regressor__model__batch_size=256, regressor__model__epochs=30, regressor__model__hidden_layer_sizes=(64, 32), regressor__model__learning_rate=0.001; total time=  12.4s
[CV] END regressor__feature_sel=RFE(estimator=LinearRegression(n_jobs=-1), n_features_to_select=150, step=0.1), regressor__model__batch_size=256, regressor__model__epochs=30, regressor__model__hidden_layer_sizes=(64, 32), regressor__model__learning_rate=0.001; total time=   4.2s
[CV] END regressor__feature_sel=RFE(estimator=LinearRegression(n_jobs=-1), n_features_to_select=150, step=0.1), regressor__model__batch_size=256, regressor__model__epochs=30, regressor__model__hidden_layer_sizes=(64, 32), regressor__model__learning_rate=0.001; total time=   2.5s
[CV] END regressor__feature_sel=RFE(estimator=LinearRegression(n_jobs=-1), n_features_to_select=150, step=0.1), regressor__model__batch_size=256, regressor__model__epochs=30, regressor__model__hidden_layer_sizes=(64, 32), regressor__model__learning_rate=0.001; total time=   1.6s
[CV] END regressor__feature_sel=RFE(estimator=LinearRegression(n_jobs=-1), n_features_to_select=150, step=0.1), regressor__model__batch_size=256, regressor__model__epochs=30, regressor__model__hidden_layer_sizes=(64, 32), regressor__model__learning_rate=0.001; total time=   2.0s
[CV] END regressor__feature_sel=RFE(estimator=LinearRegression(n_jobs=-1), n_features_to_select=150, step=0.1), regressor__model__batch_size=256, regressor__model__epochs=30, regressor__model__hidden_layer_sizes=(64, 32), regressor__model__learning_rate=0.0005; total time=   4.3s
[CV] END regressor__feature_sel=RFE(estimator=LinearRegression(n_jobs=-1), n_features_to_select=150, step=0.1), regressor__model__batch_size=256, regressor__model__epochs=30, regressor__model__hidden_layer_sizes=(64, 32), regressor__model__learning_rate=0.0005; total time=  12.5s
[CV] END regressor__feature_sel=RFE(estimator=LinearRegression(n_jobs=-1), n_features_to_select=150, step=0.1), regressor__model__batch_size=256, regressor__model__epochs=30, regressor__model__hidden_layer_sizes=(64, 32), regressor__model__learning_rate=0.0005; total time=  12.4s
[CV] END regressor__feature_sel=RFE(estimator=LinearRegression(n_jobs=-1), n_features_to_select=150, step=0.1), regressor__model__batch_size=256, regressor__model__epochs=30, regressor__model__hidden_layer_sizes=(64, 32), regressor__model__learning_rate=0.0005; total time=  11.2s
[CV] END regressor__feature_sel=RFE(estimator=LinearRegression(n_jobs=-1), n_features_to_select=150, step=0.1), regressor__model__batch_size=256, regressor__model__epochs=30, regressor__model__hidden_layer_sizes=(64, 32), regressor__model__learning_rate=0.0005; total time=  12.4s
[CV] END regressor__feature_sel=RFE(estimator=LinearRegression(n_jobs=-1), n_features_to_select=150, step=0.1), regressor__model__batch_size=256, regressor__model__epochs=30, regressor__model__hidden_layer_sizes=(128, 64), regressor__model__learning_rate=0.001; total time=  12.5s
[CV] END regressor__feature_sel=RFE(estimator=LinearRegression(n_jobs=-1), n_features_to_select=150, step=0.1), regressor__model__batch_size=256, regressor__model__epochs=30, regressor__model__hidden_layer_sizes=(128, 64), regressor__model__learning_rate=0.001; total time=  12.4s
[CV] END regressor__feature_sel=RFE(estimator=LinearRegression(n_jobs=-1), n_features_to_select=150, step=0.1), regressor__model__batch_size=256, regressor__model__epochs=30, regressor__model__hidden_layer_sizes=(128, 64), regressor__model__learning_rate=0.001; total time=  12.3s
[CV] END regressor__feature_sel=RFE(estimator=LinearRegression(n_jobs=-1), n_features_to_select=150, step=0.1), regressor__model__batch_size=256, regressor__model__epochs=30, regressor__model__hidden_layer_sizes=(128, 64), regressor__model__learning_rate=0.001; total time=  11.2s
