2025-11-17 18:07:50.922203: E external/local_xla/xla/stream_executor/cuda/cuda_dnn.cc:9261] Unable to register cuDNN factory: Attempting to register factory for plugin cuDNN when one has already been registered
2025-11-17 18:07:50.922908: E external/local_xla/xla/stream_executor/cuda/cuda_fft.cc:607] Unable to register cuFFT factory: Attempting to register factory for plugin cuFFT when one has already been registered
2025-11-17 18:07:50.982893: E external/local_xla/xla/stream_executor/cuda/cuda_blas.cc:1515] Unable to register cuBLAS factory: Attempting to register factory for plugin cuBLAS when one has already been registered
2025-11-17 18:08:10.152565: E external/local_xla/xla/stream_executor/cuda/cuda_dnn.cc:9261] Unable to register cuDNN factory: Attempting to register factory for plugin cuDNN when one has already been registered
2025-11-17 18:08:10.152665: E external/local_xla/xla/stream_executor/cuda/cuda_fft.cc:607] Unable to register cuFFT factory: Attempting to register factory for plugin cuFFT when one has already been registered
2025-11-17 18:08:10.153402: E external/local_xla/xla/stream_executor/cuda/cuda_blas.cc:1515] Unable to register cuBLAS factory: Attempting to register factory for plugin cuBLAS when one has already been registered
2025-11-17 18:08:15.544596: I tensorflow/core/common_runtime/gpu/gpu_device.cc:1929] Created device /job:localhost/replica:0/task:0/device:GPU:0 with 38366 MB memory:  -> device: 0, name: NVIDIA A100-SXM4-40GB, pci bus id: 0000:af:00.0, compute capability: 8.0
Traceback (most recent call last):
  File "/projects/F202500002HPCVLABISTUL/Mehmet1700/MachineLearningProject-NOVAIMS2025/NN-Notebooks/main.py", line 291, in <module>
    run_training(
  File "/projects/F202500002HPCVLABISTUL/Mehmet1700/MachineLearningProject-NOVAIMS2025/NN-Notebooks/main.py", line 160, in run_training
    search.fit(X_full, y_full)
  File "/projects/F202500002HPCVLABISTUL/Mehmet1700/MachineLearningProject-NOVAIMS2025/.venv/lib/python3.11/site-packages/sklearn/base.py", line 1365, in wrapper
    return fit_method(estimator, *args, **kwargs)
           ^^^^^^^^^^^^^^^^^^^^^^^^^^^^^^^^^^^^^^
  File "/projects/F202500002HPCVLABISTUL/Mehmet1700/MachineLearningProject-NOVAIMS2025/.venv/lib/python3.11/site-packages/sklearn/model_selection/_search.py", line 1051, in fit
    self._run_search(evaluate_candidates)
  File "/projects/F202500002HPCVLABISTUL/Mehmet1700/MachineLearningProject-NOVAIMS2025/.venv/lib/python3.11/site-packages/sklearn/model_selection/_search.py", line 1605, in _run_search
    evaluate_candidates(ParameterGrid(self.param_grid))
  File "/projects/F202500002HPCVLABISTUL/Mehmet1700/MachineLearningProject-NOVAIMS2025/.venv/lib/python3.11/site-packages/sklearn/model_selection/_search.py", line 997, in evaluate_candidates
    out = parallel(
          ^^^^^^^^^
  File "/projects/F202500002HPCVLABISTUL/Mehmet1700/MachineLearningProject-NOVAIMS2025/.venv/lib/python3.11/site-packages/sklearn/utils/parallel.py", line 82, in __call__
    return super().__call__(iterable_with_config_and_warning_filters)
           ^^^^^^^^^^^^^^^^^^^^^^^^^^^^^^^^^^^^^^^^^^^^^^^^^^^^^^^^^^
  File "/eb/x86_64/software/Python-bundle-PyPI/2023.06-GCCcore-12.3.0/lib/python3.11/site-packages/joblib/parallel.py", line 1085, in __call__
    if self.dispatch_one_batch(iterator):
       ^^^^^^^^^^^^^^^^^^^^^^^^^^^^^^^^^
  File "/eb/x86_64/software/Python-bundle-PyPI/2023.06-GCCcore-12.3.0/lib/python3.11/site-packages/joblib/parallel.py", line 901, in dispatch_one_batch
    self._dispatch(tasks)
  File "/eb/x86_64/software/Python-bundle-PyPI/2023.06-GCCcore-12.3.0/lib/python3.11/site-packages/joblib/parallel.py", line 819, in _dispatch
    job = self._backend.apply_async(batch, callback=cb)
          ^^^^^^^^^^^^^^^^^^^^^^^^^^^^^^^^^^^^^^^^^^^^^
  File "/eb/x86_64/software/Python-bundle-PyPI/2023.06-GCCcore-12.3.0/lib/python3.11/site-packages/joblib/_parallel_backends.py", line 208, in apply_async
    result = ImmediateResult(func)
             ^^^^^^^^^^^^^^^^^^^^^
  File "/eb/x86_64/software/Python-bundle-PyPI/2023.06-GCCcore-12.3.0/lib/python3.11/site-packages/joblib/_parallel_backends.py", line 597, in __init__
    self.results = batch()
                   ^^^^^^^
  File "/eb/x86_64/software/Python-bundle-PyPI/2023.06-GCCcore-12.3.0/lib/python3.11/site-packages/joblib/parallel.py", line 288, in __call__
    return [func(*args, **kwargs)
           ^^^^^^^^^^^^^^^^^^^^^^
  File "/eb/x86_64/software/Python-bundle-PyPI/2023.06-GCCcore-12.3.0/lib/python3.11/site-packages/joblib/parallel.py", line 288, in <listcomp>
    return [func(*args, **kwargs)
            ^^^^^^^^^^^^^^^^^^^^^
  File "/projects/F202500002HPCVLABISTUL/Mehmet1700/MachineLearningProject-NOVAIMS2025/.venv/lib/python3.11/site-packages/sklearn/utils/parallel.py", line 147, in __call__
    return self.function(*args, **kwargs)
           ^^^^^^^^^^^^^^^^^^^^^^^^^^^^^^
  File "/projects/F202500002HPCVLABISTUL/Mehmet1700/MachineLearningProject-NOVAIMS2025/.venv/lib/python3.11/site-packages/sklearn/model_selection/_validation.py", line 859, in _fit_and_score
    estimator.fit(X_train, y_train, **fit_params)
  File "/projects/F202500002HPCVLABISTUL/Mehmet1700/MachineLearningProject-NOVAIMS2025/.venv/lib/python3.11/site-packages/sklearn/base.py", line 1365, in wrapper
    return fit_method(estimator, *args, **kwargs)
           ^^^^^^^^^^^^^^^^^^^^^^^^^^^^^^^^^^^^^^
  File "/projects/F202500002HPCVLABISTUL/Mehmet1700/MachineLearningProject-NOVAIMS2025/.venv/lib/python3.11/site-packages/sklearn/compose/_target.py", line 293, in fit
    self.regressor_.fit(X, y_trans, **routed_params.regressor.fit)
  File "/projects/F202500002HPCVLABISTUL/Mehmet1700/MachineLearningProject-NOVAIMS2025/.venv/lib/python3.11/site-packages/sklearn/base.py", line 1365, in wrapper
    return fit_method(estimator, *args, **kwargs)
           ^^^^^^^^^^^^^^^^^^^^^^^^^^^^^^^^^^^^^^
  File "/projects/F202500002HPCVLABISTUL/Mehmet1700/MachineLearningProject-NOVAIMS2025/.venv/lib/python3.11/site-packages/sklearn/pipeline.py", line 663, in fit
    self._final_estimator.fit(Xt, y, **last_step_params["fit"])
  File "/projects/F202500002HPCVLABISTUL/Mehmet1700/MachineLearningProject-NOVAIMS2025/.venv/lib/python3.11/site-packages/scikeras/wrappers.py", line 770, in fit
    self._fit(
  File "/projects/F202500002HPCVLABISTUL/Mehmet1700/MachineLearningProject-NOVAIMS2025/.venv/lib/python3.11/site-packages/scikeras/wrappers.py", line 928, in _fit
    self._ensure_compiled_model()
  File "/projects/F202500002HPCVLABISTUL/Mehmet1700/MachineLearningProject-NOVAIMS2025/.venv/lib/python3.11/site-packages/scikeras/wrappers.py", line 439, in _ensure_compiled_model
    if not self.model_.compiled:
           ^^^^^^^^^^^^^^^^^^^^
AttributeError: 'Functional' object has no attribute 'compiled'. Did you mean: 'compile'?
